@@@PAGE 1
更多冲刺资料，去公众号：考研路透社，私信：冲刺
2026考研政治
终极预测4套卷
答案及解析
国开研学
微信小程序
微信公众号
二维码
CS
扫描全能王
3亿人都在用的扫描APP
@@@PAGE 2
2026考研政治终极预测4套卷（一）答案及解析
2026考研政治终极预测4套卷（一）答案及解析
答案速查
一、单项选择题
11
12
10
13
16
二、多项选择题
17
22
19
20
18
AC
AB
ABCD
ABD
21
ACD
ACD
28
23
AB
25
24
26
ABC
BCD
ABCD
ABCD
ABC
29
30
31
32
ACD
ABC
ABCD
ACD
33
ABCD
单项选择题
1. 答案 A
简析马克思主义是引领当代中国实践的行动指南。马克思主义是我们的“看家本领”,掌握了这
一本领,就能够以更宽广的视野、更长远的眼光来思考和把握未来发展面临的一系列重大问题,
应对重大挑战,抵御重大风险,克服重大阻力,解决重大矛盾。拥有马克思主义科学理论指导是
我们党坚定信仰信念、把握历史主动的根本所在。A正确。
2. 答案 B
简析规律具有重复性。只要具备一定的条件,某种合乎规律的联系就以一种不可抗拒的趋势重
复出现,发生作用。规律具有稳定性。世界上的事物和现象总是千差万别、变化不定的,但规律
却是变化不定的现象中隐含着的相对稳定的东西。正是因为自然规律具有重复性和稳定性,人
们在掌握了正确反映自然规律的“二十四节气”后,沿用至今,依然能在现实中获得与预想基本一
致的结果。B正确。割裂真理的绝对性与相对性的辩证关系,就会走向形而上学的真理观,即绝
对主义和相对主义。绝对主义又称独断论,片面夸大真理的绝对性,否认真理的相对性,认为真
的道路。A错误。离开实践的认识是不可能产生的。一切真知都是从直接经验发源的。C错误。
实践具有直接现实性，认识只有通过实践才能变成直接的、实实在在的现实。D错误。
3. 答案C
简析在资本主义条件下,劳动是否是生产性的,并不取决于劳动是生产物质产品还是提供服务，而
取决于劳动能否为资本家带来剩余价值,只有创造剩余价值的劳动才是生产性劳动。C正确。
4. 答案 B
简析从1918年夏到1921年春,列宁领导的苏维埃政权实行了以余粮收集制和取准
CS
扫描全能王
3忆人都在用的扫描APP
@@@PAGE 3
更多冲刺资料，去公众号：考研路透社，私信：冲刺
2026考研政治终极预测④套卷
系为主要特征的战时共产主义政策。1921年3月，俄共(布)召开十大，毅然决定从战时共产主义
政策过渡到实行以发展商品经济为主要特征的新经济政策。其主要内容有：用粮食税制取代余
粮收集制,允许私人自由贸易，恢复商品货币关系,允许私人小工业企业发展,采取一些国家资本
主义的形式来发展生产。B正确。
5. 答案 A
的关于新民主主义革命的基本思想,标志着毛泽东思想开始萌芽。A正确。毛泽东提出并深人阐
述的农村包围城市、武装夺取政权的思想,对红军和农村革命根据地的建立、巩固和发展发挥着
根本指导作用,标志着毛泽东思想的初步形成；《反对本本主义》是毛泽东写于 1930 年土地革命
战争时期(不是大革命时期)的著作;1938 年在党的六届六中全会上毛泽东明确提出了马克思主
义中国化的命题。B、C、D错误。
点拨注意区分：毛泽东思想的开始萌芽/初步形成/走向成熟/继续发展。毛泽东思想在大革命
时期开始萌芽，在土地革命战争时期初步形成，在抗日战争时期走向成熟，并在解放战争时期
和中华人民共和国成立后继续发展。中共七大把毛泽东思想确立为党的指导思想并写入党章。
6. 答案 C
简析《论十大关系》的报告确定了一个基本方针,就是“努力把党内党外、国内国外的一切积极
的因素,直接的、间接的积极因素全部调动起来”为社会主义建设服务。调动一切积极因素为社
会主义事业服务,是党关于社会主义建设的一条极为重要的方针,对于最大限度地团结全国各族
人民,为建设社会主义现代化国家而奋斗,具有长远的指导意义。C正确。
7. 答案 B
简析加快实现高水平科技自立自强,是推动高质量发展的必由之路;加快构建新发展格局，是推
动高质量发展的战略基点；推进农业现代化是实现高质量发展的必然要求；更好统筹质的有效提
升和量的合理增长是推动高质量发展的重要举措。B正确,A、C、D错误。
8. 答案 B
简析《中共中央关于制定国民经济和社会发展第十五个五年规划的建议》指出,对接国际高标准
经贸规则,以服务业为重点,扩大市场准入和开放领域,扩大单边开放领域和区域。B正确。
点拨2025年3月28日，习近平在会见国际工商界代表时指出，降低市场准入门槛是我们接下来
扩大开放的重点。2025年，我们将扩大一些方面开放试点，还将加快文化、教育等领域的
开放。
9. 答案 A
简析中共中央政治局于2025年9月29日就系统推进我国宗教中国化进行第二十二次集体学
习。习近平指出，依法治理宗教事务，是正确处理宗教领域各种矛盾和问题的根本途径。要完善
相关法规和政策,深人开展法治宣传教育，推动严格执法，切实提高宗教工作法治化水平。A
正确。
10. 答案 D
简析历次的反侵略战争，都是以中国失败、中国政府被迫签订丧权辱国的条约而告结束的。其
原因,从中国内部因素来分析,主要有以下两个方面：一是社会制度的腐败,二是
CS
扫描全能王
48
3忆人都在用的扫描APP
@@@PAGE 4
更多冲刺资料，去公众号：考研路透社，私信：冲刺
2026 考研政治终极预测4套卷（一）
答案及解析
后。而前者则是更根本的原因。正是社会制度的腐败,才使得经济技术落后的状况长期得不到
改变。腐败的中国半殖民地半封建的社会制度，阻碍了中国人民群众的广泛动员和抵抗，这是
近代中国反侵略战争屡遭失败的最重要的原因。D正确。近代中国反侵略战争失败的另一个
重要原因,是国家综合实力特别是经济技术和作战能力的落后。A、B、C 错误。
11. 答案 C
简析新文化运动的倡导者通过批判孔学,动摇了封建正统思想的统治地位,在中国社会掀起一
股思想解放的潮流。新文化运动的倡导者批判孔学,是为了给中国发展资本主义扫清障碍。C
正确。新文化运动提倡民主和科学,搞新文化运动,并不是要否定中国的全部传统文化。A 错
误。五四运动促进了马克思主义在中国的传播及其同中国工人运动的结合。B错误。新文化运
动是在1915 年开始的,清政府这个“洋人的朝廷”早已被推翻。D错误。
12. 答案 D
[简析1945年10月25 日,中国政府在台湾举行受降仪式。被日本占领 50 年之久的台湾以及澎
湖列岛,重归中国主权管辖。这是抗日战争取得完全胜利的重要标志。D 正确。联合国制宪会
议于 1945年4月至6月在美国旧金山举行,包括中国解放区代表董必武在内的中国代表团出席
了会议,会议签署了《联合国宪章》,中国成为联合国的创始国和五个常任理事国之一。7月26
日,中、美、英三国发表《波茨坦公告》,敦促日本投降。8月15日，日本天皇裕仁发布《终战诏
书》，日本无条件投降。9月2日,日本天皇和政府以及日本大本营的代表在东京湾美军军舰密
苏里号上签署向同盟国的投降书,侵华日军128万人向中国投降。至此,中国人民的14年抗日
战争胜利结束,世界反法西斯战争也胜利结束。9月3日成为中国人民抗日战争胜利纪念日。
A、B、C 都不符合题意,
13. 答案 D
简析抗美援朝战争的伟大胜利,是中国人民站起来后屹立于世界东方的宣言书,是中华民族走
向伟大复兴的重要里程碑。D正确。中国人民抗日战争是20 世纪中国和人类历史上的重大事
件。这一伟大胜利,是近代以来中国人民反抗外敌人侵第一次取得完全胜利的民族解放斗争,是
中华民族从近代以来陷入深重危机走向伟大复兴的历史转折点。A、B错误。新民主主义革命的胜
利,中华人民共和国的成立,彻底结束了旧中国一盘散沙的局面。C错误。
14.答案B
简析
法律权利不仅由法律规定或认可,而且受法律维护或保障,具有不可侵犯性。由国家强制力
保障其实现,这是法律权利区别于其他权利的根本所在。B正确,A、C、D都不符合题意，
15. 答案 C
简析习近平在《关于<中共中央关于制定国民经济和社会发展第十五个五年规划的建议》的说
明》中指出,在《建议》稿起草过程中,我们坚持目标导向和问题导向,立足于夯实基础、全面发力
的基本定位,以为基本实现社会主义现代化目标奠定更加坚实的基础为着眼点进行系统谋划，
以有力有序有效应对世界百年变局的新形势和发展中突出问题为着力点补短板、强弱项。C 正
确，D错误。推动经济实现质的有效提升和量的合理增长，推动人的全面发展、全体人民共同富
裕迈出坚实步伐,是《建议》指导方针的内容。A、B 错误。
CS
扫描全能王
3忆人都在用的扫描APP
@@@PAGE 5
2026考研政治终极预测④套卷
16. [答案 A
简析上合组织天津峰会的最大亮点是习近平主席提出全球治理倡议,A正确。B、C、D 也是这
次会议取得的八大成果的内容,不符合题意。
二、多项选择题
17.答案ABCD
简析“两点论”是指在分析事物的矛盾时,不仅要看到矛盾双方的对立,而且要看到矛盾双方的
统一;不仅要看到矛盾体系中存在主要矛盾、矛盾的主要方面,而且要看到次要矛盾、矛盾的次
要方面。“重点论”是指要着重把握主要矛盾、矛盾的主要方面,并以此作为解决问题的出发点。
“两点论”和“重点论”的统一要求我们,看问题既要全面地看,又要看主流、大势、发展趋势。对
待人工智能,既要看到人工智能带来机遇的一面,也要看到人工智能带来风险的一面。A正确。
事物的现象错综复杂,而且事物的本质有一个逐渐暴露、逐渐展开的过程,所以，人们对事物本
质的认识不是一次完成的,而是一个不断深化的过程。对于人工智能发展趋势和规律的认识也
是一个逐渐深化的过程,B正确。底线思维是我们在认识世界和改造世界的过程中,根据我们的
需要和客观的条件,划清并坚守底线，尽力化解风险，避免最坏结果，同时争取实现最大期望值
的一种积极的思维。人工智能带来了前所未遇的风险挑战,因此底线思维在人工智能治理领域
有其特殊重要性。C 正确。任何成功的实践都是真理尺度和价值尺度的统一,是合规律性和合
目的性的统一。D 正确。
18. 答案 AC
简析认识必然和争取自由,是人类认识世界和改造世界的根本目标,是一个历史性的过程。A
正确。自由不在于幻想中摆脱自然规律而独立,而在于认识这些规律,从而能够有计划地使自
然规律为一定的目的服务。因此,人对一定问题的判断越是自由,这个判断的内容所具有的必
然性就越大。C正确。自由是相对的,不是绝对的。彻底的、绝对的自由是根本不存在的，人所
享有的自由总是相对的。B错误。自由是具体的、历史的。任何实践都是一定历史阶段的具体
实践,因而由主客观条件制约的自由也必然是具体的、历史的,超越社会发展阶段、超越实践能
力与实践发展水平的自由是不可能实现的。D错误。
19.答案ABD
简析
自然规律和社会规律都具有不以人的意志为转移的客观性。历史规律不以任何个人、阶
级以至整个人类的意志为转移。A、D正确。不管什么样的历史人物,在历史上发挥什么样的作
用,都要受到社会发展客观规律的制约,而不能决定和改变历史发展的总进程和总方向。B 正
确。唯物史观认为,人不是抽象的而是现实的,现实的人及其活动是社会历史存在和发展的前
提。C错误。
20.答案ACD
简析资本主义发展到一定阶段，就会发生以生产过剩为基本特征的经济危机。当经济危机发
生时,大量商品积压,大批生产企业减产或停工,许多金融机构倒闭,整个社会经济生活一片混
乱。生产过剩是资本主义经济危机的本质特征，但是这种过剩是相对过剩，即相对于劳动人民
有支付能力的需求来说社会生产的商品显得过剩,而不是与劳动人民的实际
剩。经济危机的抽象的一般的可能性，首先是由货币作为流通手段和支付三
CS
扫描全能王
3忆人都在用的扫描APP
50
@@@PAGE 6
2026考研政治终极预测4套卷（一）
答案及解析
这仅仅是危机在形式上的可能性。资本主义经济危机爆发的根本原因是资本主义的基本矛盾。
只要存在资本主义制度,经济危机就是不可避免的。A、C、D正确。资本主义经济危机具有周期
性,这是由资本主义基本矛盾运动的阶段性决定的。B错误。
点拨注意另一个提法：资本主义经济危机周期性爆发的特点，使社会资本再生产也呈现出周
期性的特点。
21. 答案 AB
简析利润转化为平均利润,价值也就转化为生产价格。生产价格是商品价值的转化形式,是生
产成本与平均利润之和。A正确。生产价格是价值的转化形式,商品按照生产价格而不是价值
出售并不违背价值规律，而是价值规律的实现形式发生了变化。虽然从个别部门来看，资本家
获得的平均利润与本部门工人创造的剩余价值可能不一致,但从全社会来看,整个资本家阶级
获得的利润总额与雇佣工人所创造的剩余价值总额是相等的。B正确,D错误。生产价格随着
商品价值的变化而变动,生产商品的社会必要劳动时间减少,生产价格就会降低；反之,生产价
格就会提高。C错误。
22.答案 ACD
简析1938年，毛泽东在党的六届六中全会上作了《论新阶段》的报告,强调：“没有抽象的马克
思主义,只有具体的马克思主义马克思主义的中国化,使之在其每一表现中带着中国的特
性,即是说,按照中国的特点去应用它,成为全党驱待了解并函须解决的问题。”这标志着“马克
思主义的中国化”这一命题的正式提出。A、C、D 正确。马克思主义强调理论联系实际,而不是
让实践符合理论。B错误。
23. 答案 AB
简析2025年11月6日,习近平在海南省三亚市听取海南自由贸易港建设工作汇报。在这次汇
报会上，习近平阐述了背后的深刻考量：“高标准建设海南自由贸易港,主要目的是促进海南高
质量发展,助力全国构建新发展格局。”A、B正确。11月9日,习近平主席会见来华出席第十五
届全国运动会开幕式的国际奥委会主席考文垂和终身名誉主席巴赫。习近平强调,全运会是中
国最大规模、最高水平的综合性运动会，这届全运会由广东、香港、澳门三地合办。粤港澳大湾
区是中国开放程度最高、经济活力最强的区域之一。推进粤港澳大湾区建设,就是要打造中国
新发展格局的战略支点、高质量发展的示范地、中国式现代化的引领地。C、D错误。
24. 答案 ABC
简析A、B、C正确。发挥市场在资源配置中的决定性作用,并不是让市场起全部作用。应当看
到,市场并不是万能的,在产业布局、公共产品供给、市场秩序维护等领域存在天然失灵。政府
必须坚持有所为、有所不为,弥补市场失灵和无力涉及的领域。D错误。
25.答案 ABCD
党和国家对民营经济发展的方针政策，我们党理论和实践是一脉相承、与时俱进的。党和国家
对民营经济发展的基本方针政策，概括起来就是：中国共产党领导人民发展社会主义市场经济，
非公有制经济是我国社会主义市场经济的重要组成部分，受宪法和法律保护；党和国家坚持和
完善社会主义基本经济制度,毫不动摇巩固和发展公有制经济,毫不动摇鼓励、支
CS
扫描全能王
3亿人都在用的扫描APP
@@@PAGE 7
2026考研政治终极预测4套卷
有制经济发展；党和国家保证各种所有制经济依法平等使用生产要素、公平参与市场竞争、同等
受到法律保护，促进各种所有制经济优势互补、共同发展，促进非公有制经济健康发展和非公有
制经济人士健康成长。这些基本方针政策已经纳入中国特色社会主义制度体系，宪法和党章都
有明确体现,我们将一以贯之坚持和落实,不能变,也不会变。我们谈促进民营经济发展，这是
一个基本的大前提。A、B、C、D全选。
26.答案ABCD
指出,实现碳达峰碳中和,是中国破解资源环境约束突出问题、实现可持续发展的内在要求；是
中国顺应技术进步趋势、推动经济结构转型升级的必然选择；是中国满足人民群众日益增长的
优美生态环境需求、促进人与自然和谐共生的迫切需要；是中国担当大国责任、推动构建人类命
运共同体的主动作为。中国将碳达峰碳中和作为国家战略,广泛深人开展碳达峰行动,加快经
济社会发展全面绿色转型,走出了一条生态优先、绿色低碳的发展道路。A、B、C、D全选。
27.答案BCD
简析B、C、D正确。中国在中日甲午战争前已经陷入边疆危机”。19世纪70至80年代,列强
从侵占中国周边邻国发展到蚕食中国边疆地区,使中国陷人“边疆危机”。英国从印度侵人西
藏,又从缅甸入侵云南。法国则从越南侵犯广西。俄国从中亚入侵新疆。日本吞并琉球，侵犯
中国台湾。A错误。
点拨帝国主义列强对中国的争夺和瓜分的图谋，在1894年中日甲午战争爆发后达到高潮，表
现在列强竞相租借港湾和划分势力范围，中国陷入“瓜分危机”。注意区分“边疆危机”和
“瓜分危机”。
28.
答案ABC
简析1935年12月，中共中央在陕北瓦密堡召开政治局扩大会议,提出党的基本策略任务是建
立广泛的抗日民族统一战线,批评了党内长期存在的“左”倾冒险主义、关门主义错误倾向。瓦
窑堡会议是从第五次反“围剿”失败到全民族抗战兴起过程中召开的一次重要会议，它表明党已
经克服“左”倾冒险主义和关门主义，制定出抗日民族统一战线的新策略,使党在新的历史时期
将要到来时掌握了政治上的主动权；表明党在遵义会议着重解决军事路线问题和组织问题之
后,开始努力解决政治路线问题；表明党在总结经验教训的基础上,正在从中国的实际情况出
发,创造性地开展工作。A、B、C正确。延安整风运动是一次深刻的马克思主义思想教育运动，
也是一场思想解放运动。它坚持马克思主义同中国实际相结合的正确方向，使实事求是的思想
路线在全党范围确立起来。D错误。
29.答案ACD
简析》2021年一2025年的“十四五”时期，我国发展历程极不寻常、极不平凡。面对错综复杂的
国际形势和艰巨繁重的国内改革发展稳定任务，以习近平同志为核心的党中央团结带领全党全
国各族人民,迎难而上、砥砺前行,经受住世纪疫情严重冲击,有效应对一系列重大风险挑战,推
动党和国家事业取得新的重大成就。我国经济实力、科技实力、综合国力跃上新台阶，中国式现
代化迈出新的坚实步伐,第二个百年奋斗目标新征程实现良好开局。A、C、D 正确。人均国内生
产总值达到中等发达国家水平,是2035年我国基本实现社会主义现代化的一个重要标志性指
标。B错误。
CS
扫描全能王
52
3忆人都在用的扫描APP
@@@PAGE 8
2026考研政治终极预测4套卷（一）答案及解析
30.答案ABCD
简析社会主义核心价值观体现了社会主义意识形态的本质要求，体现了社会主义制度在思想
精神层面的质的规定性，以其先进性、人民性、真实性站在人类道义制高点上,彰显出独特而强
大的价值观优势。社会主义核心价值观具有超越以往一切社会核心价值观的先进性，它集中体
现了社会主义的本质属性,扎根于中华优秀传统文化的土壤，吸收借鉴了一切人类优秀文化的
先进价值,是反映人类社会发展进步的价值理念。A、B、C、D全选。
31.答案ABC
来,发挥好立法引导、推动、规范、保障改革的“稳定器”作用。立法主动适应改革需要，确保改革
于法有据,改革创新大胆试、大胆闯、自主改就更有底气。实践证明行之有效的举措和经验,也
应及时上升为法律法规。耕好改革“试验田”,立法工作除了要做好“加法”,还要做好“减法”。
对不适应改革要求的现行法律法规,能修改的则及时修改,宜废止的则及时废止。防止不合时
宜的法规条款束缚改革步伐、迟滞改革进程,有助于增强改革决心、排除改革阻力、巩固改革成
果。AB、C 正确。我国立法贯彻公正、公平、公开原则,坚持科学立法、民主立法、依法立法,表
达人民的共同意志和诉求。立法活动必须遵循法定程序。就全国人民代表大会的立法程序而
言,大体包括法律案的提出、法律案的审议、法律案的表决和法律的公布四个环节。D错误。
32.
答案ACD
简析习近平强调,纪念中国人民抗日战争暨世界反法西斯战争胜利80 周年活动,是一次庄严
隆重、大气磅、震撼人心、激励奋进的抗战纪念盛典,进一步弘扬了伟大抗战精神,进一步坚定
了全面推进强国建设、民族复兴伟业的信念信心，进一步展示了推动构建人类命运共同体的责
任担当。A、C、D 正确,B 错误。
33.
答案ABCD
简析2
2025年11月21日,中国常驻联合国代表傅聪致函联合国秘书长古特雷斯,就日本首相高
市早苗涉华错误言行阐明中国政府立场。傅聪在致函中表示，日本首相高市早苗在国会答辩时
公然发表涉台露骨挑言论。这是1945年日本战败以来日方领导人首次在正式场合鼓吹所谓
“台湾有事就是日本有事”并与行使集体自卫权相关联,首次在台湾问题上表达试图武装介人的
野心，首次对中国发出武力威胁,公然挑战中方核心利益。有关言论极其错误、极为危险，性质
影响极其恶劣。在中方多次严正交涉和强烈抗议后，日方仍不思悔改，拒不撤回错误言论。中
方对此强烈不满、坚决反对。
傅聪在致函中表示,高市早苗有关言论严重违反国际法和国际关系基本准则，严重破坏战
的神圣领土,如何解决台湾问题是中国人自己的事,不容任何外来干涉。如日方胆敢武力介人
台海局势,将构成侵略行为，中方将坚决行使《联合国宪章》和国际法赋予的自卫权,坚定捍卫国
家主权和领土完整。作为二战战败国，日方必须深刻反省历史罪责,恪守对于台湾问题做出的
政治承诺,立即停止挑越线,收回错误言论。该函将作为联合国大会正式文件,向全体会员国
散发。A、B、C、D 全选。
CS
扫描全能王
3亿人都在用的扫描APP
@@@PAGE 9
2026考研政治终极预测④套卷
三、材料分析题
34. 参考答案
(1)科学技术是推动社会文明进步的重要力量。每一次科技革命,都不同程度地引
起生产方式、生活方式和思维方式的深刻变化和社会的巨大进步。科学技术能够通过促进经济
和社会发展以造福于人类，同时也可能在一定条件下对人类的生存和发展带来消极后果。科学
技术的作用既受到一定客观条件如社会制度、利益关系的影响，也受到一定主观条件如人们的
观念和认识水平的影响。正确认识和运用科学技术,首要的就是有合理的社会制度保障科学技
术的正确运用,始终坚持使科学技术为人类的健康发展服务,让科技为人类造福。
人们的实践活动总是受着真理尺度和价值尺度的制约。任何成功的实践都是真理尺度和
价值尺度的统一,是合规律性和合目的性的统一。在实践中人们都是按照自己的尺度和需要去
认识世界和改造世界，只有推动科技创新向善惠民,才能符合价值尺度，从而达到真理尺度和价
值尺度的统一。
(2)真理与谬误、成功与失败在一定条件下能够相互转化。在认识探索的过程中，“错误往
往是正确的先导”失败常常是成功之母，总结失败的教训，是获得真理、消除谬误的重要途径和
方法。由于认识的复杂性和曲折性以及各种条件的限制，任何人都有可能犯错误，但吃一堑、长
一智，勇于正视错误、反省错误、修正错误,终能取得对客观事物及其规律的正确认识，从而让错
误转化为正确，谬误转化为真理。在批判谬误中发展真理,是谬误向真理转化的一种形式。
事物的发展是前进性与曲折性的统一。新事物在发展中遇到一些困难和问题是难以避免
的，但社会历史不断发展前进的总趋势是不变的。任何时候我们都不能失去开拓前进的信心和
勇气，同时又要高度重视和认真对待前进中的曲折,在应对挑战和解决矛盾中推动社会发展。
35.
参考答案（1)发展理念是发展行动的先导,是管全局、管根本、管方向、管长远的东西,是发展
思路、发展方式、发展着力点的集中体现，从根本上决定着发展成效乃至成败。新发展理念回答
了关于发展的目的、动力、方式、路径等一系列理论和实践问题,深化了我们党对中国特色社会
主义经济发展规律的认识,开拓了中国特色社会主义政治经济学新境界。新发展理念,引领我
们以推动高质量发展为主题，切实转变发展方式，推动质量变革、效率变革、动力变革，推动中国
经济逐步向更高质量、更加平衡、更具可持续性的增长模式转变,实现质的有效提升和量的合理
增长,在充满不确定的世界里,展现出强大韧性和活力,实现了历史性的跨越和蝶变。
(2)高质量发展是“十五五"时期我国经济社会发展的主题,是全面建设社会主义现代化国
家的首要任务。高质量发展,是能够很好满足人民日益增长的美好生活需要的发展,是体现新
发展理念的发展，是经济发展从“有没有”转向“好不好”。高质量发展为全面建设社会主义现代
化国家提供更为坚实的物质基础，是不断满足人民对美好生活需要的重要保证，是维护国家长
治久安的必然要求。
中国之所以能够“以高质量发展的确定性应对各种不确定性”,原因在于：我国发展战略的
确定性，确保了中国经济始终保持既定方向；我国宏观政策的确定性,确保了中国经济有条件平
稳运行;我国市场空间的确定性,确保了中国经济未来成长潜力巨大；我国发展韧性的确定性，
确保了中国经济经得住惊涛浪；我国投资环境的确定性，确保了中国经济始终是各类企业投
资兴业的沃土。
CS
扫描全能王
54
3忆人都在用的扫描APP
@@@PAGE 10
2026考研政治终极预测4套卷（一）答案及解析
36.参考答案
(1)法西斯侵略同盟的野心在于征服世界，日本是法西斯发动侵略战争的东方策源
地，日本法西斯侵略者既是中国人民的敌人，也是世界人民的敌人。中国人民抗日战争，从一开
始就是为国家生存而战、为民族复兴而战、为人类正义而战。
1931年，日本策动九一八事变,点燃了法西斯侵略扩张的第一把战火。中国人民在白山黑
水间的奋起抵抗,揭开了世界反法西斯战争的序幕。1937年7月7日，日本制造卢沟桥事变,发
动了全面侵华战争。中国的全民族抗战,开辟了世界第一个大规模反法西斯战场。中国抵抗了
日军的最主要力量，成为彻底消灭日本法西斯的决定性力量，为欧洲战场和太平洋战场提供缓
冲时间和空间。中国参与创建联合国和建立战后国际新秩序,为巩固战争胜利成果注入了东方
智慧。
世界反法西斯战争是一个整体,中国人民抗日战争是其中的重要组成部分。中国人民抗日
战争,从一开始就具有拯救人类文明、保卫世界和平的重大意义，并且为拯救人类文明、保卫世
界和平,作出了彪炳史册的贡献。
（“四最”：开始时间最早、持续时间最长、抗击和消灭日军最多、付出代价最大）
(2)过去,中华民族走出苦难、中国人民实现解放,有赖于一支英雄的人民军队。大革命从
兴起到失败的经验教训表明，要取得革命胜利，必须坚持武装斗争，组建由党直接统率和指挥的
军队。1927年南昌起义打响了武装反抗国民党反动派的第一枪,标志着中国共产党独立领导革
命战争、创建人民军队和武装夺取政权的开端。从那时起，人民军队在党的领导下,夺取了土地
革命战争、抗日战争、解放战争的伟大胜利，彻底扭转了中华民族近代以来落后挨打的被动局
面。新中国建立之初，人民军队又取得了抗美援朝战争的伟大胜利，为巩固新生人民政权、形成
中国大国地位、维护中华民族尊严提供了坚强后盾。
当今世界,和平与发展仍然是时代主题,但并不太平。巩固国防和强大人民军队是新时代
坚持和发展中国特色社会主义、实现中华民族伟大复兴的战略支撑。只有以强大军事实力为后
盾,国家的总体安全和人民的幸福生活才有保障,实现国家繁荣富强的主动权才能牢牢掌握在
自已手中。能战方能止战，必须加快把人民军队建设成为世界一流军队，以更强大的能力、更可
靠的手段捍卫国家主权、安全、发展利益。
37.参考答案
（1)崇尚英雄才会产生英雄，争做英雄才能英雄辈出。国家强盛、民族复兴需要物质
文明的积累，更需要精神文明的升华。传承红色基因、续红色血脉，缅怀英烈事迹、传承英烈
精神,都是对世界观、人生观、价值观的洗礼，会转化成爱国情、强国志、报国行的内生动力。青
年时期是价值观养成的关键阶段，青年人用自已的方式走近英雄、礼赞英雄，是唤醒人生意义的
自我升华。新时代是奋斗者的时代，是呼唤英雄也创造英雄的时代。英雄辈出，党和人民事业
就会兴旺发达、长盛不衰。身处关键时期,青年应当沿着英雄的足迹,英勇向前,永远听党话、跟
党走，勇担民族复兴的时代大任。
(2)把个人奋斗同国家前途命运紧紧联系在一起,实质上就是坚持个人理想与社会理想的
有机结合，坚持个人奋斗目标与国家、民族的奋斗目标相统一，把个人理想融入社会理想之中，
在为实现社会理想而奋斗的过程中实现个人理想。
第一,怀爱国之心。爱国,是人世间最深层、最持久的情感,是一个人的立德之源、立功之
本。爱国主义是中华民族的民族心、民族魂,对于每一个中国人来说,爱国是本分，也是职责,是
心之所系、情之所归。
CS
扫描全能王
3忆人都在用的扫描APP
@@@PAGE 11
2026考研政治终极预测④套卷
第二，,立报国之志。以国家富强为念,以人民幸福为盼,忠心爱国、矢志报国,把个人小我融
人国家大我，在为国尽责、为民服务中实现个人价值、展现人生风采。
第三，增强国之能。爱国不能停留在口号上。要顺应时代发展新要求,学习新知识、掌握新
技能、练就真本领
青年时期是创新创造的宝贵时期,新时代青年要发扬勇攀高峰、敢为人先的创新精神，树立
敢于突破陈规、大胆探索未知、勇于创新创造的思想观念,不断增强创新意识，夯实创新本领，在
创新创造中不断积累经验、取得成果、演绎精彩。
38.参考答案（1)联合国是世界反法西斯战争胜利重要成果,它的建立是人类对两次世界大战浩
劫痛定思痛、摆脱丛林法则的历史尝试,开启了构建战后国际秩序、追求和平发展的不凡征程。
80年来,联合国为维护和平、促进发展、改善民生发挥了不可替代的作用,是当今世界最具普遍
性、代表性和权威性的政府间国际组织,是集体安全机制的核心、践行多边主义的核心平台。联
合国宪章倡导主权平等、不干涉内政、和平解决国际争端等原则。在联合国，国家不分大小强
弱,都是平等一员,拥有同等的发声机会,能够公平参与国际规则谈判、共享可持续发展成果。
奉行主权平等、遵守国际法治、践行多边主义、倡导以人为本、注重行动导向，全球治理倡议
的五大核心理念阐明了改革完善全球治理需要遵循的原则、方法和路径，为新形势下全球治理
变革指明了前进方向。全球治理倡议的这些精神内涵同联合国宪章宗旨和原则一脉相承，同时
旨在增强现行国际体系和国际机制的执行力、有效性,使之更符合变化的形势,更及时有效应对
各种全球性挑战，更好服务各国特别是发展中国家利益。
(2)四大全球倡议集中体现了中国致力于构建人类命运共同体的外交理念和以天下之利为
利的世界情怀。四大全球倡议，分别从发展、安全、文明、治理四个维度，为破解和平、发展、安
全、治理“四大赤字”提供了系统性方案,为变乱交织的世界注人了稳定性和确定性,充分彰显了
中国作为负责任大国在国际事务中为人类谋进步、为世界谋大同的历史担当。四大全球倡议是
构建人类命运共同体的战略引领,各有侧重、相辅相成、相得益彰,形成以发展促繁荣、以安全保
稳定、以文明增互信、以治理求公正的有机整体,共同为人类命运共同体提供重要依托
CS
扫描全能王
3亿人都在用的扫描APP
@@@PAGE 12
2026考研政治终极预测4套卷（二）
答案及解析
2026考研政治终极预测4套卷（二）答案及解析
答案速查
一、单项选择题
10
12
14
15
16
13
二、多项选择题
18
AC
19
BC
BCD
20
17
ACD
21
22
BCD
ABD
24
ABCD
25
ABC
26
ABCD
ABCD
AD
23
28
ABD
30
ABC
ABD
31
29
32
ABCD
ABCD
33
ACD
单项选择题
1. 答案 C
简析自然规律通过盲目的、不自觉的力量在起作用并实现出来。历史规律则不同。人的活动是
历史规律得以存在并发生作用的前提、基础和途径,历史规律只有通过人的有目的、有意识的活
动才能实现。中华民族伟大复兴势不可挡,但也必须通过人的实践奋斗才能实现。C正确。规律
是客观的,人们可以认识规律但不能改造规律。B错误。人民群众是历史的创造者。就每一个人
而言,他在一定意义上“创造”了自己的“历史”,即通过自己的人生谱写了自身个体的“历史”,但
这并不能与创造社会历史画等号。A错误。马克思指出：“人们自已创造自己的历史,但是他们
并不是随心所欲地创造,并不是在他们自已选定的条件下创造,而是在直接碰到的、既定的、从过
去承继下来的条件下创造。”D错误。
2. 答案 A
简析具体的认识过程可以与一定的实践不完全同步进行,预测、假说、规划等就超前于直接的实
践。A正确。唯物主义认识路线坚持反映论的立场,认为认识是主体对客体的反映,人的一切知
识都是从后天接触实际中得来的。唯心主义认识路线否认认识是人脑对客观世界的反映，认为
认识先于人的实践经验。其中,主观唯心主义认为人的认识是主观自生的,是生而知之的。客观
唯心主义认为人的认识是上帝的启示或某种客观精神的产物。B、D错误。旧唯物主义只是物化
性理解现实世界的存在,把人与外部世界的关系理解为直观反映关系。C 错误。
3. 答案 C
简析社会再生产的核心问题是社会总产品的实现问题，即社会总产品的价值补偿和实物补偿问
题。C 正确。
CS
扫描全能王
3忆人都在用的扫描APP
@@@PAGE 13
2026考研政治终极预测④套卷
4.答案D
简析第二次世界大战后，资本主义发生变化的原因主要有以下几个方面：（1)科学技术革命和生
产力的发展,是资本主义发生变化的根本推动力量。（2)工人阶级争取自身权利和利益的斗争，
是推动资本主义发生变化的重要力量。（3)社会主义制度初步显示的优越性对资本主义产生了
重要影响。（4)主张改良主义的政党对资本主义制度的改革,也对资本主义发生变化起到了重要
作用。D 正确。
5. 答案 C
[简析》1939年毛泽东在《中国革命和中国共产党》中指出,中国是在许多帝国主义国家的统治或
半统治之下,实际上处于长期的不统一状态,再加上土地广大,其结果是中国的经济、政治和文化
的发展表现出极端的不平衡。C正确。近代以来,资本-帝国主义侵略势力不但逐步操纵了中国
的财政和经济命脉,而且逐步控制了中国的政治，日益成为支配中国的决定性力量，但并非直接
统治。A错误。中国的封建势力日益衰败并同外国侵略势力勾结,成为资本-帝国主义压迫、奴
役中国人民的社会基础和统治支柱。D 错误。B不符合题意。
6. 答案 B
简析我国对资本主义工商业的社会主义改造经历了三个步骤。其中,第一步（初级形式的国家
资本主义)和第二步(个别企业的公私合营）的企业利润分配都是“四马分肥”。第三步（全行业
的公私合营在分配上实行定股定息。B正确。
7. 答案 D
简析推动全体人民共同富裕与促进人的全面发展是高度统一的。马克思主义政党的最高目标
是实现共产主义,并把实现人的自由而全面发展作为共产主义的本质特征。习近平总书记指出，
现代化的最终目标是实现人自由而全面的发展。D正确。物质财富极大丰富，消费资料按需分
配；社会关系高度和谐，人们精神境界极大提高；实现每个人自由而全面的发展，人类从必然王国
向自由王国飞跃,是共产主义社会三大基本特征。A、B、C错误。
8.答案C
简析我们要建设的教育强国,是中国特色社会主义教育强国，必须以坚持党对教育事业的全面
领导为根本保证，以立德树人为根本任务，以为党育人、为国育才为根本目标，以服务中华民族伟
大复兴为重要使命，以教育理念、体系、制度、内容、方法、治理现代化为基本路径，以支撑引领中
国式现代化为核心功能，最终是办好人民满意的教育。人民满意是发展教育的根本尺度。C
正确。
9. 答案 A
简析习近平强调,治藏稳藏兴藏，首先是要保持西藏的政治安定、社会稳定、民族团结、宗教和
顺。A 正确。B、C、D 错误。
10.答案C
[简维新派与守旧派的论战,实质上是资产阶级思想与封建主义思想在中国的第一次正面交
锋。通过论战,西方资产阶级社会政治学说在中国得到进一步的传播,戊成变法运动的惟幕随
之拉开。C 正确,A、B、D 错误。
CS
扫描全能王
58
3忆人都在用的扫描APP
@@@PAGE 14
2026考研政治终极预测4套卷（二）
答案及解析
11.答案 D
简析孙中山的新三民主义的政纲同中国共产党在民主革命阶段的纲领基本一致,因而成为第
一次国共合作的政治基础。D正确。
12.
答案D
简析全民族抗战伊始，中共中央就提出必须在统一战线中坚持独立自主原则。为此,共产党必
须保持在思想上、政治上和组织上的独立性,放手发动群众，壮大人民力量；必须坚持对人民军
队的绝对领导，努力发展人民武装和抗日根据地；必须对国民党采取又团结又斗争、以斗争求团
结的方针。这样做的目的，就是力争中国共产党对抗日战争的领导权，使自已成为团结全民族
抗战的中坚力量。这是把抗日战争引向胜利的中心一环。D正确。A、B,C错误。
13. 答案A
简析①②③正确。《论十大关系》是以毛泽东为主要代表的中国共产党人开始探索适合中国国
情的社会主义建设道路的标志。④错误。因此,本题选A。
14. 答案 B
简析法治思维包含以下几层含义：(1)法治思维以法治价值和法治精神为指导,蕴含着公正、平
等、民主、人权等法治理念,是一种正当性思维；（2)法治思维以法律原则和法律规则为依据来指
导人们的社会行为,是一种规范思维；（3)法治思维以法律手段与法律方法为依托分析问题、处
理问题、解决纠纷,是一种逻辑思维；(4)法治思维是一种符合规律、尊重事实的科学思维。因
此,法治思维是一种融法律的价值属性和工具理性于一体的特殊的高级法律意识。B 正确,A、
C、D 错误。
15.
答案A
简析《中国共产党思想政治工作条例》强调思想政治工作坚持马克思列宁主义、毛泽东思想、
邓小平理论、“三个代表”重要思想、科学发展观,全面贯彻习近平新时代中国特色社会主义思
想，深刻领悟“两个确立”的决定性意义,增强“四个意识”、坚定“四个自信”、做到“两个维护”
牢固树立人心是最大的政治的理念,把巩固马克思主义在意识形态领域的指导地位、巩固全党
全国人民团结奋斗的共同思想基础作为根本任务,把推动用党的创新理论武装头脑、统一思想、
凝聚共识、指导实践放在首位,以理想信念教育为核心，以调动一切积极因素为着力点,完善工
作体系,夯实基层基础,创新方式方法,注重实际实效,促进全体人民紧紧团结在党的周围、凝聚
在中国特色社会主义伟大旗帜下,为以中国式现代化全面推进强国建设、民族复兴伟业提供坚
强思想政治保证。A 正确,B、C、D 不符合题意。
16. 答案 D
简析为贯彻G20成立初衷,南非将本届峰会的主题设定为“团结、平等、可持续”。D正确。
“建设可持续的明天”是2025年10月30日至11月1日在韩国举行的亚太经合组织第三十二次
领导人非正式会议的主题；“一个地球、一个家园、一个未来”是2023年在印度举行的二十国集
团领导人第十八次峰会的主题“构建公正的世界和可持续的星球”是2024年在巴西举行的二
十国集团领导人第十九次峰会的主题。A、B、C错误。
CS
扫描全能王
3忆人都在用的扫描APP
@@@PAGE 15
2026考研政治终极预测④套卷
二、多项选择题
17.
答案BC
简析十
世界上的万事万物都处于普遍联系之中。联系具有多样性。世界上的事物是多样的，事
物之间的联系也是多样的。事物联系的主要方式有直接联系与间接联系、内部联系与外部联
系、本质联系与非本质联系、必然联系与偶然联系等。“跳出浙江发展浙江”就是要看到浙江与
省外、国外的联系,这种联系可能是直接联系,也可能是间接联系。B、C 正确。对立统一规律揭
示了事物普遍联系的根本内容和变化发展的内在动力。事物内部矛盾是事物发展的源泉和动
力,A错误。D显然错误。
18.答案AC
简析
只有对感性材料进行去粗取精、去伪存真、由此及彼、由表及里的改造,才能获得对于事物
的本质和规律的认识。A正确。认识活动是一个复杂的运动过程,表现为无论在感性认识中还
是在理性认识中,都有非理性因素的作用。非理性因素对于人的认识能力和认识活动具有激
活、驱动作用。B错误。唯物辩证法本质上是批判的和革命的。马克思指出：“辩证法在对现存
事物的肯定的理解中同时包含对现存事物的否定的理解,即对现存事物的必然灭亡的理解;辩
证法对每一种既成的形式都是从不断的运动中,因而也是从它的暂时性方面去理解;辩证法不
崇拜任何东西,按其本质来说，它是批判的和革命的。”C正确。真理只能发展,而不可能被推
翻。任何真理都标志着主观同客观的符合，都包含着不依赖于任何人的客观内容,都同谬误有
原则的界限,都不可能被推翻。否则,就不是真理。这一点是绝对的、无条件的。相对主义片面
夸大真理的相对性,否认真理的绝对性,从而导致错误做法,即借口真理是发展的而否认真理内
容的客观性,认为原来的真理已经不是真理而将它丢弃或推翻。这就把真理的相对性歪曲成了
主观随意性,由此走向主观真理论,陷人了不可知论和诡辩论。D错误。
19.答案BCD
简析国家垄断资本主义的主要形式有五种。第一种是国家所有并直接经营企业。第二种是国
家与私人共有、合营企业。第三种是国家通过多种形式参与私人断资本的再生产过程，包括
国家作为商品和劳务的采购者，向私人垒断企业大量订货，为私人垄断企业提供有保证的国家
市场；国家通过各种形式的津贴和补助，直接、间接地资助私人垄断企业；国家通过社会福利开
支，提高社会购买力，扩大消费需求，为私人垄断企业创造市场条件。第四种是宏观调节，主要
是国家运用财政政策、货币政策等经济手段，对社会总供给和总需求进行调节，以实现经济快速
增长、充分就业、物价稳定和国际收支平衡的基本目标。第五种是微观规制。A项是宏观调节的
内容,不属于题目所问的“国家通过多种形式参与私人垄断资本的再生产过程”的方式。正确答
案是 B、C、D。
20.
答案ACD
简析
A、C、D正确。法人资本所有制是法人股东化的产物，其主要特点是各类法人（企业法人
和机构法人)取代个人或家族股东成为企业的主要出资人，企业的股票高度集中于少数法人股
东之手，法人股东凭借手中集中化的控股权干预甚至直接参与公司治理，监督和制约管理阶层
的经营行为,使公司资本的所有权与控制权重新趋于合一。B项描述的是私人股份资本所有制
的特点,不选。
CS
扫描全能王
60
3亿人都在用的扫描APP
@@@PAGE 16
2026考研政治终极预测4套卷（二）
答案及解析
21.答案BCD
简析1921年3月，俄共（布)召开十大，毅然决定从战时共产主义政策过渡到实行以发展商品
经济为主要特征的新经济政策。其主要内容有：用粮食税制取代余粮收集制，允许私人自由贸
易，恢复商品货币关系，允许私人小工业企业发展，采取一些国家资本主义的形式来发展生产。
B、C、D 正确,A 错误。
22. 答案 ABD
简析A、B、D正确。在社会主义建设道路初步探索时期,由于中国共产党人对什么是社会主义
以及怎样建设社会主义的问题并没有完全搞清楚，因此,不能说已经彻底摆脱了苏联模式的影
响。C错误。
23. 答案 ABCD
简析《中共中央关于制定国民经济和社会发展第十五个五年规划的建议》提出，我国经济基础
稳、优势多、韧性强、潜能大,长期向好的支撑条件和基本趋势没有变，中国特色社会主义制度优
势、超大规模市场优势、完整产业体系优势、丰富人才资源优势更加彰显。党的二十届四中全会
着眼于发挥这“四大优势”作出战略部署。A、B、C、D全选。
点拨这“四大优势”相辅相成、有机统一，超大规模市场优势成为重要战略支点。
24.答案 ABCD
简析市场经济是法治经济,要用法治来规范政府和市场的边界。完善维护国家法治统一制度
机制，维护国家法治统一，对于消除区域市场分割和地方保护，保障全国统一大市场建设，加快
构建高水平社会主义市场经济体制，加快构建新发展格局，夯实高质量发展制度根基具有重要
意义。A、B、C、D全选。
25. 答案 ABC
简析《教育强国建设规划纲要（2024一2035年）》的总体要求是：坚持以习近平新时代中国特色
社会主义思想为指导,深人贯彻党的二十大和二十届二中、三中全会精神,全面贯彻习近平总书
记关于教育的重要论述,深刻领悟“两个确立”的决定性意义，坚决做到“两个维护”，坚持教育优
先发展，全面贯彻党的教育方针，坚定不移走中国特色社会主义教育发展道路，坚持社会主义办
学方向，全面把握教育的政治属性、人民属性、战略属性，落实立德树人根本任务，为党育人、为
国育才,全面服务中国式现代化建设,扎根中国大地办教育,加快建设高质量教育体系,培养德
智体美劳全面发展的社会主义建设者和接班人,加快建设具有强大思政引领力、人才竞争力、科
技支撑力、民生保障力、社会协同力、国际影响力的中国特色社会主义教育强国，为建设社会主
义现代化强国、全面推进中华民族伟大复兴提供有力支撑。A、B、C正确。
26. 答案 ABCD
简析农业农村现代化关系中国式现代化全局和成色，关系强国建设根基，关系亿万农民福。
农业农村仍然是社会主义现代化建设的突出短板。农业农村现代化进程,直接关系中国式现代
化目标的实现进程,关系社会主义现代化国家建设的整体水平。必须加快农业农村现代化，向
乡村全面振兴聚焦发力，推动农业农村农民与国家同步基本实现现代化。全面建设社会主义现
代化国家,基础在“三农”。稳住农业基本盘、守好“三农”基础,始终是我们应对各种风险挑战的
“压舱石”。A、B、C、D全选。
CS
扫描全能王
3忆人都在用的扫描APP
@@@PAGE 17
2026考研政治终极预测④套卷
27.答案AD
简析戊戌维新运动的失败,主要是由于维新派自身的局限和以慈禧太后为首的强大的守旧势
力的反对。当时民族资本主义经济力量还十分微弱，民族资产阶级的社会基础相当狭窄。维新
派的势力非常弱小,他们既没有严密的组织,也不掌握实权和军队,更没有去发动群众。这样，
他们就只能把自已实行改革的全部希望寄托在一个没有实权的光绪皇帝身上。维新派本身的
局限性突出地表现在三个方面：首先,不敢否定封建主义。他们在政治上不敢根本否定封建君
主制度；在经济上,未触及封建主义的经济基础
一封建土地所有制;在思想上,他们虽然提倡
学习西学,却仍要打着孔子的旗号,借古代圣贤之名“托古改制”。其次,对帝国主义抱有幻想。
他们虽然大声疾呼救亡图存,却又幻想西方列强能帮助自己变法维新。最后,惧怕人民群众。
A、D 正确,B错误。维新派突破洋务派“中体西用”思想的局限,主张改革君主专制制度。他们
鼓吹民权并提出开议院的主张,也就是要用君主立宪制取代君主专制制度。C错误。
28. 答案 ABD
简析上
A、B、D 正确。中国共产党是国共合作的倡导者和统一战线的组织者,但不是统一战线的
领导者。中国共产党的中央领导机关在大革命的后期犯了以陈独秀为代表的右倾机会主义的
错误,放弃了无产阶级对于农民群众、城市小资产阶级和民族资产阶级的领导权，尤其是武装力
量的领导权,这是大革命失败的重要原因之一。C错误。
29.答案ABD
简析抗日战争胜利后,中国广大人民热切希望实现和平、民主,为建设新中国而奋斗。中国共
产党曾经希望通过和平途径对中国进行政治社会的改革,进行经济建设,逐步向新中国这个目
标迈进。因为,中国人民在经历了长期战争后,有和平建国的强烈要求,中国共产党应当充分考
虑人民群众的这种愿望。同时,由于人民力量强大，加上其他条件，中国共产党估计,造成国共
两党合作（加上民主同盟等）、和平发展新阶段的可能性是存在的。中国共产党应当努力争取中
国出现这种局面。基于对和平的真诚愿望和对局势的清醒认识，中共中央认为，同国民党进行
和平谈判是必要的;即使是暂时的和平局面,也应该积极争取。1945 年 8 月 25 日,中共中央发
表《对目前时局的宣言》,明确提出和平、民主、团结的口号。A、B、D正确,C错误。
30.答案ABC
简析追求个人理想的实践活动都是在社会中进行的，个人理想的确立不能只凭个人的主观愿
望，而要顺应社会发展的客观规律和趋势要求；个人理想的实现不仅仅是个人奋斗的事情，而是
要担当时代赋予的社会责任和历史使命。从根本上说，个人理想是由社会理想规定的。个人理
想的确立要以社会理想为导向，个人理想的实现依赖于社会理想的指引。A、B、C正确。社会理
想是个人理想的汇聚和升华，不是叠加,D错误。
31.答案ABCD
简析平等是社会主义法律的基本属性,是社会主义法治的基本要求。坚持法律面前人人平等，
对于坚持走中国特色社会主义法治道路具有十分重要的意义。（1)它可以充分显示中国特色社
会主义制度的优越性，使人民在依法治国中的主体地位得到尊重和保障，从而有利于增强人民
群众的主人翁意识和责任感。（2)它鲜明地反对法外特权,法外开恩,对掌握公权力的人形成制
约,从而有利于预防特权思想和各种潜规则的侵蚀。（3)它鲜明地反对法律适
CS
扫描全能王
62
3忆人都在用的扫描APP
@@@PAGE 18
2026 考研政治终极预测4套卷（二）
答案及解析
有利于贯彻执行“以事实为根据，以法律为准绳”的司法原则。（4)它要求人人都严格依法办事，
既充分享有法律规定的各项权利，又切实履行法律规定的各项义务，有利于维护法律权威、健全
社会主义法治，确保实现全面依法治国的总目标。A、B、C、D全选。
32.答案ABCD
简析为维护世界反法西斯战争胜利成果和战后国际秩序，展现坚持一个中国原则和捍卫国家
主权、统一、领土完整的坚定意志，强化两岸同胞共同民族历史记忆，弘扬爱国主义精神，激励两
岸同胞在新时代新征程中为国家统一、民族复兴作出新的贡献,根据《中华人民共和国宪法》，十
四届全国人大常委会第十八次会议作出设立台湾光复纪念日的决定。A、B、C、D全选。
33.答案ACD
简析2025年是联合国成立80周年,联合国秘书长古特雷斯提出“联合国80周年倡议”，正式
启动对包括140个实体的联合国全系统进行“效率和改进”“任务执行情况审查”及“结构和计划
调整”三方面的改革。计划中的改革包括设立共同行政平台、整合行政任务、大幅削减预算、机
构合并和搬迁、职位裁撤、人员裁减等。A、C、D正确,B错误。
三、材料分析题
34.
参考答案（1)矛盾具有普遍性,即矛盾无处不在、无时不有。矛盾又具有特殊性,即各个具体
事物的矛盾、每一个矛盾的各个方面在发展的不同阶段上各有其特点。矛盾的特殊性决定了事
物的不同性质。只有具体分析矛盾的特殊性，才能认清事物的本质和发展规律，并采取正确的
方法和措施去解决矛盾,推动事物的发展。
矛盾分析方法的核心要求是善于分析矛盾的特殊性,做到具体矛盾具体分析,对具体情况、
具体问题作具体分析。任何事物都是共性和个性的统一,在学习借鉴其他城市经验的同时也要
充分考虑各地、各产业的实际情况和特殊性，做到因地制宜。
发展的内在动力。经营主体之间存在着既相对立又相统一的关系。矛盾的同一性和斗争性相
互联结、相辅相成,构成了事物的矛盾运动,推动着事物的变化发展。矛盾的同一性在事物发展
中具有重要作用,矛盾双方可以相互吸取有利于自身的因素,在相互作用中各自得到发展。
辩证思维要求我们用联系、发展、全面的观点看问题，从对立中把握统一，从统一中把握对
立。事物的发展不仅表现为“相反相成”,而且表现为“相辅相成”,经营主体之间可以互相吸取
对方的优点,在竞争中合作,在合作中竞争,以“共赢”取代“内卷”。
35.
参考答案）（1)构建以国内大循环为主体、国内国际双循环相互促进的新发展格局，是根据我国
发展阶段、发展环境、条件变化作出的重大决策,是推动高质量发展的战略基点,是关系我国发
展全局的重大战略任务。大国经济的特征都是内需为主导、内部可循环。市场是当今世界最稀
缺的资源,强大国内市场是中国式现代化的战略依托。在当前国际形势充满不稳定性不确定性
的背景下，立足国内、依托国内大市场优势，充分挖掘内需潜力，有利于化解外部冲击和外需下
降带来的影响，也有利于在极端情况下保证我国经济基本正常运行和社会大局总体稳定。
要坚持扩大内需这个战略基点,坚持惠民生和促消费、投资于物和投资于人紧密结合，以新
需求引领新供给，以新供给创造新需求，促进消费和投资、供给和需求良性互动，增强国内大循
环内生动力和可靠性。
CS
扫描全能王
3忆人都在用的扫描APP
@@@PAGE 19
2026考研政治终极预测4套卷
经济体制，关键是处理好政府和市场的关系，使市场在资源配置中起决定性作用,更好发挥政府
作用。市场在资源配置中起决定性作用，就是把市场机制能有效调节的经济活动交给市场，推
动资源配置实现效益最大化和效率最优化。更好发挥政府作用，就是要在保证市场发挥决定性
作用的前提下,管好那些市场管不了或管不好的事情。市场不是万能的，让市场更有效，需要政
府更有为;政府行为越规范,市场作用就越有效。只有坚持有效市场和有为政府相结合，才能形
成既“放得活”又“管得好”的经济秩序。
建设全国统一大市场,本质是让资源在更大范围内畅通流动和高效配置，更好发挥市场在
资源配置中的决定性作用。但市场并非万能,存在失灵、无序等风险,这就需要政府发挥作用，
通过完善制度规则、维护公平竞争、弥补市场缺陷，为市场有效运行提供保障。只有推动有效市
场和有为政府更好结合，让“无形之手”和“有形之手”协同发力，统一大市场建设才能持续纵深
推进。
市场的有机统一。 回答相关提问，也可以从本题的角度进行作答)
36.参考答案（1)毛泽东等老一辈革命家打下了江山,成立中华人民共和国,实现民族独立、人民
人民的历史,彻底结束了旧中国一盘散沙的局面,彻底废除了列强强加给中国的不平等条约和
帝国主义在中国的一切特权,实现了中国从几千年封建专制政治向人民民主的伟大飞跃。
毛泽东等老一辈革命家下的家底,主要是指完成社会主义革命和推进社会主义建设。从
新中国成立到改革开放前夕,党领导人民完成社会主义革命,消灭一切剥削制度,实现了中华民
族有史以来最为广泛而深刻的社会变革,为当代中国一切发展进步奠定了根本政治前提和制度
基础,也为中国特色社会主义制度的创新和发展提供了重要前提,实现了一穷二白、人口众多的
东方大国大步迈进社会主义社会的伟大飞跃。党在社会主义革命和建设中取得的独创性理论
成果和巨大成就,为在新的历史时期开创中国特色社会主义提供了宝贵经验、理论准备、物质
基础。
尤其是独立的、比较完整的工业体系和国民经济体系的建立，从根本上解决了工业化中“从
无到有”的问题,使中国在赢得政治上的独立后赢得了经济上的独立,为中国以后的发展奠定了
牢固的物质技术基础,而且为中国同包括西方发达国家在内的世界各国在平等互利的原则下发
展对外贸易和经济往来创建了前提。
(2)制定中长期规划指导经济社会发展，是我们党治国理政的一种重要方式。实现社会主
义现代化是一个阶梯式递进、不断发展进步的历史过程,需要不努力、接续奋斗。从1953年到
2025年，我们党围绕把我国建设成为社会主义现代化国家这个主题，制定和实施了十四个五年
计划（或规划）,将战略目标与发展政策、具体举措有机统一起来,确保党的政治理想和奋斗目标
能够转化为实实在在的发展绩效和人民群众满意的美好生活现实，“一张蓝图绘到底”，使我国
发展成为世界上第二大经济强国，成功推进和拓展了中国式现代化。
中国共产党领导直接关系中国式现代化的根本方向、前途命运、最终成败。第一，党的领导
决定中国式现代化的根本性质。第二，党的领导确保中国式现代化锚定奋斗目标行稳致远。第
三，党的领导激发建设中国式现代化的强劲动力。第四，党的领导凝聚建设中国式现代化的磅
磷力量。
CS
扫描全能王
64
3忆人都在用的扫描APP
@@@PAGE 20
2026考研政治终极预测4套卷（二）
答案及解析
37.参考答案）（1)第一，伟大抗战精神是中国人民弥足珍贵的精神财富。伟大抗战精神，是中华民
族在生死存亡关头用鲜血和生命铸就的精神丰碑，是中国精神的重要组成部分。这一精神继承
和发扬了以爱国主义为核心的民族精神,是激励中国人民战胜一切艰难险阻的强大精神动力。
第二,伟大抗战精神是中国发展进步的重要精神密码。在中国共产党的领导下,中国人民
家面貌发生了日新月异的历史性变化
第三，伟大抗战精神是新征程上创造历史伟业的强大力量源泉。实现中华民族伟大复兴，
既需要强大的实力保障，也需要强大的精神支撑。伟大抗战精神彰显着中华民族骨子里的性
格、血脉里的基因，是强国建设、民族复兴的强劲动力。我们必须把弘扬伟大抗战精神体现在以
中国式现代化全面推进强国建设、民族复兴伟业的各领域、全过程。
伟大抗战精神，既是历史的,见证了我们过去抗战的胜利；也是现实的，作为“密码”驱动了
我们的发展；更是未来的，作为“力量源泉”必将支撑我们在新征程上克服一切艰难险阻,最终实
现中华民族的伟大复兴。伟大抗战精神将永远激励中国人民克服一切艰难险阻、为实现中华民
族伟大复兴而奋斗。
(2)劳动是一切幸福的源泉。在职业生活中,必须牢固树立“劳动最光荣、劳动最崇高、劳动
最伟大、劳动最美丽”的观念，通过劳动创造更加美好的生活。只要踏实劳动、勤勉工作，在平凡
岗位上也能干出不平凡的业绩。
爱岗敬业是职业生活中的基本道德规范之一。爱岗敬业体现的是从业者热爱工作岗位、对
工作极端负责、敬重自已所从事职业的道德操守，是从业者对工作勤奋努力、恪尽职守的行为
表现。
劳模精神、劳动精神、工匠精神是社会主义核心价值观的生动体现，是全党全国各族人民昂
扬奋进的强大精神动力。我们要弘扬劳模精神，形成榜样力量，激励人们以职业精神、专业精神
争创一流、争做模范，在平凡的岗位上做出不平凡的成绩；弘扬劳动精神，汇聚广泛力量，激励人
们在各自岗位上发光发热，依靠勤劳双手和劳动创造扎实推进中国式现代化；弘扬工匠精神，培
育时代新人，激励人们勤学苦练，不断提高技术技能水平，为中国式现代化创造更加坚实的物质
基础。
38.参考答案）（1)经济全球化深入发展,各国相互依存加深,全球性问题（如气候变化、公共卫生危
机等）超越国界，单一国家无法独自应对，必须通过多边机制协同治理。多边主义与团结合作是
应对全球挑战、实现共同发展的必然选择，符合世界各国人民的根本利益。
联合国成立的初心使命是维持国际和平及安全、发展国家间友好关系、促进国际合作以解
决全球性问题并保障基本人权与自由，这一宗旨源于二战后国际社会对防止战争、推动合作与
公平的集体诉求，并载入《联合国宪章》。这个初心使命直接根植于二战后的全球反思，旨在通
过多边合作避免战争重演，并构建更公正的国际秩序。
当前，多边主义、国际法、联合国权威面临挑战，国际治理架构急需改革，重温80年前成立联
合国的初心和价值理念正当其时。中国作为联合国安理会常任理事国，始终坚定站在历史正确
一边，坚定维护联合国权威,支持以联合国为核心的国际体系，以国际法为基础的国际秩序，以
联合国宪章宗旨和原则为基础的国际关系基本准则，坚持并践行真正的多边主义，成为捍卫多
边主义的基石。
CS
扫描全能王
3忆人都在用的扫描APP
@@@PAGE 21
2026考研政治终极预测4套卷
(2)坚持走和平发展道路，是我们党根据时代发展潮流和我国根本利益作出的战略执择，是
新时代中国外交的基本原则。
中国始终倡导合作共嬴，致力于做大发展蛋糕,推动高质量共建“一带一路”,推动落实全球
发展倡议,不断以自身发展为世界创造机遇。中国坚持共同、综合、合作、可持续的安全观,引领
各方走对话而不对抗、结伴而不结盟、共嬴而非零和的新型安全之路,全球安全倡议被誉为“实
现普遍安全的希望所在”。中国坚持平等、互鉴、对话、包容的文明观,提出并带头践行全球文明
倡议,推动以文明交流超越文明隔阅,以文明互鉴超越文明冲突,以文明共存超越文明优越,筑
牢和平的思想根基。中国着眼推动构建更加公正合理的全球治理体系,提出全球治理倡议,凝
聚奉行主权平等、遵守国际法治、践行多边主义、倡导以人为本、注重行动导向的广泛共识,为世
界和平发展夯实治理根基。
扫描全能王
66
3亿人都在用的扫描APP
@@@PAGE 22
2026 老
考研政治终极预测4套卷（三）
答案及解析
2026考研政治终极预测4套卷（三）答案及解析
答案速查
一、单项选择题
10
12
15
14
16
13
二、多项选择题
18
BCD
AC
20
BD
ABD
17
21
22
AB
BCD
24
ABC
25
26
23
ABCD
ABCD
27
ABCD
ACD
ABC
30
ABC
BCD
29
ACD
32
ABCD
33
ABC
单项选择题
1. 答案 C
简析在《关于费尔巴哈的提纲》这个包含新世界观天才萌芽的第一个文件中,马克思系统论述了
实践的观点,揭示了科学实践观的基本内容。C正确。马克思、恩格斯合写了《德意志意识形
态》,首次系统阐述了历史唯物主义的基本观点。1876一1878 年,恩格斯写出了《反杜林论》,全面
阐述了马克思主义理论体系。马克思逝世后,恩格斯承担起指导国际工人运动的重任,并整理出
版了《资本论》第二、三卷,写出了《家庭、私有制和国家的起源》《路德维希·费尔巴哈和德国古典
哲学的终结》等著作,进一步发展了马克思主义理论。A、B、D 错误。
2. 答案 A
简析马克思指出，“人的本质不是单个人所固有的抽象物,在其现实性上，它是一切社会关系的
总和”。这就告诉我们,人的本质属性是社会属性,而不是自然属性;人的本质属性表现在各种社
会关系中;人的本质是变化发展的,而不是永恒不变的。A正确。
3. 答案 C
简析马克思在继承英国古典政治经济学劳动创造价值理论的同时，创立了劳动二重性理论，第
一次确定了什么样的劳动形成价值、为什么形成价值以及怎样形成价值，阐明了具体劳动和抽象
劳动在商品价值形成中的不同作用，从而为揭示剩余价值的真正来源、创立剩余价值理论奠定了
基础。此外,马克思的资本有机构成理论、资本积累理论、社会资本再生产理论等政治经济学的
一系列重要理论的创立也都同劳动二重性理论有关。因此,劳动二重性理论成为“理解政治经济
学的枢纽”。C 正确。
CS
扫描全能王
3忆人都在用的扫描APP
@@@PAGE 23
2026考研政治终极预测4套卷
4. 
、答案D
简析不
在生产资料和劳动力之间,存在着一定比例,这个比例取决于生产技术的发展水平。生产
技术水平越高，每个劳动力所推动的生产资料的数量就越多;生产技术水平越低,每个劳动力所
推动的生产资料的数量就越少。这种由生产的技术水平所决定的生产资料和劳动力之间的比
例,叫作资本的技术构成。使用工业机器人意味着工人数量（也就是劳动力）的减少，会导致生产
资料与劳动力之间的比例提高,即资本技术构成提高。D正确。可变资本是用来购买劳动力的那
部分资本,工人数量的减少意味着可变资本的减少。B错误。率先提高劳动生产率的企业,其生
产的商品的个别劳动时间少于社会必要劳动时间，个别价值低于社会价值,从而获得超额剩余价
值。C 错误。率先提高劳动生产率的企业可获得更多的超额利润,而不是社会平均利润。A错误。
5.
答案】
简析
新民主主义文化是民族的,就其内容说是反对帝国主义压迫,主张中华民族的尊严和独立；
就其形式说是具有鲜明的民族风格、民族形式和民族特色,要有中国作风和中国气派。同时,要
大量吸收外国的进步文化,作为自已文化食粮的原料。C正确，A、B错误。新民主主义文化是科
学的,反对一切封建思想和迷信思想,主张实事求是、客观真理及理论和实践的一致性。D错误。
6. 答案 B
简析在半殖民地半封建的中国社会,诸多矛盾交织在一起,客观上为无产阶级及其政党利用这
些矛盾建立和发展统一战线提供了可能性。近代中国社会最大的压迫是民族压迫,决定了无产
阶级及其政党可以把一切爱国的、不愿受帝国主义奴役的人们团结在自已的周围。民族资产阶
级深受帝国主义和封建主义的压迫,因而能够在一定时期和一定程度上参加反帝反封建的革命
斗争。当革命的锋芒主要是反对某一个帝国主义的时候,受别的帝国主义支持的官僚资产阶级
集团也可能在一定程度上和一定时期内参加统一战线。B 正确。A、C是半殖民地半封建的中国
必须建立最广泛的统一战线的必要性,不是可能性。D不符合题意。
7. 答案 D
简析
习近平在《发展新质生产力是推动高质量发展的内在要求和重要着力点》一文中指出,新质
生产力的显著特点是创新,既包括技术和业态模式层面的创新,也包括管理和制度层面的创新。必
须继续做好创新这篇大文章,推动新质生产力加快发展。②③正确。因此,本题选D。
8. 答案 A
简析
国家公园守护着我国自然生态系统中最重要、自然景观最独特、自然遗产最精华、生物多样性
最富集的部分。生态系统的原真性、完整性保护是国家公园建设管理的首要任务。A正确。
9. 答案 D
简析安全是发展的前提，发展是安全的保障。牢牢守住安全发展这条底线是构建新发展格局的
重要前提和保障。以新安全格局保障新发展格局，必须统筹维护国家安全各类要素、各个领域、
各方资源、各种手段，主动塑造于我有利的外部安全环境，推动发展和安全深度融合，实现高质量
发展和高水平安全的良性互动。D 正确,A、B、C 错误。
10. 答案B
简析
1919年9月、11月,李大钊发表《我的马克思主义观》一文,比较系统地介绍了马克思主义理
论,在当时思想界产生重大影响,标志着马克思主义在中国进入比较系统的传播阶
扫描全能王
68
3忆人都在用的扫描APP
@@@PAGE 24
2026考研政治终极预测4套卷（三）
答案及解析
11. 答案 B
简析1927年9月至10月，毛泽东领导秋收起义的部队在江西省永新县三湾村完成“三湾改
编”,创造性地将支部建在连上,成立各级士兵委员会,实行民主制度,在政治上官兵平等。由此
开始改变了起义军中旧军队的习气和不良作风,从组织上确立了党对军队的领导,是建设无产
阶级领导的新型人民军队的重要开端。B正确。1927 年 8 月 7 日,中共中央在汉口秘密召开紧
急会议（即八七会议）,会议确定了土地革命和武装起义的方针。A错误。中共五大正式提出民
主集中制的组织原则。C错误。1929年12月,红四军党的第九次代表大会(史称古田会议)在
福建上杭县古田村召开。大会根据中央九月来信精神,通过了毛泽东起草的古田会议决议,其
中最重要的是关于纠正党内错误思想的决议案,确立了思想建党、政治建军原则。古田会议决
议是中国共产党和红军建设的纲领性文献,是党和人民军队建设史上的重要里程碑。D错误。
12. 答案 B
简析中共八大坚持党中央提出的既反保守又反冒进,即在综合平衡中稳步前进的经济建设方
针。大会肯定“三个主体,三个补充”思想,即以国家经营和集体经营、计划生产、国家市场三者
为主体,以个体经营、自由生产、自由市场三者为补充。这是在理论上突破苏联计划经济模式,
探索经济体制改革的重要尝试。习近平在纪念陈云同志诞辰 120 周年座谈会上的讲话中指出,
社会主义改造基本完成后,陈云同志积极探索适应我国生产力发展的社会主义经济制度和经济
体制,提出“三个主体、三个补充”的思想,为克服苏联模式弊端提供了重要启示。B正确。对于
苏联计划经济模式，“三个主体,三个补充”思想在理论上没有完全突破,在实践上也只是探索尝
试。A、C错误。中共中央在1952 年底开始酿并于1953 年正式提出党在过渡时期的总路线。
D 错误。
13. 答案 A
简析在邓小平和许多老一辈革命家的支持下,关于真理标准问题的大讨论迅速在全党全社会
展开。这场深刻而广泛的马克思主义思想解放运动,成为正本清源、拨乱反正和改革开放的思
想先导。A 正确。1978 年 12 月 13 日,邓小平在中央工作会议闭幕会上作了题为《解放思想,实
事求是,团结一致向前看》的讲话,这个讲话是解放思想、开辟新时期新道路的宣言书,实际上成
为随后召开的党的十一届三中全会的主题报告,为全会实现具有划时代意义的伟大转折奠定了
重要基础。C错误。1978 年 12月召开的党的十一届三中全会,重新确立了实事求是的思想路
线,确定把全党工作的着重点转移到社会主义现代化建设上来,作出实行改革开放的重大决策，
实现了党的历史上具有深远意义的伟大转折。B错误。1981年6月，党的十一届六中全会通过
的《关于建国以来党的若干历史问题的决议》，标志着党在指导思想上的拨乱反正胜利完成。
D错误。
14.答案C
简析全面推进依法治国涉及很多方面，在实际工作中必须有一个总揽全局、牵引各方的总抓
手,这个总抓手就是建设中国特色社会主义法治体系。依法治国各项工作都要围绕这个总抓手
来谋划、来推进。C 正确。
CS
扫描全能王
3忆人都在用的扫描APP
@@@PAGE 25
2026考研政治终极预测4套卷
15. 
答案A
[简析2025年5月29日,行星探测工程天问二号探测器成功发射,开启了小行星探测与采样返
回之旅。天问二号主要任务目标是对小行星2016H03进行探测、取样并返回地球,此后再对主
带彗星311P开展科学探测。A正确。探月计划对应的是“嫦娥家族”。2024年6月25日，嫦娥
六号返回器回到地面,实现世界首次月球背面采样返回，成功带回1935.3克月球背面样品。C
错误。“羲和”“夸父”双星逐日,太阳探测“三步走”计划稳步推进。2021年,我国成功发射首颗
太阳探测科学技术试验卫星“羲和号”,正式迈人空间探日时代。2022年，“夸父一号”开启探日
之旅,成功发射并发布首批科学图像。这两颗探日卫星各有侧重,将共同提升我国在世界太阳
物理研究领域的影响力。D错误。面向未来,我国正在实施更宏伟的深空探测任务。嫦娥七号、
娥八号将在月球南极建设月球科研站,天问三号将实施火星采样返回,天问四号将探访木星
系。B 错误。
16. 答案 B
简析安全是国家生存发展之基。2014 年5月,习近平在亚洲相互协作与信任措施会议第四次
峰会上,倡导共同、综合、合作、可持续的亚洲安全观。2022年4月，,习近平在博整亚洲论坛年会
开幕式上发表主旨演讲,郑重提出全球安全倡议。2025年4月召开的中央周边工作会议首次提
出安危与共、求同存异、对话协商的亚洲安全模式,深刻把握发展与安全的辩证关系,开创了区
域安全治理的新境界。B正确。A、C、D错误。
点拨亚洲安全模式是携手周边国家共创美好未来的战略支撑。
二、多项选择题
17. 答案 BD
简析底线思维是我们在认识世界和改造世界的过程中,根据我们的需要和客观的条件，划清并
坚守底线，尽力化解风险，避免最坏结果，同时争取实现最大期望值的一种积极的思维。把握底
线思维，就要“凡事从坏处准备，努力争取最好的结果，这样才能有备无患、遇事不慌，牢牢把握
主动权”。B正确。所谓逻辑证明,是指运用已知的正确概念和判断,通过一定的推理,从理论
上确定另一个判断的正确性的方法。逻辑证明是探索真理、论证真理的重要方式,是正确思维
和表达的必要条件,也是建立科学理论体系的重要途径。D正确。探求必然性是科学研究的主
要任务，但这绝不意味着“科学是偶然性的敌人”。相反，在科学研究、认识活动和实践活动中，
要重视偶然性和“机遇”,并从偶然性深入必然性中，抓住机遇、发展自己。A错误。由可能向现
实转化的过程中,既要注意转化的客观条件性,又要注意发挥人的主观能动性。可能向现实转
化的条件，包括客观条件和主观条件。在客观条件方面，主要是区分可能与不可能、现实的可能
与抽象的可能，集中力量去办那些具有现实可能性的事情；在主观条件方面,要充分发挥人的主
观能动性，积极创造条件，实现可能向现实的转化。C错误。
18.答案BCD
简析人类的思维按其本性、使命、可能和历史的终极目的来说,是能够认识无限发展着的物质
世界的,思维是无限的和绝对的。但是,具体到每一个人乃至每一代人,由于受到客观事物及其
本质的显露程度、社会历史的实践水平、主观的条件以及生命的有限性等各方面的阻制_甘里维
又是有限的和相对的。人的认识能力、思维能力是无限性与有限性、绝对性与
CS
扫描全能王
70
3忆人都在用的扫描APP
@@@PAGE 26
2026考研政治终极预测4套卷（三）
答案及解析
B、D正确。实践是认识发展的动力。实践为认识的发展提供了手段和条件，如经验资料、实验
仪器和工具等。实践改造了人的主观世界，锻炼和提高了人的认识能力。人们正是在实践的推
动下,不断打破认识上的旧框框,突破头脑中的旧思想,实现认识上的新飞跃,从而不断有所发
现、有所前进。C正确。人可以利用认识工具来延长和放大自已的感官,从而突破人的感官的选
择阈限。因此,人的感觉器官的生理阈限并不是人的认识能力的界限。A错误。
19. 答案 AC
简析影响资本周转快慢的因素有许多,关键的因素有两个：一是资本周转的时间,二是生产资
本的固定资本和流动资本的构成。要加快资本周转速度,获得更多剩余价值,就要缩短资本周
转时间,加快流动资本的周转速度。A、C 正确。资本积累规模的大小取决于资本家对工人的剥
削程度、劳动生产率的高低、所用资本和所费资本之间的差额以及资本家预付资本的大小。B、D
不符合题意。
20.
答案ABD
简析国际金融资本的垄断成为当代资本主义最突出、最鲜明、最主要的特征。一是金融垄断寡
头化。 二是金融垄断国际化。三是经济虚拟化、产业空心化。A、B、D 正确。
21.答案AB
简析从历史上看,人们对未来社会的设想,往往源于对现实问题的思考与批判。马克思、恩格
斯对资本主义批判的高明之处在于,他们不是只看到资本主义社会的弊端,而是进一步揭示出
端的根源,揭示出资本主义发展中自我否定的力量,发现资本主义的矛盾运动中孕育着的新
社会因素,并以此对未来社会特点作出预见。A、B 正确。列宁领导了十月革命,建立起世界上
第一个社会主义国家并探索了在俄国建设社会主义的道路,取得了预见未来社会的实践经验。
一般特征,而不对各种细节作具体描绘。马克思、恩格斯在展望未来社会时,总是只限于指出未
来社会发展的方向、原则和基本特征,而把具体情形留给后来的实践去回答。D错误。
22. 答案 BCD
简析B、C、D正确。新中国成立之初,当时的设想是“一举过渡”。随着民主革命遗留任务的彻
底完成和国内阶级关系、主要矛盾的变化,国民经济的恢复、初步发展和中国社会经济成分的变
化,中共中央对向社会主义过渡步骤的认识也发生了变化。1952 年 9 月 24 日,毛泽东在中共中
央书记处会议上提出,我们要在“十年到十五年基本上完成社会主义,不是十年以后才过渡到社
会主义”。刘少奇周恩来等也都论述过“从现在逐步过渡到社会主义去”的设想。这是“建设和
改造同时并举,逐步过渡”的设想。提出过渡时期总路线,就是这一转变的结果。A错误。
23.答案ABCD
简析《民营经济促进法》规定：民营经济是社会主义市场经济的重要组成部分,是推进中国式现
代化的生力军,是高质量发展的重要基础,是推动我国全面建成社会主义现代化强国、实现中华
民族伟大复兴的重要力量。促进民营经济持续、健康、高质量发展，是国家长期坚持的重大方针
政策。A、B、C、D 全选。
CS
扫描全能王
3亿人都在用的扫描APP
@@@PAGE 27
2026考研政治终极预测4套卷
24.
答案ABC
简桁中国创新的"加速度”,离不开坚实的政策支持和丰沃的培育土壤。中国深人实施创新驱
动发展战略,锚定科技强国建设目标,加强基础研究和科技攻关,提升国家创新体系整体效能，
为高水平科技自立自强提供有力支撑。从支持企业参与国家重大科研任务，到持续优化税收优
惠政策,向企业开放政府应用场景,中国广阔的市场空间、丰富的应用场景,为企业创新提供了
丰厚土壤。A、B、C正确。企业是科技创新的主体。习近平指出,要推动人工智能科技创新与产
业创新深度融合,构建企业主导的产学研用协同创新体系,助力传统产业改造升级,开辟战略性
新兴产业和未来产业发展新赛道。D错误(错在“政府”主导)。
25.
答案ABCD
简析党的二十届四中全会通过的《中共中央关于制定国民经济和社会发展第十五个五年规划
的建议》，深刻把握文化发展规律，提出“激发全民族文化创新创造活力，繁荣发展社会主义文
化”的战略任务，体现了新时代中国共产党人高度的文化自觉,为社会主义文化强国建设指明了
前进方向。激发创新创造活力是建设文化强国的关键。建设社会主义文化强国是我们党作出
的重大战略决策,事关中国式现代化建设全局，事关中华民族复兴大业，事关提升国际竞争力。
(1)激发创新创造活力是推动文化繁荣的必然要求。创新创造是文化的生命力。（2)激发创新
创造活力是满足人民精神文化需求的必然要求。习近平强调,文化强国之“强”最终要体现在人
民的思想境界、精神状态、文化修养上。(3)激发创新创造活力是在国际文化竞争中赢得主动的
必然要求。激发文化创新创造活力，目的是繁荣发展社会主义文化,是有方向、有立场、有原则的，
关键是坚持和加强党的全面领导,坚定不移走中国特色社会主义文化发展道路。A、B、C、D全选。
26.答案ABCD
简析中共中央政治局于2025年9月29日就系统推进我国宗教中国化进行第二十二次集体学
习。习近平在主持学习时强调,我国是中国共产党领导的社会主义国家,积极引导宗教与社会
主义社会相适应是必然要求。我国各宗教只有始终扎根中华大地、浸润中华文化,才能健康传
承。要植根中华五千年文明，推动我国宗教同中华优秀传统文化相融合，引导宗教界人士和信
教群众增强中华文化认同感。激发宗教界主动作为、自我变革,对推进我国宗教中国化至关重
要。依法治理宗教事务，是正确处理宗教领域各种矛盾和问题的根本途径。A、B、C、D全选。
27.答案ACD
[简析A、C、D正确。辛亥革命激发了人民的爱国热情和民族觉醒，打开了禁思想进步的闸
门。五四运动以全民族的行动激发了追求真理、追求进步的伟大觉醒,它改变了以往只有觉悟
的革命者而缺少觉醒的人民大众的斗争状况,实现了中国人民和中华民族自鸦片战争以来的第
一次全面觉醒。B错误。
28.答案ABC
简析洛川会议是在全面抗战刚刚爆发的历史转折关头召开的一次重要会议。会议制定的党的
全面抗战路线，把实行全民族抗战与争取人民民主、改善人民生活结合起来，把反对外敌入侵与
推进社会进步统一起来,正确处理了民族矛盾与阶级矛盾的关系。A、B,C 正确。1935 年 12 月,
中共中央在陕北瓦窑堡召开的政治局扩大会议确立了建立广泛的抗日民族统一战线的新策略。
D错误。
CS
扫描全能王
3亿人都在用的扫描APP
@@@PAGE 28
2026考研政治终极预测4套卷（三）
答案及解析
答案BCD
简析中共七大制定了党的政治路线，即“放手发动群众，壮大人民力量，在我党的领导下，打败
日本侵略者,解放全国人民,建立一个新民主主义的中国”；制定了新民主主义国家在政治、经
济、文化方面的纲领;把党在长期奋斗中形成的优良作风概括为三大作风,即理论和实践相结合
的作风、和人民群众紧密地联系在一起的作风、自我批评的作风。B、C、D 正确。毛泽东在党的
七届二中全会上提出了“两个务必”的思想，即“务必使同志们继续地保持谦虚、谨慎、不骄、不躁
的作风,务必使同志们继续地保持艰苦奋斗的作风”。A错误。
30.答案ABC
简析A、B、C正确。新时代公民道德建设的重点任务是筑牢理想信念之基、培育和践行社会主
义核心价值观、传承中华传统美德、弘扬民族精神和时代精神。D错误。
31. 答案ACD
简析社会经济权利,是指公民要求国家根据社会经济的发展状况,积极采取措施干预社会经济
生活,加强社会建设,提供社会服务,以促进公民的自由和幸福,保障公民过上健康而有尊严的
权;四是物质帮助权。A、C、D正确。财产权主要包括以下几方面内容：一是私有财产权,即公民
个人所有的以财产利益为内容,直接体现财产利益的民事权利;二是继承权,是指继承人依法取
得被继承人遗产的资格。B错误。
32.答案ABCD
简析2025 年9月11日,外交部发言人林剑主持例行记者会时表示,黄岩岛是中国的固有领土，
建立黄岩岛国家级自然保护区是中方主权范围内的事,旨在保护黄岩岛的生态环境,维护黄岩
岛自然生态系统多样性、稳定性、持续性,符合中国国内法和国际法,也充分体现中方作为负责
任大国,积极保护生态环境,推动实现可持续发展的使命担当。A、B、C、D 全选。
33.
答案ABC
简析习近平在《共同开创可持续的美好明天》的重要讲话中指出,当前,新一轮科技革命和产业
变革深入发展,为人类社会开辟了新前景。同时,世界经济增长动能不足,全球发展赤字扩大，
气候变化、粮食和能源安全等挑战加剧。亚太各经济体应该加强互利合作,把握新机遇,应对新
挑战,共同开创可持续的美好明天。习近平提出3点建议：一是强化数智赋能,塑造亚太创新发
展新优势。二是坚持绿色低碳,打造亚太可持续发展新范式。三是落实普惠共享,展现亚太包
容发展新气象。A、B,C 正确。2025 年,韩国提出应对人口结构变化合作倡议,这有助于促进亚
太包容发展。中国将加快完善覆盖全人群、全生命周期的人口服务体系,大力发展银发经济，促
进人口高质量发展。中方将推动落实人工智能助力卫生健康、提升女性数字素养等倡议,让更
多合作成果惠及亚太地区人民。D错误。
三、材料分析题
34.者答案（1)联系的观点是唯物辩证法的总观点和总特征之一。世界上的万事万物既作为个
体事物存在,又作为联系中的事物存在。联系具有普遍性。任何事物都不能孤立存在,都同其
他事物处于一定的联系之中。整个世界是相互联系的统一整体。联系具有条件性。在尊重客
观规律的前提下,人可以改变和创造条件，推动事物向着有利的方向发展。
CS
扫描全能王
3忆人都在用的扫描APP
@@@PAGE 29
2026考研政治终极预测Q套卷
(2)创新思维能力是对常规思维的突破，是破除迷信，超越陈规，善于因时制宜、知难而进、
开拓创新的能力。创新思维能力意味着不墨守成规，在求新、求变中创造性地提出问题和解决
问题。“借牧模式的创新之处就在于，人们能够敏锐地发现事物固有的联系，并能动地建立新
的联系,进而利用这种联系来促进事物的良性发展。
自然地理环境是人类社会生存和发展永恒的、必要的条件,是人们生活和生产的自然基础。
自然生态平衡对社会生活起着重要作用。合理地利用自然资源，保护生态平衡，是社会得以正
常发展的必要条件。人类在实践活动中按照自己的意愿改造世界的同时必须遵循自然规律，否
则将会导致人与自然关系的失衡。马克思认为,应当合理地调节人与自然之间的物质变换，在
最无愧于和最适合人类本性的条件下进行这种物质变换。
35.参考答案（1)中国式现代化是全体人民共同富裕的现代化。这是中国式现代化区别于西方现
代化的显著标志。中国式现代化坚持以人民为中心,突出现代化方向的人民性,把实现人民对
美好生活的向往作为现代化建设的出发点和落脚点,在推动高质量发展的同时，解决好地区差
距、城乡差距、收人分配差距，着力维护和促进社会公平正义，坚决防止两极分化。
推动区域协调发展，是解决发展不平衡不充分问题的重要途径，是推动高质量发展、促进共
同富裕的内在要求。在现代化进程中，推动区域协调发展迈向更高水平,提升各地区居民的收
入水平和生活质量,进一步提高发展的平衡性、协调性、包容性,有助于实现发展成果共享。
(2)中国式现代化是物质文明和精神文明相协调的现代化。物质富足、精神富有是社会主
义现代化的根本要求。必须坚持两手抓、两手硬,不断厚植现代化的物质基础,不断夯实人民幸
福生活的物质条件，同时大力发展社会主义先进文化，加强理想信念教育，传承中华文明，促进
物的全面丰富和人的全面发展。
人文经济学，打破“重物质轻精神”的传统发展逻辑,追求物质与精神的同频共振、协调发
展。推动高质量发展，文化是重要支点。文化的力量是经济发展的新引擎和助推器，将中华优
秀传统文化中蕴含的人文精神融人社会主义市场经济，可以让人文精神为高质量发展创造文化
新动能。满足人民日益增长的美好生活需要,文化是重要因素。只有坚持以人民为中心,大力
繁荣文化事业，加快发展文化产业，才能提供更多更好的精神食粮，不断提升人民的幸福指数。
在中国式现代化进程中，要继续做好“人文经济学”大文章，以文化赋能经济社会发展，推动人文
和经济共生共荣、相得益彰。
上确立了毛泽东同志在党中央和红军的领导地位,开始确立以毛泽东同志为主要代表的马克思
主义正确路线在党中央的领导地位,开始形成以毛泽东同志为核心的党的第一代中央领导集
体,开启了党独立自主解决中国革命实际问题的新阶段。
遵义会议前后党的历史表明,核心问题至关紧要。坚强的领导核心和科学的理论指导是关
乎党和国家前途命运、党和人民事业成败的根本性问题。新时代的伟大变革，是在以习近平同
志为核心的党中央坚强领导下、在习近平新时代中国特色社会主义思想指引下全党全军全国各
族人民团结奋斗取得的。新时代的伟大实践充分证明，“两个确立”是新时代党和国家事业取得
历史性成就,发生历史性变革的决定性因素,是党和人民应对一切不确定性的最大确定性、最大
底气、最大保证
CS
扫描全能王
74
3忆人都在用的扫描APP
@@@PAGE 30
2026考研政治终极预测4套卷（三）
答案及解析
(2)长征的过程,不仅是战胜敌人、赢得胜利、实现战略目标的过程,而且是联系实际、创新
理论、探索革命道路的过程。第五次反“围剿”失败后，中国革命面临着方向和道路的快择。长
征途中，我们党通过艰苦卓绝的实践探索，成功把解决生存危机同拯救民族危亡联系在一起，把
长征的大方向同建立抗日前进阵地联系在一起,实现了国内革命战争向抗日民族战争的转变，
为夺取中国人民抗日战争胜利、进而夺取新民主主义革命胜利打下了坚实基础。长征胜利启示
我们：只有立足实际、独立自主开辟前进道路,才能不断走向胜利。
(3)中国共产党的中流砥柱作用表现在:第一,在民族危亡的历史关头,中国共产党率先高
举武装抗日旗帜。第二，秉持民族大义，倡导、促成并始终坚决维护和巩固发展抗日民族统一战
线。第三，坚持全面抗战路线,提出和实施持久战的战略总方针和一整套人民战争的战略战术，
开展敌后游击战争,开辟敌后战场,建设巩固的抗日民主根据地,成为坚持抗战的中坚力量。第
四，以自己的政治主张、坚定意志、模范行动,支撑起全民族救亡图存的希望。
由于国共两党代表不同的阶级利益,参加抗战的目的不尽相同,实行的抗战路线不同,统一
战线内部不可避免地存在着矛盾和斗争。全民族抗战伊始，中共中央就提出必须在统一战线中
坚持独立自主原则。为此,共产党必须保持在思想上、政治上和组织上的独立性,必须坚持对人
民军队的绝对领导，必须对国民党采取又团结又斗争、以斗争求团结的方针。为了抗日民族统
一战线的坚持、扩大和巩固，中国共产党还制定了“发展进步势力、争取中间势力、孤立顽固势
力”的策略总方针。
37.参考答案（1)人生价值内在地包含了人生的自我价值和社会价值两个方面。人生的自我价
值,是个体的人生活动对自已的生存和发展所具有的价值。人生的社会价值,是个体的实践活
动对社会、他人所具有的价值。人生.的自我价值和社会价值，既相互区别，又密切联系、相互依
存。一方面，人生的自我价值是个体生存和发展的必要条件，人生的自我价值的实现是个体为
社会创造更大价值的前提。另一方面，人生的社会价值是社会存在和发展的重要条件，人生社
会价值的实现是个体自我完善、全面发展的保障。年轻人响应党的号召到西部边珊地区教书育
人，对社会发挥了积极作用，自身也得到历练和成长，正体现了个人价值与社会价值的密切联
系、相互依存。
(2)首先,要树立崇高的职业理想。职业活动不仅是人们谋生的手段,也是人们奉献社会、
完善自身的必要条件。其次,要服从社会发展的需要。在考虑个人兴趣和意愿的同时，也要充
分考虑社会的需要和现实的可能性,把自已对职业的期望与社会的需要、现实的可能结合起来。
最后,要牢固树立幸福生活是靠劳动创造的观念。热爱劳动、勤勉工作,无论从事什么劳动，都
要干一行、爱一行、钻一行,脚踏实地,在实践中一步步成长起来。
新时代青年应当坚定理想信念，厚植家国情怀，练就过硬本领，发扬奋斗精神，到祖国和人
民最需要的地方发光发热，为中国式现代化建设贡献青春力量。
38.参考答案（1)中国是首批缔约《联合国气候变化框架公约》、最早签署和批准《巴黎协定》的国
家。近些年来,我国站在对人类文明负责的高度,积极参与国际合作和全球治理,提出共建地球
生命共同体，作出碳达峰碳中和的庄严承诺并付诸实施，深人推进应对气候变化、海洋污染治
理、生物多样性保护等领域国际合作,承担大国责任，展现大国担当，实现了由参与者到引领者
的重大转变。在全球气候治理的关键时刻,中国宣布新一轮国家自主贡献,为遭遇困境的全球气
候治理进程注入了信心与希望。中国积极传播生态文明理念,提出绿水青山就是金山银山理念,科
学回应生态文明世界之问,为世界各国处理发展与保护的关系提供了中国方案，广泛影响
CS
扫描全能王
3亿人都在用的扫描APP
@@@PAGE 31
2026考研政治终极预测④套卷
(2)构建人类命运共同体,就是要携手世界各国人民共同建设持久和平、普遍安全、共同繁
荣、开放包容、清洁美丽的世界。中国不仅是这一理念的倡导者,更是行动派。
中国坚持真正的多边主义，以共商共建共享赋能全球治理。中国提出人类命运共同体理念
和全球发展倡议、全球安全倡议、全球文明倡议,全球治理倡议，为全球治理提供了中国方案。
中国是世界经济增长的主要稳定器和动力源。中国通过自身经济的持续健康发展,为全球各国
提供了广阔的市场机会、丰富的产品和宝贵的投资机会。中国主动扩大对外开放,连续缩减外
资准人负面清单，高质量举办中国国际进口博览会，主动扩大优质产品与服务进口，以实际行动
向世界分享中国市场机遇。
当今世界变乱交织,确定性、稳定性成为全球稀缺资源。今天的中国坚定做“赋能型大国”，
坚持做世界和平的建设者、全球发展的贡献者、国际秩序的维护者,积极践行四大全球倡议，推
动构建人类命运共同体,将继续以自身发展和对外政策的确定性为全球增添稳定性。
（注：关于中国“赋能”的角度有很多，比如开放共享、技术普惠、共建“一带一路”、
推进绿色国际合作等。 本题答案给出了几个重点角度，其他角度考生可自由发挥）
CS
扫描全能王
76
3忆人都在用的扫描APP
@@@PAGE 32
2026考研政治终极预测4套卷（四）答案及解析
2026考研政治终极预测4套卷（四）答案及解析
答案速查
单项选择题
10
12
11
13
14
16
二、多项选择题
18
17
19
CD
20
21
AD
AB
22
ACD
ABC
ABCD
23
25
28
BCD
24
ABC
ABCD
ABC
ABCD
BCD
29
31
30
32
ABD
ABD
ABC
ABCD
33
ABCD
单项选择题
1.答案C
简析C正确。实践是检验真理的唯一标准，A错误。人们的历史选择活动必须遵循社会发展的
客观规律,而且参与历史活动的个人不一定都属于人民群众的范畴,B错误。社会基本矛盾是历
史发展的根本动力,D错误。
2.答案D
简析人工智能可以模拟和扩展人脑的某些活动,甚至在计算速度和准确度、程序化任务的执行
能力等方面的表现超出人类所能。D正确。实践的主体只能是人，人工智能是人类创造和使用的
工具。认识的深化和发展,归根结底依赖于人类的实践活动。A错误。人工智能能够获得人类意
识中可以化约为数字信号的内容,但人脑中总有许多东西是无法被化约的。B错误。尽管人工智
能可以模拟和扩展人脑的某些活动,但即使是计算能力最强大、最先进的智能机器,也达不到人
类智能的层级,无法真正具有人的意识,不可能取代或超越人类智能。人工智能可以辅助人们决
策,但无法代替人们以知情意统一为基础的整体决策。C 错误。
3. 答案 A
简析劳动力成为商品,标志着简单商品生产发展到资本主义商品生产的新阶段。在这一阶段,
资本家与工人的关系,形式上是“自由”“平等”的买卖关系,而实质上是资本家支配和剥削工人的
雇佣劳动关系。 A 正确。
4.1答案 C
财富的创造和积累的同时,也推动资本积累方式从一般产业资本积累向国际金融断资本积累
转变,国际金融资本的垄断成为当代资本主义最突出、最鲜明、最主要的特征。C 1
CS
扫描全能王
3忆人都在用的扫描APP
@@@PAGE 33
2026考研政治终极预测4套卷
5. 答案B
[简析B正确。A是新中国成立至全国土地改革基本完成期间国内的主要矛盾;C是社会基本矛
盾,贯穿人类社会发展过程的始终;D是社会主义改造完成后中国社会的主要矛盾。
点拨
题干问的是土改基本完成（1952年底）之后国内的主要矛盾，不是土改完成之前的主要
矛盾。
6. 答案B
简析习近平在广东考察时指出,发展乡村特色产业是推进乡村全面振兴的基础,要加强科技应
用,推动农文旅融合,不断延伸产业链、增加附加值,带动更多农民群众增收致富。B正确。实施
乡村振兴战略,农业农村现代化是总目标，坚持农业农村优先发展是总方针,产业兴旺、生态宜
居、乡风文明、治理有效、生活富裕是总要求,建立健全城乡融合发展体制机制和政策体系是制度
保障。A、D错误。农业农村部印发的《国家乡村振兴示范县创建工作方案》,从五个方面重点部
署国家乡村振兴示范县创建任务，“持续深化农村科技和改革创新”是其中之一。C错误。
7. 答案B
简析
习近平在全国民族团结进步表彰大会上的讲话中指出,各民族血脉相融,是中华民族共同
体形成和发展的历史根基；各民族信念相同，是中华民族缔造统一的多民族国家的内生动力；各
民族文化相通，是中华民族铸就多元一体文明格局的文化基因；各民族经济相依，是中华民族构
建统一经济体的强大力量;各民族情感相亲,是中华民族一家亲的坚强纽带。B 正确，A、C、D
错误。
8. 答案 D
简析习近平在主持二十届中央政治局第十四次集体学习时强调,促进高质量充分就业,是新时
代新征程就业工作的新定位、新使命。要坚持以人民为中心的发展思想,全面贯彻劳动者自主就
业、市场调节就业、政府促进就业和鼓励创业的方针，持续促进就业质的有效提升和量的合理增
长,不断增强广大劳动者的获得感幸福感安全感,为以中国式现代化全面推进强国建设、民族复
兴伟业提供有力支撑。D 正确,A、B,C错误。
点拨人力资源供需不匹配，是当前我国就业领域面临的主要矛盾。
9. 答案 C
简析国务院新闻办公室于2025年11月8日发布《碳达峰碳中和的中国行动》白皮书。白皮书
指出,能源活动是碳排放的最主要来源,能源绿色低碳转型是实现碳达峰碳中和的关键。节能是
从源头减少碳排放的重要抓手，循环经济对碳减排具有重要促进作用，生态系统碳汇是实现减排
固碳的重要途径。中国深人实施节能降碳增效行动、循环经济助力降碳行动、碳汇能力巩固提升
行动,取得积极成效。C正确。
10.答案索A
简析
洋务运动坚持“中学为体，西学为用”，仅引进西方技术而不改变政治制度。维新派突破洋
务派“中体西用”思想的局限，主张学习西方政治制度，用君主立宪制取代君主专制制度。戊戌
维新运动虽然未能成功地建立起资本主义的君主立宪制度,其颁布的促进民族资本主义发展的
若干措施也未能生效，但在政治、经济等领域一定程度上冲击了封建制度。A正确。洋务运动是
由封建统治阶级中的部分成员如奕近、曾国藩、李鸿章、左宗棠、张之洞等发起的
CS
扫描全能王
78
3忆人都在用的扫描APP
@@@PAGE 34
2026考研政治终极预测4套卷（四）答案及解析
为“洋务派”。他们发起洋务运动主要是为了维护封建统治，并不是要使中国朝着独立的资本主
义方向发展。维新派的局限性突出地表现为不敢否定封建主义。他们在政治上不敢根本否定
封建君主制度，只是幻想依靠光绪皇帝“以君权雷厉风行”通过和平、合法的手段，实现自上而
下的改良，让资产阶级和开明士绅的代表参加政权，逐步实现君主立宪。维新派的活动基本上
众。B、C错误。洋务运动历时30多年,虽然办起了一批企业，建立了海军,却没有使中国富强起
来。甲午战争一役,洋务派经营多年的北洋海军全军覆没,标志着以“自强”“求富”为目标的洋
务运动的失败。D错误。
11. 答案 D
中国同盟会,孙中山被公举为总理,黄兴被任命为执行部庶务,实际主持会内日常工作。同盟会
以《民报》为机关报,并确定了革命纲领。这是近代中国第一个领导资产阶级革命的全国性政
党。同盟会的成立,标志着中国资产阶级民主革命进入了一个新的阶段。D正确。关于革命与
改良的辩论发生在1905 年到 1907年,在同盟会成立之后,A 错误。1894 年 11 月,孙中山在檀香
山组建了第一个革命团体兴中会,立誓“驱除鞑虏,恢复中国,创立合众政府”。B错误。1921
年,在中国人民和中华民族的伟大觉醒中,在马克思列宁主义同中国工人运动的紧密结合中,中
国共产党应运而生。从此,中国人民就有了前进的主心骨,中国人民在精神上就由被动变为主
动,中国革命的面貌就焕然一新。C 错误。
12. 答案 B
简析1935年12月17日至25日，中国共产党在陕北瓦窑堡召开中共中央政治局扩大会议。会
议通过了《中共中央关于目前政治形势与党的任务的决议》。会后,毛泽东根据会议精神,在党
的活动分子会议上作了《论反对日本帝国主义的策略》的报告。毛泽东明确指出：“日本帝国主
是党的新策略即广泛的统一战线的出发点。”③④正确。因此,本题选B。
13. 答案 A
简析外交部发言人毛宁2025年11月20日表示,80年前,包括台湾同胞在内的中国军民浴血
奋战,打败日本侵略者,取得了抗日战争的伟大胜利,台湾回归祖国怀抱。《开罗宣言》《波茨坦
公告》《日本投降书》等一系列条约文书都明确了中国对台湾的主权。台湾光复是二战胜利成
果,是战后国际秩序的重要组成部分。①②③正确。因此,本题选 A。
14. 答案 C
简析公正是法治的生命线，是司法活动最高的价值追求。公正司法是维护社会公平正义的最
后一道防线。C正确。法律的权威源自人民的内心拥护和真诚信仰，全民守法是法治社会的基
础工程。A错误。法律是治国之重器,立法是法治的龙头环节。B错误。D不符合题意。
15. 答案D
简析2025年11月5日,我国第一艘电磁弹射型航空母舰福建舰人列授旗仪式在海南三亚某军
港举行。习近平出席入列授旗仪式并登舰视察。D 正确。
CS
扫描全能王
3忆人都在用的扫描APP
@@@PAGE 35
2026考研政治终极预测0套卷
16. 答案 A
[简析2025年6月16日至18日，习近平应邀赴哈萨克斯坦出席第二届中国一中亚峰会。这是
2025年我国对中亚地区最重大外交行动,务实高效,影响深远。本届峰会最突出的亮点是习近
平主席宣布“中国一中亚精神”。A正确。本届峰会最鲜明的主题是六国元首共同宣布2025至
2026年为“中国中亚合作高质量发展年”。习近平主席同中亚五国元首见证签署高质量共建
文件,从战略高度和区域层面统筹推进合作,让中亚作为共建“一带一路”示范区的成色更足，动
力更强。本届峰会最重大的创举是六国元首共同签署“永久睦邻友好合作条约”，以法律形式将
世代友好的原则固定下来,这是六国关系史上新的里程碑,功在当代、利在千秋。B、C、D错误。
二、多项选择题
17.答案AD
简析合理地利用自然资源,保护生态平衡,是社会得以正常发展的必要条件。A正确。人与自
然可以和谐共生,保护自然生态与满足人的发展需要不是根本对立的。绿水青山就是金山银山
理念摒弃了经济发展与生态环境保护非此即彼的形而上学思维方式,深刻揭示了二者内在统一
的辩证关系,打破了经济发展与生态环境保护相对立的思维定势,确立了人与自然和谐共生的
发展观。D 正确。人在自然面前不是被动的、无能为力的,而是能动的、积极的。B.错误。共产
主义社会实现了人类解放，人类将最终从支配他们生活和命运的异已力量中解放出来，实现从
必然王国向自由王国的飞跃,开始自觉地创造自己的历史。只有到那个时候，人们才第一次成
为自然界的自觉的和真正的主人。C错误。
18.答案AB
简析矛盾无处不在,矛盾无时不有。人们就是在应对挑战和解决矛盾中推动社会发展的。A
正确。人类认识按其本性来说,能够正确认识无限发展着的物质世界,认识每前进一步，都是对
无限发展着的物质世界的接近,这一点是绝对的、无条件的。B正确。评价结果有正确与错误之
分，价值评价也有科学与非科学之别。科学的评价是客观公正、全面有效的评价。相反,非科学
的评价是歪曲、遮蔽客观的价值关系的评价。错误。物质生产实践是人类最基本的实践活动。
D错误。
19.答案CD
简析C、D正确。劳动是财富的源泉之一，但不是唯一源泉。财富或者说使用价值的生产,除了
劳动者外，还必须有劳动对象和劳动资料。A错误。使用价值是价值的物质承担者，价值寓于使
用价值之中。价值是交换价值的基础，交换价值是价值的表现形式。B错误。
20.答案ACD
简析垄断资本在国内建立了垄断统治后，必然要把其统治势力扩展到国外，建立国际垄断统
治。垄断资本向世界范围扩展的主要经济动因包括：(1)将国内过剩的资本输出,以便在国外谋
求高额利润；（2)将部分非要害的技术转移到国外，以取得在别国的垒断优势，搜取高额垄断利
润：（3)争夺商品销售市场；(4)确保原材料和能源的可靠来源。这些经济上的动因与垄断资本
主义在政治上、文化上、外交上的利益紧密联系在一起,交织发挥作用,共同促进了垄断资本向
世界范围的扩展。A、C、D正确。B错误。
CS
扫描全能王
80
3忆人都在用的扫描APP
@@@PAGE 36
2026米
考研政治终极预测4套卷（四）
答案及解析
21. 答案 ABC
简析
1920年底,苏维埃俄国击退外国武装干涉者,取得了国内战争的胜利,1921年初转人和平
经济建设时期。这时，国民经济已濒临崩溃，国内发生严重的经济和政治危机,再实行以余粮收
集制和取消商品货币关系为主要特征的战时共产主义政策,无法调动生产者尤其是农民的积极
性。在这种形势下,列宁深感如不改变政策将会失去广大群众,丢掉阶级基础。A、B、C 正确。
实行以发展商品经济为主要特征的新经济政策,与后来实行农业集体化没有关系,更谈不上摸
索经验。D错误。
22. 答案 ABCD
简析党的思想路线的重新确立,解决了一系列重大理论和实践问题。（1)坚持解放思想、实事
求是,有力推动和保证了拔乱反正的进行。（2)坚持解放思想、实事求是,破除了僵化的社会主
义模式观念,坚持走自己的路。（3)坚持解放思想、实事求是，一切从社会主义初级阶段的实际
出发。（4)坚持解放思想、实事求是,坚持以“三个有利于”作为检验一切工作是非得失的根本标
准,破除了在改革开放进程中离开发展生产力抽象谈论姓“社”姓“资”的思维定势,把我国的改
革开放和现代化建设推进到一个新的阶段。A、B、C、D 全选。
23. 答案 BCD
[简析2025年2月17日,习近平在北京出席民营企业座谈会并发表重要讲话。习近平指出，当
前民营经济发展确实面临一些困难和挑战。这些困难和挑战总体上是在改革发展、产业转型升
级过程中出现的而不是制度性的,是局部的而不是整体的,是暂时的而不是长期的,是能够克服
的而不是无解的。B、C、D 正确,A 错误。
24. 答案 ABC
简析2
幕式的国际奥委会主席考文垂和终身名誉主席巴赫。习近平强调,全运会是中国最大规模、最
高水平的综合性运动会，这届全运会由广东、香港、澳门三地合办。粤港澳大湾区是中国开放程
度最高、经济活力最强的区域之一。推进粤港澳大湾区建设,就是要打造中国新发展格局的战
略支点、高质量发展的示范地、中国式现代化的引领地。相信这届全运会不仅将见证新时代中
国体育事业发展的新成就,也将展现中国式现代化在粤港澳大湾区的万千气象。A、B、C正确。
11月6日，习近平在海南省三亚市听取海南自由贸易港建设工作汇报时强调,建设海南自由贸
易港的战略目标,就是要把海南自由贸易港打造成为引领我国新时代对外开放的重要门户。D
错误。
.25.答案ABCD
简析《中共中央关于制定国民经济和社会发展第十五个五年规划的建议》指出，现代化产业体
系是中国式现代化的物质技术基础。坚持把发展经济的着力点放在实体经济上,坚持智能化、绿
色化、融合化方向，加快建设制造强国、质量强国、航天强国、交通强国、网络强国，保持制造业合理
比重,构建以先进制造业为骨干的现代化产业体系。《建议》强调,要优化提升传统产业，培育壮大
新兴产业和未来产业，促进服务业优质高效发展，构建现代化基础设施体系。A、B、C."-个-
CS
扫描全能王
3忆人都在用的扫描APP
@@@PAGE 37
2026考研政治终极预测④套卷
26.答案ABCD
[简析2025年8月10日，新华社国家高端智库与习近平生态文明思想研究中心在北京共同发布
《绿水青山绘就美丽画卷一一生态文明建设的中国创新与世界意义》智库报告。报告指出，绿水
青山就是金山银山理念，创新和突破了现代环境经济理论；推进和拓展了中国式现代化道路；传
承和发展了中华优秀传统生态文化;推动和创造了人类文明新形态。A、B、C、D全选。
27.答案ABC
简析中国先进分子在接受马克思主义之后,并没有抛弃而是继承了五四运动的民主和科学的
精神,并赋予它们新的含义,使它们在更高层次上得到了发扬。马克思主义的传播,并没有中断
或取消五四运动以前开始的反封建的思想启蒙工作,而是克服了以往启蒙者的弱点,有力推动
了反封建的启蒙运动。中国的先进分子以唯物史观为武器,从反对封建思想入手,进而提出必
须反对产生封建思想的社会制度;把反封建思想斗争的立足点,从争取个人的个性解放,扩展到
争取人民群众的社会解放的高度;把反封建的斗争方式,从少数人进行的思想批判,逐步发展为
人民群众的革命实践。A、B、C正确。把改造国民性置于优先地位是五四以前的新文化运动的
主张,D错误。
28.答案BCD
简析毛泽东之所以把抗日游击战争提高到战略地位来考察,是因为：在中国这样一个大国中，
特别是在民族战争条件下,游击战争有充分的活动地盘和极为广大的群众基础,能够大规模地
进行。抗日游击战争主要不是内线配合正规军的战役作战,而是在外线单独作战,并有自已一
整套的防御和进攻的战略战术。抗日战争的长期性,又使得在广泛发动游击战争中,要解决创
建根据地和建立人民政权的战略任务。在长期的不断削弱敌人、壮大自已的斗争中，游击军和
游击战必将向正规军和运动战发展,形成为最后战胜敌人的强大战斗力量。B、C、D正确。在战
略防御阶段,从全局看,国民党正面战场的正规战是主要的,敌后游击战是辅助的。日本侵略者
以国民党军队为主要作战对象。以国民党军队为主体的正面战场担负了抗击日军战略进攻的
主要任务,组织了淞沪、忻口、徐州、武汉会战等一系列大战役。A错误。
29. 答案 ABD
简析A、B、D正确。“在社会主义改造基本完成以后,我国所要解决的主要矛盾,是人民日益增
长的物质文化需要同落后的社会生产之间的矛盾”这是1981年党的十一届六中全会通过的
《关于建国以来党的若干历史问题的决议》对我国社会主要矛盾的规范表述,并不是毛泽东在
《关于正确处理人民内部矛盾的问题》的报告中提出的，C错误。
30.答案ABC
简析
道德作为维系社会稳定、促进国家发展的重要因素，对巩固特定社会的经济基础和上层建
筑具有不可替代的重要作用。同时,道德作为激励人们改造客观世界和主观世界的一种精神力
量，也是提高人的精神境界、促进人的自我完善、推动人的全面发展的内在动力。道德是一种以
指导人的行为为目的、以形成人的正确行为方式为内容的精神,在本质上是知行合一的。A、B、C
正确。只有反映先进生产力发展要求和进步阶级利益的道德,才会对社会的发展和人的素质的
CS
扫描全能王
82
3忆人都在用的扫描APP
@@@PAGE 38
2026考研政治终极预测4套卷（四）
答案及解析
31.答案ABD
简析法律权利与法律义务就像一枚硬币的两面,不可分割,相互依存。在社会生活中，每个人
既是享受法律权利的主体,又是承担法律义务的主体。在法治国家,不存在只享受权利的主体，
也不存在只承担义务的主体。法律权利的实现必须以相应法律义务的履行为条件；法律义务的
设定和履行也必须以法律权利的行使为根据。离开了法律权利，法律义务就失去了履行的价值
和动力;离开了法律义务,法律权利也形同虚设。A、B、D正确。有些法律权利和法律义务具有
复合性的关系，即一个行为可以同时是权利行为和义务行为，如劳动的权利和义务、接受义务教
育的权利和义务等。C错误。
32.答案ABCD
简析“十五运会”于2025年11月21日落下幕。多位港澳各界代表人士表示，“十五运会”的
闭幕不是句号，而是粤港澳大湾区融合发展向前推进的蕲新起点。“十五运会”是中央支持香港
澳门融入国家发展大局、深化粤港澳大湾区融合发展的生动实践，是粤港澳三地携手同心、演绎
融合发展的经典之作，也是“一国两制”实践进入新阶段、港澳履行贡献国家使命的重要体现。
“十五运会”由粤港澳三地联合圆满承办,在中国体育史上具有开创性意义。本届全运会就像一
座桥梁,既连通三地基础设施,更促进民心相通。A、B、C、D全选。
33. 答案ABCD
简析
COP30 中国代表团团长、生态环境部副部长李高表示，中国坚持多边主义，推动大会取得
了多项成果,其中包括坚持共同但有区别的责任原则,维护《巴黎协定》的制度安排，特别是国家
自主贡献制度；气候多边进程中首次纳入了反对单边措施的相关机制；建立了公正转型的工作
机制。中国还与其他发展中国家共同努力,推动发达国家增加对发展中国家适应资金的支持，
为大会取得积极成果作出了重要贡献。A、B、C、D全选。
L三、材料分析题
34.
参考答案（1）“不唯上、不唯书、只唯实”就是反对盲从权威,反对本本主义，一切从实际出发。
一切从实际出发是马克思主义认识论的根本要求和具体体现。从实际出发，就是要从变化发展
着的客观实际出发,从特定的社会历史条件出发,按照客观世界的本来面目认识世界而不附加
任何外来的主观成分。从根本上说,就是要从客观事物存在和发展的规律出发，在实践中按照
客观规律办事。
实践决定认识，实践是认识的来源、动力、目的和检验认识真理性的唯一标准。真理只能通
过实践来检验和发展。任何真理都是绝对性和相对性的统一。如果片面夸大真理的绝对性,否
认真理的相对性，认为真理是永恒不变的，,把书本上的知识当作一成不变的公式,到处生搬硬
套，在实际工作中就会犯教条主义、思想侮化的错误。
（注：还可以从实践与认识的辩证运动角度进行分析，客观实践是具体的、历史的，客观
实践变化了，主观认识也应当随之转变）
CS
扫描全能王
3亿人都在用的扫描APP
@@@PAGE 39
2026考研政治终极预测④套卷
（2）“跳出自身、着眼全局”“从更高的维度、更长的周期来看自身、看当下”体现了辩证思维
能力、系统思维能力和战略思维能力。辩证思维是在分析和解决问题时贯彻运用唯物辩证法的
基本观点和方法。提高辩证思维能力，要求我们联系地而不是孤立地、发展地而不是静止地、全
面地而不是片面地、系统地而不是零散地观察事物。系统思维能力是全面系统地分析和处理问
题的能力。坚持系统观念,提高系统思维能力，要把握好全局与局部、当前与长远的关系，加强
前瞻性思考、全局性谋划、战略性布局和整体性推进。战略思维能力强调思维的整体性、全局
性、长期性，是高瞻远瞩、统揽全局、善于把握事物发展总体趋势和方向的能力。培养和提高战
略思维能力，要求我们不断开阔视野,学会站在战略和全局的高度观察和处理问题。
35.
参考答案（1）科技兴则民族兴,科技强则国家强。实现高水平科技自立自强是国家强盛和民
族复兴的战略基石，是应对风险挑战和维护国家利益的必然选择，是构建新发展格局、推动高质
量发展、满足人民美好生活需要的内在要求。高水平科技自立自强是高质量发展的战略支撑。
推动高质量发展，以质量变革、效率变革、动力变革推动现代化经济体系建设，要求以强大科技
作支撑,提供新的发展空间、关键着力点和主要支撑体系。面对复杂严峻的国内外形势,以高水
平科技自立自强筑牢高质量发展根基,才能积极应对各种不确定性不稳定性。
新质生产力是创新起主导作用，摆脱传统经济增长方式、生产力发展路径，具有高科技、高
效能、高质量特征，符合新发展理念的先进生产力质态。发展新质生产力，科技创新是核心要
素,全要素生产率大幅提升是核心标志。发展新质生产力是推动高质量发展的内在要求和重要
着力点。依靠科技现代化、推动科技创新,因地制宜发展新质生产力，提高全要素生产率，才能
为高质量发展提供动力引擎。
(2)统筹发展和安全,是党和国家的一项基础性工作,是我们党治国理政的一个重大原则。
第一，发展和安全是两件大事。发展解决的是动力问题，是推动国家和民族续绵延的根
本支撑;安全解决的是保障问题，是确保国家和民族行稳致远的坚强柱石。
第二，发展具有基础性、根本性，是解决安全问题的总钥匙，发展就是最大的安全。安全是
发展的条件和保障,没有国家安全,发展取得的成果也可能毁于一旦。
第三,发展是硬道理,安全也是硬道理,要把发展和安全统一起来，共同谋划、一体部署、相
互促进。要在发展中固安全，在安全中谋发展，以新安全格局保障新发展格局，努力实现高质量
发展和高水平安全良性互动。
36.参考答案
(1)抗战时期,毛泽东把党的建设作为“伟大的工程”来实施，不仅重视党的思想建
设、组织建设，而且十分重视党的作风建设,通过树立良好形象，大大提升了党的凝聚力、号召力
和战斗力。延安时期是中国共产党优良作风培育形成的重要历史时期。在这个时期,毛泽东提
出了“党的作风”这一概念,并以身作则,高度重视作风建设,始终保持马克思主义政党的先进性
纯洁性,保持革命队伍旺盛的斗志和廉洁的作风,并在总结历史经验的基础上,形成了理论联系
实际、密切联系群众、批评和自我批评三大优良作风，最终以“延安作风”打败了“西安作风”。这
也充分说明,党的作风就是党的形象,关系人心向背,关系党的生死存亡。
（2)土地革命战争时期，党提出并践行了“三大纪律八项注意”。抗日战争时期,党创造性地
以整风的形式,旗帜鲜明地反对主观主义、宗派主义、党八股,加强党的作风建设。在延安,党形
成了“三大作风”。党的七届二中全会提出了“两个务必”，为即将在全国执政的尝发出钟_新
CS
扫描全能王
84
3亿人都在用的扫描APP
@@@PAGE 40
2026考研政治终极预测4套卷（四）
答案及解析
中国成立以来，党立足于执掌全国政权所提出的党的建设新任务，始终将党的作风建设摆在突
出位置。党的十八大以来，以习近平同志为核心的党中央找到了“自我革命”这个跳出历史周期
率的第二个答案，从制定和落实中央八项规定开局破题，以踏石留印、抓铁有痕的力度和劲头狠
抓党的作风建设。历史和实践证明，中央八项规定精神与“延安作风”既一脉相承又与时俱进，
始终保持党同人民群众的血肉联系，擦亮了作风建设的“金色名片”。
作风建设“必须常抓不懈、久久为功”,这是由党的作风建设的重要性决定的。作风建设是
党的建设的永恒主题。同时，作风上的问题具有顽固性、反复性，既要打攻坚战，又要打持久战，
必须常抓不懈、久久为功，真正化风成俗，以优良党风引领社风民风。当前，要锲而不舍落实中
央八项规定精神，推进作风建设常态化长效化，以优良作风凝心聚力、真抓实干，不断开创事业
发展新局面。
37.参考答案
（1)公共生活需要公共秩序。有序的公共生活是社会生产活动的重要基础，是提高
社会成员生活质量的基本保障，更是社会文明的重要标志。为了维护公共利益、公共秩序、社会
和谐稳定，人们在社会交往和公共生活中都应遵守社会公德。遵纪守法是全体公民都必须遵循
的基本行为准则，是维护公共生活秩序的重要条件，每个社会成员既要遵守国家颁布的有关法
律、法规,也要遵守特定公共场所和单位的有关纪律规定。
(2)家庭是社会的基本细胞,家风是社会风气的重要组成部分。良好的家风,对家庭成员的
个人修养产生着重要的作用，也对整个社会道德风尚的形成产生着重要的影响。当无数家庭的
美好风尚汇聚在一起，便会成为推动整个社会向上向善、维护和谐稳定的深沉力量。
“最美家庭”厚植家国情怀、弘扬传统美德、传承优良家风，与社会主义核心价值观是息息相
通的，是涵养社会主义核心价值观的深厚土壤。这些家庭，重言传、重身教，教知识、育品德，让
美德在家庭中生根、在亲情中升华,引导家庭成员特别是下一代热爱党、热爱祖国、热爱人民、热
爱中华民族，正是社会主义核心价值观的具体体现。评选“最美家庭”，大力弘扬社会主义家庭
文明新风尚，有利于鼓励更多的人向“最美家庭”学习,用社会主义核心价值观影响更多的人，发
挥社会主义核心价值观强大的凝聚力、向心力的作用,进一步增进社会团结和谐的最大公约数。
38.参考答案（1）全人类共同价值是全人类关于价值的最大公约数。尽管各国历史、文化、制度、
发展水平不尽相同，但和平发展是共同事业，公平正义是共同理想，民主自由是共同追求。当
前,世界进入新的动荡变革期,全球性挑战层出不穷。化解人类面临的全球性矛盾和问题，既需
要物质力量的根本作用，又需要价值力量的精神引领。和平与发展是打破冲突对抗、走出安全
困境的唯一出路，公平与正义是弥合发展鸿沟、维护全球南方权益的必然要求，民主与自由是推
动文明互鉴、保障平等发展的价值前提。只有坚定弘扬全人类共同价值，才能为破解人类社会
的现实困境提供坚强有力的价值支撑，更好汇聚应对全球挑战的磅力量，共同朝着构建人类
命运共同体的崇高目标勇毅前行。
坚定弘扬全人类共同价值，与尊重文明多样性是并行不悸的。文明多样性是人类社会发展
的客观现实，也是人类进步的不竭动力。文明因多样而交流，因交流而互鉴，因互鉴而发展。不
同文明之间平等交流、互学互鉴，才能为人类破解时代难题、实现共同发展提供强大的精神
指引。
CS
扫描全能王
3忆人都在用的扫描APP
@@@PAGE 41
2026 考研政治终极预测④套卷
（2)历史和现实表明，自由贸易是推动经济全球化和全球发展的重要动力，是大势所趋、人
心所向。坚定践行自由贸易理念，坚决维护多边贸易体制，才能为全球发展注入确定性和稳
定性。
第一，中国坚定维护多边贸易体制。在单边主义引发世界局势动荡、多边贸易体系受到冲
击的形势下，中国发挥了领导作用,坚定支持以世界贸易组织为核心的多边贸易体系，坚决反对
贸易保护主义或贸易战，为世界提供了宝贵的稳定性。
第二，中国坚定维护全球产业链供应链稳定。坚持“拉手”而不是“松手”、“延链”而不是
“断链”，积极寻找更多利益契合点，支持供应链开放发展。
第三,中国坚定维护开放合作的国际环境。加快推进自由贸易试验区、海南自由贸易港建
设,实行更加积极主动的开放战略，稳步扩大制度型开放，建设更高水平开放型经济新体制，以
实际行动支持多边贸易体制、推动发展自由贸易。
CS
扫描全能王
86
3亿人都在用的扫描APP
@@@PAGE 42
2026考研政治
终极预测4套卷
附录
国开研学
微信小程序
微信公众号
二维码
CS
扫描全能王
3亿人都在用的扫描APP
@@@PAGE 43
附录一 
分析题背诵提纲
附录一
分析题背诵提纲
马原（第 34 题)一
卷(一)
（1）科学技术的作用，真理与价值
A.科学技术是推动社会文明进步的重要力量。每一次科技革命,都不同程度地引起生产方
式、生活方式和思维方式的深刻变化和社会的巨大进步。
B.科学技术的发展是一把“双刃剑”。科学技术的作用既受到一定客观条件如社会制度、利
益关系的影响,也受到一定主观条件如人们的观念和认识水平的影响。要始终坚持使科学
技术为人类的健康发展服务，让科技为人类造福。
人们的实践活动总是受着真理尺度和价值尺度的制约。任何成功的实践都是真理尺度和价
值尺度的统一，是合规律性和合目的性的统一。只有推动科技创新向善惠民,才能符合价值
尺度,从而达到真理尺度和价值尺度的统一。
（2）真理与谬误，成功与失败，发展的前进性与曲折性
A.真理与谬误、成功与失败在一定条件下能够相互转化。
B.由于认识的复杂性和曲折性以及各种条件的限制,任何人都有可能犯错误。但勇于正视错
误、反省错误、修正错误，终能让错误转化为正确，谬误转化为真理。在批判谬误中发
展真理，是谬误向真理转化的一种形式。
事物的发展是前进性与曲折性的统一。新事物在发展中遇到一些困难和问题是难以避免的,
但社会历史不断发展前进的总趋势是不变的。我们任何时候都不能失去开拓前进的信心和
勇气,同时又要高度重视和认真对待前进中的曲折,在应对挑战和解决矛盾中推动社会发展。
马原（第 34 题)一
卷(二)
（1）矛盾的特殊性
矛盾具有普遍性,即矛盾无处不在、无时不有。矛盾又具有特殊性,即各个具体事物的矛盾、
每一个矛盾的各个方面在发展的不同阶段上各有其特点。矛盾的特殊性决定了事物的不同
性质。只有具体分析矛盾的特殊性，才能认清事物的本质和发展规律,并采取正确的方法和
措施去解决矛盾,推动事物的发展。
矛盾分析方法的核心要求是善于分析矛盾的特殊性，做到具体矛盾具体分析,对具体情况、
具体问题作具体分析，做到因地制宜。
CS
扫描全能王
3亿人都在用的扫描APP
@@@PAGE 44
2026考研政治终极预测④套卷
（2）矛盾的对立统一，辩证思维
对立统一规律是唯物辩证法的实质和核心，它揭示了事物普遍联系的根本内容和变化发展
的内在动力。
矛盾的同一性和斗争性相互联结、相辅相成，构成了事物的矛盾运动,推动着事物的变化发
展。矛盾的同一性在事物发展中具有重要作用,矛盾双方可以相互吸取有利于自身的因素，
在相互作用中各自得到发展。
辩证思维要求我们用联系、发展、全面的观点看问题，从对立中把握统一，从统一中把握
对立。事物的发展不仅表现为“相反相成”,而且表现为“相辅相成”。
马原(第 34 题)——卷(三)
（1）联系的普追性、条件性
联系的观点是唯物辩证法的总观点和总特征之一。
联系具有普遍性。任何事物都不能孤立存在，都同其他事物处于一定的联系之中。整个世
界是相互联系的统一整体。
联系具有条件性。在尊重客观规律的前提下，人可以改变和创造条件，推动事物向着有利的
方向发展。
（2）人与自然，创新思维
A.创新思维能力是对常规思维的突破，是破除迷信，超越陈规，善于因时制宜、知难而
进、开拓创新的能力。创新思维能力意味着不墨守成规，在求新、求变中创造性地提出
问题和解决问题。
B.人们能够敏锐地发现事物固有的联系，并能动地建立新的联系，进而利用这种联系来促进
事物的良性发展。
A.自然地理环境是人类社会生存和发展永恒的、必要的条件，是人们生活和生产的自然
基础。
②！B.人类在实践活动中按照自己的意愿改造世界的同时必须遵循自然规律，否则将会导致人
与自然关系的失衡。马克思认为,应当合理地调节人与自然之间的物质变换,在最无愧于
和最适合人类本性的条件下进行这种物质变换。
CS
扫描全能王
90
3亿人都在用的扫描APP
@@@PAGE 45
附录一
分析题背诵提纲
马原(第 34 题)～
卷(四)
（1）实事求是，真理的绝对性和相对性
“不唯上、不唯书、只唯实”就是反对盲从权威，反对本本主义，一切从实际出发。一切从实际
出发是马克思主义认识论的根本要求和具体体现。从实际出发，就是要从变化发展着的客观
实际出发。从根本上说，就是要从客观事物存在和发展的规律出发，在实践中按照客观规
律办事。
实践决定认识，实践是认识的来源、动力、目的和检验认识真理性的唯一标准。真理只能
通过实践来检验和发展。
任何真理都是绝对性和相对性的统一。如果片面夸大真理的绝对性,否认真理的相对性,在
实际工作中就会犯教条主义、思想僵化的错误。
（2）辩证思维、系统观念、战略思维
辩证思维是在分析和解决问题时贯彻运用唯物辩证法的基本观点和方法。提高辩证思维能
力，要求我们联系地而不是孤立地、发展地而不是静止地、全面地而不是片面地、系统地
而不是零散地观察事物。
系统思维能力是全面系统地分析和处理问题的能力。坚持系统观念，提高系统思维能力，
要把握好全局与局部、当前与长远的关系,加强前瞻性思考、全局性谋划、战略性布局和整体
性推进。
战略思维能力强调思维的整体性、全局性、长期性,是高瞻远瞩、统揽全局、善于把握事物发
展总体趋势和方向的能力。培养和提高战略思维能力,要求我们不断开阔视野,学会站在战
略和全局的高度观察和处理问题。
CS
扫描全能王
3忆人都在用的扫描APP
@@@PAGE 46
2026考研政治终极预测④套卷
新思想(第 35 题)
一卷（一）
（1）新发展理念
发展理念是发展行动的先导,是管全局、管根本、管方向、管长远的东西,是发展思路、发展方
式、发展着力点的集中体现，从根本上决定着发展成效乃至成败。
A.新发展理念回答了关于发展的目的、动力、方式、路径等一系列理论和实践问题。
B.新发展理念引领我们以推动高质量发展为主题，切实转变发展方式，推动质量变革、效率变
革、动力变革,推动中国经济逐步向更高质量、更加平衡、更具可持续性的增长模式转变，,实
现质的有效提升和量的合理增长。
（2）高质量发展的确定性
A.高质量发展是“十五五”时期我国经济社会发展的主题，是全面建设社会主义现代化国家
的首要任务。
B.高质量发展,是能够很好满足人民日益增长的美好生活需要的发展，是体现新发展理念的
发展，是从“有没有”向“好不好”转变。
C.高质量发展为全面建设社会主义现代化国家提供更为坚实的物质基础；是不断满足人民对
美好生活需要的重要保证;是维护国家长治久安的必然要求。
A.我国发展战略的确定性,确保了中国经济始终保持既定方向;
B.我国宏观政策的确定性,确保了中国经济有条件平稳运行;
C.我国市场空间的确定性,确保了中国经济未来成长潜力巨大;
D.我国发展韧性的确定性,确保了中国经济经得住惊涛骇浪；
E.我国投资环境的确定性,确保了中国经济始终是各类企业投资兴业的沃土。
新思想（第35 题）
卷（二）
（1）新发展格局
A.构建以国内大循环为主体、国内国际双循环相互促进的新发展格局，是根据我国发展阶
段、发展环境、条件变化作出的重大决策，是推动高质量发展的战略基点，是关系我国发展
全局的重大战略任务。
B.大国经济的特征都是内需为主导、内部可循环。市场是当今世界最稀缺的资源，强大国内
市场是中国式现代化的战略依托。立足国内、依托国内大市场优势，充分挖掘内需潜
力，有利于化解外部冲击和外需下降带来的影响,也有利于在极端情况下保证我国经济基
本正常运行和社会大局总体稳定。
要坚持扩大内需这个战略基点，坚持惠民生和促消费、投资于物和投资于人紧密结合，以新需
求引领新供给，以新供给创造新需求，促进消费和投资、供给和需求良性互动，增强国内大
循环内生动力和可靠性。
CS
扫描全能王
92
3亿人都在用的扫描APP
@@@PAGE 47
附录一 
分析题背诵提纲
（2）构建高水平社会主义市场经济体制，建设全国统一大市场，有效市场和有为政府
高水平社会主义市场经济体制是中国式现代化的重要保障。 构建高水平社会主义市场经济
体制，关键是处理好政府和市场的关系。
A.市场在资源配置中起决定性作用，就是把市场机制能有效调节的经济活动交给市场，推动
资源配置实现效益最大化和效率最优化。
B.更好发挥政府作用,就是要在保证市场发挥决定性作用的前提下，管好那些市场管不了或
管不好的事情。
C.市场不是万能的，让市场更有效，需要政府更有为；政府行为越规范，市场作用就越有
效。只有坚持有效市场和有为政府相结合,才能形成既“放得活”又“管得好”的经济秩序。
建设全国统一大市场，本质是让资源在更大范围内畅通流动和高效配置，更好发挥市场在资
源配置中的决定性作用。只有推动有效市场和有为政府更好结合，让“无形之手”和“有
形之手”协同发力,统一大市场建设才能持续纵深推进。
新思想（第35题）一
卷(三)
（1）共同富裕，区域协调发展
中国式现代化是全体人民共同富裕的现代化。 这是中国式现代化区别于西方现代化的显著
标志。中国式现代化坚持以人民为中心，突出现代化方向的人民性，把实现人民对美好生活
的向往作为现代化建设的出发点和落脚点，在推动高质量发展的同时，解决好地区差距、城乡
差距、收入分配差距，着力维护和促进社会公平正义，坚决防止两极分化。
推动区域协调发展，是解决发展不平衡不充分问题的重要途径，是推动高质量发展、促进
共同富裕的内在要求。在现代化进程中,推动区域协调发展迈向更高水平，有助于实现发展
成果共享。
（2）精神文明，人的全面发展，入文经济学，文化的作用
中国式现代化是物质文明和精神文明相协调的现代化。 物质富足、精神富有是社会主义现
代化的根本要求。必须坚持两手抓、两手硬,在夯实物质基础的同时大力发展社会主义先进
文化,加强理想信念教育，促进物的全面丰富和人的全面发展。
人文经济学打破“重物质轻精神”的传统发展逻辑,追求物质与精神的同频共振、协调发展。
A.推动高质量发展，文化是重要支点。文化的力量是经济发展的新引擎和助推器。
B.满足人民日益增长的美好生活需要，文化是重要因素。
要继续做好“人文经济学”大文章，以文化赋能经济社会发展，推动人文和经济共生共荣、相
得益彰。
CS
扫描全能王
3亿人都在用的扫描APP
@@@PAGE 48
2026考研政治终极预测④套卷
新思想(第 35 题)一一卷(四）
（1）高水平科技自立自强，新质生产力
A.实现高水平科技自立自强是国家强盛和民族复兴的战略基石，是应对风险挑战和维护国家
利益的必然选择，是构建新发展格局、推动高质量发展、满足人民美好生活需要的内在要
求。高水平科技自立自强是高质量发展的战略支撑。
B.推动高质量发展,推动现代化经济体系建设,要求以强大科技作支撑。面对复杂严峻的国
内外形势，以高水平科技自立自强筑牢高质量发展根基，才能积极应对各种不确定性不稳
定性。
A.新质生产力是创新起主导作用，摆脱传统经济增长方式、生产力发展路径，具有高科
技、高效能、高质量特征，符合新发展理念的先进生产力质态。发展新质生产力，科技创
新是核心要素,全要素生产率大幅提升是核心标志。
B.发展新质生产力是推动高质量发展的内在要求和重要着力点。依靠科技现代化、推动科技
创新，因地制宜发展新质生产力,提高全要素生产率,才能为高质量发展提供动力引擎。
（2）统筹发展与安全
统筹发展和安全，是党和国家的一项基础性工作,是我们党治国理政的一个重大原则，
A.发展和安全是两件大事。发展解决的是动力问题，是推动国家和民族续绵延的根本支
撑;安全解决的是保障问题,是确保国家和民族行稳致远的坚强柱石。
B.发展具有基础性、根本性，是解决安全问题的总钥匙，发展就是最大的安全。安全是发展
的条件和保障。
C.发展是硬道理，安全也是硬道理，要把发展和安全统一起来，共同谋划、一体部署、相
互促进。
扫描全能王
94
3亿人都在用的扫描APP
@@@PAGE 49
附录一 分析题背诵提纲
史纲(第 36 题)一一卷(一)
（1）抗日战争的世界意义
日本法西斯侵略者既是中国人民的敌人,也是世界人民的敌人。
A.九一八事变，中国人民在白山黑水间的奋起抵抗,揭开了世界反法西斯战争的序幕。卢沟
桥事变，中国的全民族抗战,开辟了世界第一个大规模反法西斯战场。
B.中国抵抗了日军的最主要力量，成为彻底消灭日本法西斯的决定性力量，为欧洲战场和太
平洋战场提供缓冲时间和空间。中国参与创建联合国和建立了战后国际新秩序，为巩固
战争胜利成果注入了东方智慧。
世界反法西斯战争是一个整体,中国人民抗日战争是其中的重要组成部分。中国人民抗日战
争，从一开始就具有拯救人类文明、保卫世界和平的重大意义，并且为拯救人类文明、保卫
世界和平，作出了彪炳史册的贡献。
（四最：开始时间最早、持续时间最长、抗击和消灭日军最多、付出代价最大。）
（2）建设世界一流军队
A.大革命从兴起到失败的经验教训表明，要取得革命胜利，必须坚持武装斗争，组建由党
直接统率和指挥的军队。南昌起义标志着中国共产党独立领导革命战争、创建人民军队和
武装夺取政权的开端。
B.人民军队在党的领导下,夺取了土地革命战争、抗日战争、解放战争的伟大胜利,彻底扭
转了中华民族近代以来落后挨打的被动局面。抗美援朝战争的伟大胜利，为巩固新生人民
政权、形成中国大国地位、维护中华民族尊严提供了坚强后盾。
A.巩固国防和强大人民军队是新时代坚持和发展中国特色社会主义、实现中华民族伟大复
兴的战略支撑。只有以强大军事实力为后盾，国家的总体安全和人民的幸福生活才有保
障,实现国家繁荣富强的主动权才能牢牢掌握在自己手中。
B.能战方能止战,必须加快把人民军队建设成为世界一流军队，以更强大的能力、更可靠的手
段捍卫国家主权、安全、发展利益。
史纲(第 36 题)—卷(二)
（1）中华人民共和国成立的意义；完成社会主义革命和推进社会主义建设的意义，尤其是
建立独立的、比较完整的工业体系和国民经济体系的意义
成立中华人民共和国，实现民族独立、人民解放（3个彻底结束，1个彻底废除），实现了中国从
几干年封建专制政治向人民民主的伟大飞跃。
党领导人民完成社会主义革命，为当代中国一切发展进步奠定了根本政治前提和制度基础，
为中国特色社会主义制度的创新和发展提供了重要前提。党在社会主义革命和建设中取得
的独创性理论成果和巨大成就，为开创中国特色社会主义提供了宝贵经验、理论准备、物质
基础。
CS
扫描全能王
3亿人都在用的扫描APP
@@@PAGE 50
2026考研政治终极预测0套卷
独立的、比较完整的工业体系和国民经济体系的建立，从根本上解决了工业化中
日“从无到
有”的问题，使中国赢得了经济上的独立，为中国以后的发展奠定了牢固的物质技术基础，为
中国同世界各国在平等互利的原则下发展对外贸易和经济往来创建了前提。
(2)
制定中长期规划，党的领导
A.制定中长期规划指导经济社会发展，是我们党治国理政的一种重要方式。实现社会主义
现代化是一个阶梯式递进、不断发展进步的历史过程,需要不懈努力、接续奋斗。
B.党围绕把我国建设成为社会主义现代化国家这个主题,制定和实施了十四个五年规划，将
战略目标与发展政策、具体举措有机统一起来，“一张蓝图绘到底”，成功推进和拓展了中
国式现代化。
中国共产党领导直接关系中国式现代化的根本方向、前途命运、最终成败。党的领导决定
中国式现代化的根本性质;确保中国式现代化锚定奋斗目标行稳致远；激发建设中国式现代
化的强劲动力；凝聚建设中国式现代化的磅力量。
史纲(第 36 题)一一卷(三)
（1）逆义会议的历史意义，“两个确立”的重要性
遵义会议事实上确立了毛泽东同志在党中央和红军的领导地位,开始确立以毛泽东同志为主
要代表的马克思主义正确路线在党中央的领导地位,开始形成以毛泽东同志为核心的党的第
一代中央领导集体,开启了党独立自主解决中国革命实际问题新阶段。
A.遵义会议前后党的历史表明,核心问题至关紧要。 坚强的领导核心和科学的理论指导是
关乎党和国家前途命运、党和人民事业成败的根本性问题。
B.新时代的伟大变革,是在以习近平同志为核心的党中央坚强领导下、在习近平新时代中国
特色社会主义思想指引下全党全军全国各族人民团结奋斗取得的。新时代的伟大实践充
分证明，“两个确立”是新时代党和国家事业取得历史性成就、发生历史性变革的决定性
因素，是党和人民应对一切不确定性的最大确定性、最大底气、最大保证。
（2）长征胜利的启示
长征的过程，不仅是战胜敌人、赢得胜利、实现战略目标的过程，而且是联系实际、创新理
论、探索革命道路的过程。
当中国革命面临着方向和道路的快择时，长征成功把解决生存危机同拯救民族危亡联系在一
起，把大方向同建立抗日前进阵地联系在一起，实现了国内革命战争向抗日民族战争的转变，
为夺取中国人民抗日战争胜利、进而夺取新民主主义革命胜利打下了坚实基础。
扫描全能王
96
3忆人都在用的扫描APP
@@@PAGE 51
附录一分析题背诵提纲
（3）中国共产党的中流柱作用，统一战线与独立自主
中国共产党的中流砥柱作用：
A.率先高举武装抗日旗帜；
B.倡导、促成并始终坚决维护和巩固发展抗日民族统一战线；
C.坚持全面抗战路线,提出和实施持久战的战略总方针和一整套人民战争的战略战术,开展
敌后游击战争，开辟敌后战场，建设巩固的抗日民主根据地；
D.以自己的政治主张、坚定意志、模范行动,支撑起全民族救亡图存的希望。
A.全民族抗战伊始,提出必须在统一战线中坚持独立自主原则。
三个必须：保持思想上、政治上和组织上的独立性；坚持对人民军队的绝对领导；对国民
党采取又团结又斗争、以斗争求团结的方针。
B.制定了“发展进步势力、争取中间势力、孤立顽固势力”的策略总方针。
史纲(第 36. 题)一
卷(四)
（1）党的建设“伟大工程
抗战时期,毛泽东把党的建设作为“伟大的工程”来实施，不仅重视党的思想建设、组织建
设，而且十分重视党的作风建设。
延安时期,毛泽东提出了“党的作风”这一概念，并以身作则,高度重视作风建设，始终保持马
克思主义政党的先进性纯洁性，保持革命队伍旺盛的斗志和廉洁的作风,形成了理论联系实
际、密切联系群众、批评和自我批评三大优良作风，最终以“延安作风”打败了“西安作风”。
党的作风就是党的形象,关系人心向背,关系党的生死存亡。
（2）作风建设久久为功
A.土地革命战争时期一一“三大纪律八项注意”;抗日战争时期
整风运动，“三大作风”；
党的七届三中全会一一“两个务必”;新中国成立以来一一党的作风建设摆在突出位置。
B.党的十八大以来,以习近平同志为核心的党中央找到了“自我革命”这个跳出历史周期率
的第二个答案,从制定和落实中央八项规定开局破题,狠抓党的作风建设。中央八项规定
精神与“延安作风”既一脉相承又与时俱进,始终保持党同人民群众的血肉联系,擦亮了作
风建设的“金色名片”。
作风建设是党的建设的永恒主题。作风上的问题具有顽固性、反复性，既要打攻坚战，又
要打持久战，必须常抓不懈、久久为功，以优良党风引领社风民风。要锲而不舍落实中央八项
规定精神,推进作风建设常态化长效化。
CS
扫描全能王
3忆人都在用的扫描APP
@@@PAGE 52
2026考研政治终极预测0套卷
思法(第 37 题)——卷(一)
（1）崇尚英雄、缅怀先烈
崇尚英雄才会产生英雄，争做英雄才能英雄辈出。
A.国家强盛、民族复兴需要物质文明的积累，更需要精神文明的升华。
②B.传承红色基因、虔续红色血脉，缅怀英烈事迹、传承英烈精神，都是对世界观、人生观、价
值观的洗礼，会转化成爱国情、强国志、报国行的内生动力。
新时代是奋斗者的时代，是呼唤英雄也创造英雄的时代。英雄辈出，党和人民事业就会兴
旺发达、长盛不衰。青年应当沿着英雄的足迹，英勇向前，永远听党话、跟党走，勇担民族复
兴的时代大任。
（2）个人理想与社会理想，爱国主义，创新精神
把个人奋斗同国家前途命运紧紧联系在一起,实质上就是坚持个人理想与社会理想的有机结
合，坚持个人奋斗目标与国家、民族的奋斗目标相统一，把个人理想融入社会理想之中，在
为实现社会理想而奋斗的过程中实现个人理想。
A.怀爱国之心。（最深层、最持久的情感；立德之源、立功之本；民族心、民族魂；是本分，也是
职责)
B.立报国之志。（把个人小我融入国家大我,在为国尽责、为民服务中实现个人价值）
C.增强国之能。（顺应时代发展新要求,学习新知识、掌握新技能、练就真本领）
青年时期是创新创造的宝贵时期,新时代青年要发扬勇攀高峰、敢为人先的创新精神，树立敢
于突破陈规、大胆探索未知、勇于创新创造的思想观念,不断增强创新意识,夯实创新本领。
思法(第 37 题)一
卷(二)
（1）传承和弘扬伟大抗战精神
A.伟大抗战精神是中国人民弥足珍贵的精神财富。抗战精神是中国精神的重要组成部分，
继承和发扬了以爱国主义为核心的民族精神。
B.伟大抗战精神是中国发展进步的重要精神密码。中国人民凭借伟大抗战精神等革命精神
所凝聚的奋斗伟力,取得了革命、建设、改革的辉煌成就。
C.伟大抗战精神是新征程上创造历史伟业的强大力量源泉。实现中华民族伟大复兴，既需要
强大的实力保障，也需要强大的精神支撑。伟大抗战精神彰显着中华民族骨子里的性格、
血脉里的基因,是强国建设、民族复兴的强劲动力。
伟大抗战精神，既是历史的,见证了我们过去抗战的胜利；也是现实的，作为“密码”驱动了我
们的发展；更是未来的，作为“力量源泉”必将支撑我们在新征程上克服一切艰难险阻，最终实
现中华民族的伟大复兴。
CS
扫描全能王
98
3忆人都在用的扫描APP
@@@PAGE 53
附录
分析题背诵提纲
（2）劳动观念，爱岗敬业，劳模精神、劳动精神、工匠精神
劳动是一切幸福的源泉。通过劳动创造美好生活，在平凡岗位上干出不平凡的业绩。
爱岗敬业是职业生活中的基本道德规范之一。热爱工作岗位、对工作极端负责、敬重自己所
从事的职业。
A.劳模精神、劳动精神、工匠精神是社会主义核心价值观的生动体现，是全党全国各族人
民昂扬奋进的强大精神动力。
B.弘扬劳模精神，形成榜样力量，激励人们在平凡的岗位上做出不平凡的成绩；弘扬劳动精
神，汇聚广泛力量，激励人们在各自岗位上发光发热；弘扬工匠精神，培育时代新人，激励
人们不断提高技术技能水平，为中国式现代化创造更加坚实的物质基础。
思法(第 37 题)一二卷(三)
（1）人生价值
人生的自我价值,是个体的人生活动对自己的生存和发展所具有的价值。
人生的社会价值,是个体的实践活动对社会、他人所具有的价值。
人生的自我价值与社会价值既相互区别，又密切联系、相互依存。
A.自我价值是个体生存和发展的必要条件，自我价值的实现是个体为社会创造更大价值的
前提。
B.社会价值是社会存在和发展的重要条件,社会价值的实现是个体自我完善、全面发展的
保障。
（2）树立正确的择业观，青春力量
A.要树立崇高的职业理想。职业活动不仅是人们谋生的手段，也是人们奉献社会、完善自身
的必要条件。
B.要服从社会发展的需要。要充分考虑社会的需要和现实的可能性，把自己对职业的期望与
社会的需要、现实的可能结合起来。
C.要牢固树立幸福生活是靠劳动创造的观念。热爱劳动、勤勉工作,干一行、爱一行、钻一行。
坚定理想信念，厚植家国情怀，练就过硬本领，发扬奋斗精神，到祖国和人民最需要的地方发
光发热，为中国式现代化建设贡献青春力量。
CS
扫描全能王
3忆人都在用的扫描APP
@@@PAGE 54
2026考研政治终极预测4套卷
思法(第 37 题)一
卷(四)
（1）社会公德，遂纪守法
公共生活需要公共秩序。
A.有序的公共生活是社会生产活动的重要基础，是提高社会成员生活质量的基本保障，更
是社会文明的重要标志。人们在社会交往和公共生活中都应遵守社会公德。
B.遵纪守法是全体公民都必须遵循的基本行为准则，是维护公共生活秩序的重要条件，每个
社会成员既要遵守国家颁布的有关法律、法规，也要遵守特定公共场所和单位的有关纪律
规定。
（2）家庭、家教、家风，社会主义家庭文明新风尚，社会主义核心价值观
家庭是社会的基本细胞，家风是社会风气的重要组成部分。良好的家风，对家庭成员的个人
修养产生着重要的作用，也对整个社会道德风尚的形成产生着重要的影响。
“最美家庭”厚植家国情怀、弘扬传统美德、传承优良家风，与社会主义核心价值观是息息相通
的，是涵养社会主义核心价值观的深厚土壤。
引导家庭成员特别是下一代热爱党、热爱祖国、热爱人民、热爱中华民族,正是社会主义核心
价值观的具体体现。评选“最美家庭”,用社会主义核心价值观影响更多的人，发挥社会主义
核心价值观强大的凝聚力、向心力的作用，进一步增进社会团结和谐的最大公约数。
CS
扫描全能王
100
3忆人都在用的扫描APP
@@@PAGE 55
附录一 分析题背诵提纲
当代(第 38 题)一
卷(一)
（1）联合国，全球治理倡议
A.联合国是世界反法西斯战争胜利重要成果，它的建立是人类对两次世界大战浩劫痛定思
痛、摆脱丛林法则的历史尝试。
B.联合国是当今世界最具普遍性、代表性和权威性的政府间国际组织，是集体安全机制的核
心、践行多边主义的核心平台。
C.联合国宪章倡导主权平等、不干涉内政、和平解决国际争端等原则。
A.全球治理倡议五大核心理念（奉行主权平等、遵守国际法治、践行多边主义、倡导以人为
本、注重行动导向）阐明了改革完善全球治理需要遵循的原则、方法和路径，为新形势下
全球治理变革指明了前进方向。
B.全球治理倡议的精神内涵同联合国宪章宗旨和原则一脉相承，同时旨在增强现行国际体
系和国际机制的执行力、有效性，使之更及时有效应对各种全球性挑战，更好服务各国特
别是发展中国家利益。
（2）四大全球倡议
集中体现了中国致力于构建人类命运共同体的外交理念和以天下之利为利的世界情怀。
分别从发展、安全、文明、治理四个维度，为破解和平、发展、安全、治理“四大赤字”提
供了系统性方案,为变乱交织的世界注入了稳定性和确定性,充分彰显了中国作为负责任大
国在国际事务中为人类谋进步、为世界谋大同的历史担当。
是构建人类命运共同体的战略引领，形成以发展促繁荣、以安全保稳定、以文明增互信、以治
理求公正的有机整体,共同为人类命运共同体提供重要依托。
当代(第 38 题)——卷(二)
（1）多边主义，重温联合国创立初心
全球性问题超越国界，单一国家无法独自应对，必须通过多边机制协同治理。多边主义与
团结合作是应对全球挑战、实现共同发展的必然选择，符合世界各国人民的根本利益。
联合国成立的初心使命是维持国际和平及安全、发展国家间友好关系、促进国际合作以解
决全球性问题并保障基本人权与自由。这个初心使命直接根植于二战后的全球反思，旨在通
过多边合作避免战争重演，并构建更公正的国际秩序。
当前多边主义、国际法、联合国权威面临挑战，国际治理架构急需改革，重温联合国成立
的初心和价值理念正当其时。中国始终坚定站在历史正确一边，坚定维护联合国权威，支持
以联合国为核心的国际体系，以国际法为基础的国际秩序，以联合国宪章宗旨和原则为基础
的国际关系基本准则,坚持并践行真正的多边主义,成为捍卫多边主义的基石。
CS
扫描全能王
3亿人都在用的扫描APP
@@@PAGE 56
2026考研政治终极预测④套卷
（2）走和平发展道路
坚持走和平发展道路，是党根据时代发展潮流和我国根本利益作出的战略快择，是新时代
中国外交的基本原则。
A.中国始终倡导合作共赢，致力于做大发展蛋糕,推动高质量共建“一带一路”，推动落实全
球发展倡议。
B.中国坚持共同、综合、合作、可持续的安全观,引领各方走对话而不对抗、结伴而不结盟、
共赢而非零和的新型安全之路。
(2)
C.中国坚持平等、互鉴、对话、包容的文明观，提出并带头践行全球文明倡议，推动以文明
交流超越文明隔阅，以文明互鉴超越文明冲突，以文明共存超越文明优越。
D.中国着眼推动构建更加公正合理的全球治理体系,提出全球治理倡议,为世界和平发展夯
实治理根基。
当代(第 38 题)一卷(三)
（1）中国是世界绿色发展的坚定行动派、重要贡献者
中国是首批缔约《联合国气候变化框架公约》、最早签署和批准《巴黎协定》的国家。我国
积极参与国际合作和全球治理,提出共建地球生命共同体,实施了一系列绿色发展行动,承担
大国责任,展现大国担当,实现了由参与者到引领者的重大转变。
A.在全球气候治理的关键时刻，中国宣布新一轮国家自主贡献，为遭遇困境的全球气候治
理进程注入了信心与希望。
B.中国积极传播生态文明理念,提出绿水青山就是金山银山理念，科学回应生态文明世界之
问，为世界各国处理发展与保护的关系提供了中国方案。
（2）人类命运共同体，提供稳定性和确定性（中国贡献）
构建人类命运共同体，就是要携手世界各国人民共同建设持久和平、普遍安全、共同繁荣、开
放包容、清洁美丽的世界。
A.中国坚持真正的多边主义，以共商共建共享赋能全球治理，提出人类命运共同体理念和四
大全球倡议,为全球治理提供了中国方案。
②B.中国是世界经济增长的主要稳定器和动力源,为全球各国提供了广阔的市场机会、丰富的
产品和宝贵的投资机会。
C.中国主动扩大对外开放，以实际行动向世界分享中国市场机遇
当今世界确定性、稳定性成为全球稀缺资源。今天的中国坚定做“赋能型大国”，坚持做世
界和平的建设者、全球发展的贡献者、国际秩序的维护者，积极践行四大全球倡议，推动构
建人类命运共同体,将继续以自身发展和对外政策的确定性为全球增添稳定性。
CS
扫描全能王
102
3亿人都在用的扫描APP
@@@PAGE 57
附录一
分析题背诵提纲
当代(第 38 题)——卷(四)
（1）全人类共同价值，文明观，文明多样性
全人类共同价值是全人类关于价值的最大公约数，和平发展是共同事业，公平正义是共同理
想，民主自由是共同追求。
A.化解全球性矛盾和问题，既需要物质力量的根本作用，又需要价值力量的精神引领。
B.和平与发展是打破冲突对抗、走出安全困境的唯一出路，公平与正义是弥合发展鸿沟、维护
2)
全球南方权益的必然要求,民主与自由是推动文明互鉴、保障平等发展的价值前提。
C.坚定弘扬全人类共同价值，为破解人类社会的现实困境提供坚强有力的价值支撑，汇聚应
对全球挑战的磅力量，共同朝着构建人类命运共同体的崇高目标前行。
文明多样性是人类社会发展的客观现实，也是人类进步的不竭动力。文明因多样而交流，因
交流而互鉴，因互鉴而发展。不同文明之间平等交流、互学互鉴，才能为人类破解时代难
题、实现共同发展提供强大的精神指引。
（2）经济全球化，自由贸易
自由贸易是推动经济全球化和全球发展的重要动力，是大势所趋、人心所向。
坚定践行自由贸易理念，坚决维护多边贸易体制，才能为全球发展注入确定性和稳定性。
A.中国坚定维护多边贸易体制。中国坚定支持以世界贸易组织为核心的多边贸易体系，坚决
反对贸易保护主义或贸易战，为世界提供了宝贵的稳定性。
B.中国坚定维护全球产业链供应链稳定。坚持“拉手”而不是“松手”、“延链”而不是“断
链”，积极寻找更多利益契合点，支持供应链开放发展。
C.中国坚定维护开放合作的国际环境。实行更加积极主动的开放战略,稳步扩大制度型开
放,建设更高水平开放型经济新体制，以实际行动支持多边贸易体制、推动发展自由贸易。
扫描全能王
3亿人都在用的扫描APP
@@@PAGE 58
2026考研政治终极预测①套卷
附录二
选择题补漏加练包
1.（单选《中共中央关于制定国民经济和社会发展第十五个五年规划的建议》提出了“十五五"时期
经济社会发展的主要目标。锚定发展目标，《建议》提出了“五个以”“两个推动”“一个确保”的要
求,其中，作为主题的是
A.经济建设
B.推动高质量发展
C.改革创新
D.满足人民日益增长的美好生活需要
2.(多选)《中共中央关于制定国民经济和社会发展第十五个五年规划的建议》提出了“十五五时期
经济社会发展的主要目标。锚定发展目标，《建议》提出坚持以经济建设为中心，以推动高质量发
展为主题，以改革创新为根本动力，以满足人民日益增长的美好生活需要为根本目的，以全面从
严治党为根本保障，推动
A.加快构建新发展格局
B.经济实现质的有效提升和量的合理增长
C.基本实现社会主义现代化取得关键性进展
D.人的全面发展、全体人民共同富裕迈出坚实步伐
3.多选“十四五”时期我国经济实力、科技实力、综合国力跃上新台阶，中国式现代化迈出新的坚实
步伐,第二个百年奋斗目标新征程实现良好开局。“十四五”时期我国在民生保障方面取得的成
就有
A.打巅脱贫攻坚战,历史性解决了绝对贫困问题
B.全面建成小康社会目标如期实现
C.已建成世界规模最大的教育、医疗和社会保障体系
D.居民收入增长与经济增长同步
4.(多选)《中共中央关于制定国民经济和社会发展第十五个五年规划的建议》中,有46次提到“科
技”，61次提及“创新”，6次提到“新质生产力”，凸显了我国对科技发展的重视，表明“十五五”时
期我国将持续以科技创新为经济发展重要牵引、坚定“抢占科技制高点”的决心。科技创新之所
以重要，是因为
A.科技创新是世界百年变局的“关键变量”
B.科技创新是发展新质生产力的核心要素
C.科技创新能够催生新产业、新模式、新动能
D.中国式现代化要靠科技现代化作支撑
5.多选文化繁荣兴盛是中国式现代化的重要标志。我们要发展的新时代中国特色社会主义文化
必须具有强大
A.思想引领力
B.精神凝聚力
C.价值感召力
D.国际影响力
6.(多选)建设海南自由贸易港的战略目标,就是要把海南自由贸易港打造成为引领我国新时代对外
开放的重要门户。党中央赋予海南的战略定位是
A.全面深化改革开放试验区
B.国家生态文明试验区
C.国际旅游消费中心
D.国家重大战略服务保障区
CS
扫描全能王
104
3亿人都在用的扫描APP
@@@PAGE 59
附录二 讠
选择题补漏加练包
7.多选）2025年9月，国务院办公厅印发《关于在政府采购中实施本国产品标准及相关政策的通
知》,自2026 年1月1 日起施行。《通知》旨在
A.构建统一开放、竞争有序的政府采购市场体系
B.完善政府采购制度
C.保障各类经营主体平等参与政府采购活动
D.根据国际通行标准禁止外资企业参与政府采购行为
8.多选2025年11月13日,我国外交部副部长孙卫东奉示召见日本驻华大使金杉宪治,就日本首
相高市早苗涉华错误言行提出严正交涉。孙卫东指出，高市早苗的涉台言论极其错误、极为危
险,粗暴干涉中国内政
A.严重违背国际法和国际关系基本准则
B.严重破坏战后国际秩序
C.严重违背一个中国原则和中日四个政治文件精神
D.严重破坏中日关系政治基础,严重伤害中国人民感情
9.多选日本首相高市早苗日前公然在国会宣称“台湾有事”可能构成日本可行使集体自卫权的
“存亡危机事态”,暗示可能武力介人台海问题。这种粗暴干涉中国内政、公然挑战二战后国际秩
序的错误言论，引起举世哗然，令正义人士强烈愤慨。然而高市早苗不思悔改,拒不撤回有关错
误言论。这充分暴露日本右翼势力极其错误、极为危险的历史观、秩序观、战略观,国际社会特别
是亚洲国家必须对日本的战略走向高度警惕。高市早苗抛出涉台谬论
A.无异于为军国主义招魂，让人有充分理由担心日本有重蹈军国主义覆辙的危险
B.是对历史正义的公然挑,严重破坏中日关系的政治基础,严重挑战二战后国际秩序
C.背后是日本右翼势力突破和平宪法束缚、谋求“军事大国”地位的危险企图
D.不仅是战略鲁莽,更是蓄意挑
10.(多选24年前,上海合作组织刚一成立,就确立了互信、互利、平等、协商、尊重多样文明、谋求共
同发展的“上海精神”。24年来，成员国秉持这一初心，共享机遇、共谋发展，推动上海合作组织
建设和合作取得一系列开创性成果、历史性成就。这些成果和成就包括
A.率先建立边境地区军事领域信任机制
B.率先启动共建“一带一路”合作
C.率先缔结长期睦邻友好合作条约
D.率先提出共商共建共享的全球治理观
11.(多选）2025年10月31日，习近平在亚太经合组织工商领导人峰会上的书面演讲中指出，当前，
国际形势变乱交织，世界正站在新的十字路口，何去何从将深刻影响世界未来。各方要展现远
见和担当，作出符合亚太人民期待、经得起历史检验的择。习近平强调，中国始终是现行国际
秩序的维护者、真正多边主义的践行者。中方
A.倡导和平发展，反对国强必
B.倡导合作共赢，反对赢者通吃
C.倡导文明互鉴,反对文明冲突
D.倡导公道公正，反对强权政治
12.多选2025年10月31日,习近平在亚太经合组织工商领导人峰会上的书面演讲中指出,亚太经
合组织因应经济全球化浪潮而创立，以促进贸易和投资自由化便利化、支持经济增长和繁荣为
目标宗旨。各方应该重温创立亚太经合组织初心，以更具活力和韧性的亚太合作为世界作出突
出贡献。对此，习近平提出的主张有
A.带头维护和平稳定
B.带头实行开放融通
C.带头坚持合作共赢
D.带头促进普惠包容
CS
扫描全能王
3亿人都在用的扫描APP
@@@PAGE 60
2026 考研政治终极预测④套卷
13.多选2025年10月31日,习近平在亚太经合组织工商领导人峰会上的书面演讲中指出,多年
来,中国一直是世界经济增长的主要贡献者。2025年是中国“十四五”规划收官之年。近5年
来,在外部冲击明显加大的背景下,中国经济实现5.5%左右的平均增速,对全球经济增长的贡
献率稳定在30%左右。习近平强调,中国将继续为亚太和世界经济带来更多稳定性和确定性，
是全球工商界投资兴业的沃土。中国能够为全球工商界
A.提供更多发展机遇
B.提供良好营商环境
C.提供宽广创新舞台
D.提供绿色增长条件
14.多选中国始终坚持对外开放的基本国策,中国对外开放的大门不会关闭,只会越开越大。中国
推动建设开放型世界经济的实际行动包括
A.外资准入负面清单持续缩减
B.单方面免签持续扩容
C.自主开放和单边开放有序扩大
D.主动对接国际高标准经贸规则
15.多选2025年9月8日,习近平出席金砖国家领导人线上峰会,并发表题为《团结合作砥砺前
行》的重要讲话。习近平强调,金砖国家作为全球南方第一方阵,要推进“大金砖合作”，携手构
建人类命运共同体。为此提出的建议有
A.坚持多边主义,捍卫国际公平正义
B.坚持开放共赢，维护国际经贸秩序
C.坚持团结合作,凝聚共同发展合力
D.坚持求同存异,实现互利共赢
16.多选当地时间2025年9月23日,中国在全球发展倡议高级别会议上宣布：中国作为负责任的
发展中大国,在世贸组织当前和未来谈判中将不寻求新的特殊和差别待遇。这一重大举措具有
鲜明的发展属性,有利于
A.多边贸易体制更好聚焦发展议题
B.增强国际贸易的普惠性和包容性
C.更好弥合南北发展鸿沟
D.实现世贸组织推动实现全球发展的初衷
17.单选2025 年6月,中国首次同周边单一区域内所有国家整体签订了共建“一带一路”合作文
件,从战略高度和区域层面统筹推进合作。这个区域是
A.非洲联盟
B.东盟十国
C.阿拉伯联盟
D.中亚五国
18.图选当地时间 2025 年6月17日,第二届中国一中亚峰会在哈萨克斯坦首都阿斯塔纳举行。习近
平出席峰会并发表题为《弘扬“中国一中亚精神”推动地区合作高质量发展》的主旨发言。习近平
强调,在长期实践中,我们探索形成了“中国一中亚精神”。“中国一中亚精神”的内容是
A.互尊、互信、互利、互助
B.开放、融通、互利、共赢
C.共同、综合、合作、可持续
D.以高质量发展推进共同现代化
19.多选2025年7月16日,以“链接世界共创未来”为主题的第三届中国国际供应链促进博览会
在北京开幕。本届链博会进一步放大贸易促进、投资合作、创新集聚、学习交流平台功能，为各
国企业深化产业链供应链合作创造积极条件。链博会的持续举办
A.是为了创造一个促进各方加强沟通、深化合作、共谋发展的国际化平台
B.充分彰显了中国推动全球化的坚定自信与主动自觉
C.表明中国是对冲逆全球化的中流砥柱
D.实现了全球供应链格局的根本性重组
20.多选国际调解院开业仪式于2025年10月20日在香港举行，富有东方智慧的新时代“枫桥经
验”有了国际版，为推动构建人类命运共同体注人法治正能量。成立国际调解阻
CS
扫描全能王
106
3亿人都在用的扫描APP
