@@@PAGE 1
更多冲刺资料，去公众号：考研路透社，私信：冲刺
2026
考研政治终极预测4套卷（一）
2026考研政治终极预测4套卷（一）
一、单项选择题：第 1～16小题,每小题 1分,共 16 分。下列每小题给出的四个选项中,
只有一个选项是最符合题目要求的。
1.1921年中国共产党的成立,是中华民族伟大复兴征程中的一大里程碑。100 多年来,不管形势和
任务如何变化,不管遇到什么样的惊涛骇浪,我们党都始终把握历史主动、锚定奋斗目标,沿着正
确方向坚定前行。历史和实践充分证明,我们党坚定信仰信念、把握历史主动的根本所在是
A.拥有马克思主义科学理论指导
B.坚持不懈用党的创新理论凝心铸魂
C.始终把人民放在心中最高位置
D.科学社会主义提供了解决实际问题的正确答案
2.中国是农业发达的文明古国,春耕、夏耘、秋收、冬藏是农业社会基本的生产实践活动。发于农
耕文明的“二十四节气”是古人观察时令、气候、物候等现象时总结出的时间知识体系,它能够准
确反映自然节律变化，一直沿用至今。现代的人们仍能够通过“二十四节气”指导四时农耕,说明
A.真理是永恒不变的
B.自然规律具有重复性和稳定性
C.一切真知都是从间接经验发源的
D.正确的认识具有直接现实性
3.在资本主义条件下,劳动是否是生产性的,取决于
A.劳动是生产物质产品还是提供服务
B.具体劳动能否还原为抽象劳动
C.劳动能否为资本家带来剩余价值
D.劳动力是否为社会生产发展所绝对需要
4.1921年3月,俄共（布)召开十大,毅然决定从战时共产主义政策过渡到新经济政策。新经济政策
的主要特征是
C.发展大工业
B.发展商品经济
A.开展农业合作化
D.实行国家资本主义
5.毛泽东思想是在我国新民主主义革命、社会主义革命和社会主义建设的实践过程中,在总结我国
革命和建设正反两方面历史经验的基础上,逐步形成和发展起来的。标志着毛泽东思想开始萌
芽的是
A.关于新民主主义革命基本思想的提出
B.关于农村包围城市、武装夺取政权的思想的提出
C.反对本本主义的提出
D,马克思主义中国化命题的明确提出
6.毛泽东《论十大关系》的报告,初步总结了我国社会主义建设的经验,明确提出要以苏为鉴,独立
自主地探索适合中国情况的社会主义建设道路,标志着党探索中国社会主义建设道路的良好开
端。毛泽东在《论十大关系》中提出的中国社会主义建设的基本方针是
A.不要四面出击
B.积极引导,稳步前进
C.调动一切积极因素为社会主义事业服务
D.实现工业、农业、国防和科学技术的现代化
CS
扫描全能王
3亿人都在用的扫描APP
@@@PAGE 2
2026考研政治终极预测④套卷
7.高质量发展是新时代我国经济社会发展的鲜明主题,是全面建设社会主义现代化国家的首要仔
务。推动高质量发展的战略基点是
A.加快实现高水平科技自立自强
B.加快构建新发展格局
C.推进农业现代化
D.更好统筹质的有效提升和量的合理增长
8.党的二十届四中全会审议通过的《中共中央关于制定国民经济和社会发展第十五个五年规划的
建议》，对“扩大高水平对外开放,开创合作共赢新局面”作了专章部署，强调“稳步扩大制度型开
放”“积极扩大自主开放”。其中，扩大市场准人和开放领域的重点是
A.新兴产业
B.服务业
C.农业
D.先进制造业
9.党的十八大以来,我们党把宗教工作摆在治国理政的重要位置,鲜明提出坚持我国宗教中国化方
向等一系列新理念新举措,完善宗教工作体制机制,提高宗教工作法治化水平,推动新时代宗教
工作取得积极成效。正确处理宗教领域各种矛盾和问题的根本途径是
A.依法治理宗教事务
B.系统推进我国宗教中国化
C.积极引导宗教与社会主义社会相适应
D.推动我国宗教同中华优秀传统文化相融合
10.从1840年至1919年的80年间,中国人民对外来侵略进行了英勇顽强的反抗。但是,历次的反
侵略战争,都是以中国失败、中国政府被迫签订丧权辱国的条约而告结束的。近代中国反侵略
战争屡遭失败的最重要的原因是
A.经济技术的落后
B.思想观念的保守
C.作战能力的不足
D.社会制度的腐败
11.新文化运动的倡导者以进化论观点和个性解放思想为主要武器,猛烈秤击以孔子为代表的“往
圣先贤”,大力提倡新道德、反对旧道德,提倡新文学、反对旧文学,包括提倡白话文、反对文言
文。新文化运动的倡导者批判孔学,是为了
A.否定中国的全部传统文化
B.促进马克思主义在中国的传播及其同中国工人运动的结合
C.给中国发展资本主义扫清障碍
D.推翻清政府这个“洋人的朝廷”
12.中国人民的抗日战争从1931 年开始,到 1945 年结束,前后经历了 14年的浴血奋战。在世界反
法西斯战争的进程中,中国人民的抗日战争被称为“最早的抗争,最后的胜利”。成为抗日战争
取得完全胜利的重要标志的是
A.中国参加联合国制宪会议,成为联合国的创始国和五个常任理事国之一
B.日本天皇裕仁发布《终战诏书》，日本无条件投降
C.日本代表在东京湾美军军舰密苏里号上签署向同盟国的投降书
D.台湾以及澎湖列岛重归中国主权管辖
13.经过艰苦卓绝的战斗，中朝军队战胜武装到牙齿的强敌，打破了美军不可战胜的神话,迫使不可
一世的侵略者于1953年7月27日在停战协定上签字。抗美援朝战争的伟大胜利
A.是中华民族从近代以来陷入深重危机走向伟大复兴的历史转折点
B.是近代以来中国人民反抗外敌入侵第一次取得完全胜利的民族解放斗争
C.彻底结束了旧中国一盘散沙的局面
D.是中国人民站起来后屹立于世界东方的宣言书
CS
扫描全能王
3亿人都在用的扫描APP
@@@PAGE 3
2026
考研政治终极预测4套卷（一）
14.法律权利是指由一定的社会物质生活条件所制约的行为自由,是法律所允许的权利人为了满足
自己的利益而采取的、由其他人的法律义务所保障的法律手段。法律权利区别于其他权利的根
本所在是
A.受社会物质生活条件的制约
B.由国家强制力保障其实现
C.源于现实需要
D.随着历史的发展变化而变化
15.习近平在《关于<中共中央关于制定国民经济和社会发展第十五个五年规划的建议>的说明》中
指出，“十五五”规划建议的着力点是
A.推动人的全面发展、全体人民共同富裕迈出坚实步伐
B.推动经济实现质的有效提升和量的合理增长
C.有力有序有效应对世界百年变局的新形势和发展中突出问题
D.为基本实现社会主义现代化目标奠定更加坚实的基础
16.2025年8月31日至9月1日，上海合作组织成员国元首理事会第二十五次会议在天津举行。这
次峰会是上海合作组织迄今规模最大的一次峰会,是谋划高质量发展的一次峰会,是指引人类
前进方向的一次峰会,是成果最为丰硕的一次峰会。上合组织天津峰会的最大亮点是
A.习近平主席提出全球治理倡议
B.落地了“四个安全中心”
C.决定将上合组织观察员国和对话伙伴合并为统一的“上合组织伙伴”
D.做出了成立上合组织开发银行的政治决定
二、多项选择题：第17.~33 小题,每小题2 分,共 34 分。下列每小题给出的四个选项中,
至少有两个选项是符合题目要求的。多选、少选或错选均不得分。
17.习近平指出,人工智能带来前所未有发展机遇,也带来前所未遇风险挑战。要把握人工智能发
展趋势和规律,加紧制定完善相关法律法规、政策制度、应用规范、伦理准则,构建技术监测、风
险预警、应急响应体系,确保人工智能安全、可靠、可控。这启示我们
A.对待人工智能要坚持“两点论”和“重点论”的统一
B.事物的本质有一个逐渐暴露、逐渐展开的过程
C.在人工智能这类新技术的治理中要加强底线思维
D.发展人工智能要坚持真理尺度和价值尺度的统一
18.列宁在《唯物主义和经验批判主义》中指出，“当我们不知道自然规律的时候,自然规律是在我们
的认识之外独立地存在着并起着作用,使我们成为‘盲目的必然性'的奴隶。一经我们认识了这
种不依赖于我们的意志和我们的意识而起着作用的（如马克思千百次反复说过的那样)规律，我
们就成为自然界的主人。”以下说法正确的有
A.认识必然和争取自由是一个历史性的过程
B.人类可以打破对自然界的依赖关系而获得绝对的自由
C.人对一定问题的判断越是自由,这个判断的内容所具有的必然性就越大
D.只有充分发挥主观能动性,才能实现超越社会发展阶段的自由
19.当前,世界之变,时代之变、历史之变正以前所未有的方式展开。面对动荡多变的国际形势,只
有站在历史正确的一边,拿出智慧、勇气和担当,才能作出正确选择。从唯物史观的角度分析,
要“站在历史正确的一边”是因为
A.历史发展有其自身的客观规律
CS
扫描全能王
3忆人都在用的扫描APP
@@@PAGE 4
2026考研政治终极预测①套卷
B.任何历史人物都不能决定和改变历史发展的总进程和总方向
C.正确认识历史发展方向是社会历史存在和发展的前提
D.历史规律不以任何个人、阶级的意志为转移
20.经济危机实际上是资本主义条件下以强制的方式解决社会再生产的实现问题的途径，这种解决
方式虽然最终也能够使社会再生产由失衡慢慢转变为平衡,却是以社会经济生活的严重混乱甚
至瘫痪以及社会资源和财富的极大浪费为代价的。以下关于经济危机的认识,正确的有
A.只要存在资本主义制度，经济危机就是不可避免的
B.资本主义经济危机具有周期性,这是由社会资本再生产的周期性决定的：
C.生产过剩是资本主义经济危机的本质特征
D.经济危机的抽象的一般的可能性,首先是由货币作为流通手段和支付手段引起的
21.资本主义生产的目的是获得利润。不同生产部门的资本家之间为了得到尽可能多的利润必然
展开激烈的竞争从而导致利润平均化。平均利润形成后
A.商品价值就转化为生产价格
B.价值规律的实现形式发生了变化
C.生产价格不再随着商品价值的变化而变动
D.每一个部门获得的利润都等于该部门生产的剩余价值
22.马克思主义要在中国发挥跨越时空的思想伟力,必须“穿中国服装”“讲中国话”。1938 年,毛泽
题。毛泽东强调
A.没有抽象的马克思主义,只有具体的马克思主义
B.马克思主义的中国化就是使中国的每一实践都与马克思主义理论相符合
C.马克思主义的中国化使马克思主义在其每一表现中带着中国的特性
D.马克思主义的中国化即是说按照中国的特点去应用它
23.党的二十届四中全会通过的“十五五”规划建议,明确要求“高标准建设海南自由贸易港”。高标
准建设海南自由贸易港，主要目的是
A.促进海南高质量发展
B.助力全国构建新发展格局
C.打造中国式现代化的引领地
D.打造中国新发展格局的战略支点
24.深化要素市场化改革是构建高水平社会主义市场经济体制的重要举措,是推进全国统一大市场
建设的重要内容。深化要素市场化改革,有助于
A.推动生产要素畅通流动
B.各类资源高效配置
C.市场潜力充分释放
D.让市场起全部作用
25.几十年来,关于对民营经济在改革开放和社会主义现代化建设事业中地位和作用的认识、党和
国家对民营经济发展的方针政策,我们党理论和实践是一脉相承、与时俱进的。党和国家对民
营经济发展的基本方针政策,概括起来就是
A.非公有制经济是我国社会主义市场经济的重要组成部分，受宪法和法律保护
B.毫不动摇巩固和发展公有制经济,毫不动摇鼓励、支持、引导非公有制经济发展
C.保证各种所有制经济依法平等使用生产要素、公平参与市场竞争、同等受到法律保护
D.促进各种所有制经济优势互补、共同发展,促进非公有制经济健康发展和非公有制经济人士
健康成长
CS
扫描全能王
3忆人都在用的扫描APP
@@@PAGE 5
2026
考研政治终极预测4套卷（一）
26.作出碳达峰碳中和重大宣示五年来，中国牢固树立和践行绿水青山就是金山银山的理念，采取
有力行动、付出艰苦努力，推动绿色低碳转型取得历史性成就。实现碳达峰碳中和是
A.中国破解资源环境约束突出问题、实现可持续发展的内在要求
B.中国顺应技术进步趋势、推动经济结构转型升级的必然选择
C.中国满足人民群众日益增长的优美生态环境需求、促进人与自然和谐共生的迫切需要
D.中国担当大国责任、推动构建人类命运共同体的主动作为
27.130多年前爆发的中日甲午战争是中国近代史上的一个重要时间节点。甲午战争中国战败的影响有
A.中国开始陷入“边疆危机
B.中国人开始有了普遍的民族意识的觉醒
C.帝国主义列强对中国的争夺和瓜分达到高潮
D.标志着以“自强”“求富”为目标的洋务运动的失败
28.1935年12月,中共中央在陕北瓦窑堡召开政治局扩大会议,讨论全国政治形势和党的策略路线
问题、军事战略问题。会议批评并克服了党内长期存在的“左”倾冒险主义、关门主义错误倾向，
明确提出党的基本策略任务是建立广泛的抗日民族统一战线。瓦窑堡会议是从第五次反“围
剿”失败到全民族抗战兴起过程中召开的一次重要会议，它表明
A.党在新的历史时期将要到来时掌握了政治上的主动权
B.党开始努力解决政治路线问题
C.党正在从中国的实际情况出发,创造性地开展工作
D.实事求是的思想路线在全党范围确立起来
势和艰巨繁重的国内改革发展稳定任务,以习近平同志为核心的党中央团结带领全党全国各族
人民,迎难而上、砥砺前行,经受住世纪疫情严重冲击,有效应对一系列重大风险挑战,推动党和
国家事业取得新的重大成就。“十四五"时期我国发展取得的重大成就主要有
A.我国经济实力、科技实力、综合国力跃上新台阶
B.人均国内生产总值达到中等发达国家水平
C.中国式现代化迈出新的坚实步伐
D.第二个百年奋斗目标新征程实现良好开局
30.社会主义核心价值观具有超越以往一切社会核心价值观的先进性。社会主义核心价值观
A.体现社会主义的本质属性
B.扎根中华优秀传统文化土壤
C.吸纳世界文明有益成果
D.是反映人类社会发展进步的价值理念
31.习近平总书记强调：“改革和法治如鸟之两翼、车之两轮。”改革的“破”和“变”，与法治的“立”和
“稳”,只有相辅相成才能相得益彰。耕好改革“试验田”，需要把在法治轨道上推进改革和在改
革进程中完善法治有机结合起来,发挥好立法引导、推动、规范、保障改革的“稳定器”作用。为
此,要做到
A.立法主动适应改革需要,确保改革于法有据
限B.实践证明行之有效的举措和经验,应及时上升为法律法规
C.对不适应改革要求的现行法律法规,能修改的则及时修改,宜废止的则及时废止
D.改革创新要大胆试、大胆闯,相关立法活动不受法定程序限制
CS
扫描全能王
3忆人都在用的扫描APP
@@@PAGE 6
2026考研政治终极预测④套卷
32.中国人民抗日战争暨世界反法西斯战争胜利80周年纪念活动，是一次庄严隆重、大气磅、撼
人心、激励奋进的抗战纪念盛典。纪念活动
A.进一步弘扬了伟大抗战精神
B.进一步强化了与原同盟国的军事合作
C.进一步坚定了全面推进强国建设、民族复兴伟业的信念信心
D.进一步展示了推动构建人类命运共同体的责任担当
苗涉华错误言行阐明中国政府立场。傅聪在致函中表示,日本首相高市早苗在国会答辩时公然
发表涉台露骨挑畔言论。这是1945年日本战败以来日方领导人首次在正式场合鼓吹所谓“台
湾有事就是日本有事”并与行使集体自卫权相关联,首次在台湾问题上表达试图武装介人的野
心，首次对中国发出武力威胁，公然挑战中方核心利益。高市早苗有关言论
A.严重违反国际法和国际关系基本准则
B.严重破坏战后国际秩序
C.是对14亿多中国人民和曾遭受日本侵略的亚洲国家人民的公然挑畔
D.极其错误、极为危险,性质影响极其恶劣
三、材料分析题：第34~38小题,每小题10分,共50分。要求结合所学知识分析材料回
答问题。
34.结合材料回答问题：
材料 1
习近平总书记强调：“要把满足人民对美好生活的向往作为科技创新的落脚点，把惠民、利
民、富民、改善民生作为科技创新的重要方向。”向善惠民，始终是科技创新的价值取向。
在乡村沃野,智能高效稻麦联合收割机1分钟收割 600公斤作物,大幅提高夏收秋收效率;
在医院手术室，国产骨科手术机器人、腔镜手术机器人投入应用；在养老机构，智能腕表和智能
拐杖等装备优化养老服务“十四五”期间，一个个“小而美”的科技创新成果与百姓生活深
度融合，更好满足人民群众对美好生活的向往。
恩格斯曾说，“社会一旦有技术上的需要，则这种需要就会比十所大学更能把科学推向
前进。”我国有14亿多人口，中等收入群体规模超4亿人,拥有超大规模市场和丰富的技术应用
场景。民生日用的现实需求与日俱增,各行业对新技术、新产品翘首以盼。当供给侧“贴合”需
求侧，当生产与消费深度互动，创新的“星星之火”就能以“燎原之势”形成新的产业蓝海。
往深层看,坚持科技向善惠民,不仅关乎民生改善,更关乎科技创新的未来。当今时代,人
工智能、生物医药、基因编辑等新技术在激发发展新动能的同时，也对社会治理、法律规则等各
方面带来新的冲击。比如，大语言模型处理、生成数据时，可能侵犯个人隐私；换脸、拟声等技术
可能被用来诈骗、制造虚假信息。因此,科技创新已经不只是一个技术课题,而是具有了更鲜明
的价值属性、治理属性、伦理属性。只有坚持科技向善惠民，并在这样的价值基准上完善社会治
理、法律规则，才能在防范社会风险的同时让科技创新的正向效应最大化。
CS
扫描全能王
3忆人都在用的扫描APP
@@@PAGE 7
2026
考研政治终极预测4套卷（一）
中国式现代化,民生为大。科技创新最终要落到“人”上。新征程上,抓住一切有利时机，
利用一切有利条件，推动更多好技术变成新应用，定能以科技创新的累累硕果惠及广大群众，创
造更加美好的生活。
摘编自《人民日报》（2025年10月15日）
材料 2
前不久,到宇树科技参观，负责人特意介绍起脚下的一段楼梯：低处的台阶边缘多处破损，
越往上,破损痕迹越少。原来,这是训练机器人时留下的。一开始,机器人可能走不了几步就会
摔倒;经过不断调试改良,越走越顺利,爬楼已经不在话下。这段意义独特的楼梯,镌刻成长之
路,照见创新之路。
创新是一个不断试错的过程,望而却步不行,盲目蛮千也不行。在我国航天领域,有一套独
特的工作方法一一归零。哪方面出现问题时,就从技术和管理两个层面,对问题进行定位、分
析、复现、纠正、举一反三,确保从根本上消除问题。正因为不怕试错、善于纠错,才成就了探月
工程六战六捷的佳绩。有位科研人员说得好：“做科研最不怕的就是‘问题’,有‘问题’的地方
正是科研可挖的井，。”大胆假设、认真求证,在总结经验教训中再出发,才能通往成功彼岸。
不断试错的创新，需要更多包容与支持。在2025年世界人形机器人运动会上，一些机器人
“选手”摔倒等情况引发讨论。事实上，创新就有可能跌跌撞撞。新兴产业与未来产业在孕育
早期,也很难做到“零失误”“零瑕疵”。从稚嫩到成熟,从跟跑到奔跑,这是事物发展的必经阶
段。过去，新能源汽车续航短是个困扰，但今天“里程焦虑”正在技术的升级下不断得到缓解，
新能源汽车越来越受欢迎。近来，多地出台科技创新“容错”新规，更多耐心资本充当企业“长
跑搭档”。营造好鼓励创新、宽容失败的环境,给予创新创业“十年不鸣”的底气，才能浇灌出
“一鸣惊人”的硕果。
摘编自《人民日报》（2025年10月9日）
（1）如何理解“向善惠民，始终是科技创新的价值取向”？
（2）为什么在鼓励创新的同时也要宽容失败？
CS
扫描全能王
3忆人都在用的扫描APP
@@@PAGE 8
2026 考研政治终极预测④套卷
35.结合材料回答问题：
材料 1
过去10年,中国新能源汽车年销量增长约171倍。从受困于“缺芯之痛”,到如今实现“破
茧成蝶”，创新驱动加速产业选代升级，新能源汽车不仅成为高质量发展的强劲引擎，也是“中
国制造”走向世界的闪亮名片。这场华丽转身，生动诠释了理念变革如何为产业发展注入新动
能,为中国经济打开新天地。
理念一新天地宽。一辆汽车,可以窥见一个大国发展理念的深层嬉变。
回望来路，自党的十八届五中全会提出创新、协调、绿色、开放、共享的新发展理念以来，一
场事关中国发展全局的深刻变革悄然开启、纵深推进，引领中国经济实力、科技实力、综合国力
不断跃上新台阶,深刻体现出科学思想的真理力量和实践伟力。
翻开“十四五”成绩单,新发展理念指引下，实践向前的步履愈发坚实：全球创新指数排名
首次身前十，大国重器频频亮相；京津冀、长三角、粤港澳大湾区经济体量占全国四成以上；全
国地级及以上城市PM2.5浓度持续下降，“常态蓝”不再是奢望；外资准入负面清单持续“瘦身”，
开放大门越开越大;居民收入稳步增长，百姓获得感实实在在.……
这些硬核数据和实践见证中国经济的跨越与蝶变，也让一个共识日益凝聚：唯有将新发展
理念贯穿发展全过程和各领域,才能破解难题、厚植优势，让中国经济在更宏阔的时空维度中实
现格局之变。
摘编自新华网(2025年11月2日）
材料 2
当今世界变乱交织,发展环境动荡不安，确定性日益成为全球的稀缺资源。习近平总书记
指出,面对复杂的外部环境,要坚定信心,坚定不移办好自己的事,坚定不移扩大高水平对外开
放，着力稳就业、稳企业、稳市场、稳预期，以高质量发展的确定性应对各种不确定性。乱云飞渡
仍从容，近年来我国经济运行顶住压力、稳中有进，高质量发展取得新成效，中国式现代化建设
稳步推进,成为世界经济增长的主要贡献者和稳定锚。
摘编自《人民日报》（2025年10月4日）
（1）为什么说唯有将新发展理念“贯穿发展全过程和各领域”，才能“让中国经济在更宏阔的时
空维度中实现格局之变”？
（2）如何理解中国能够“以高质量发展的确定性应对各种不确定性”?
CS
扫描全能王
3亿人都在用的扫描APP
@@@PAGE 9
2026
考研政治终极预测4套卷（一）
36.结合材料回答问题：
材料 1
我们的战争是神圣的、正义的,是进步的、求和平的。不但求一国的和平,而且求世界的和
平,不但求一时的和平,而且求永久的和平。欲达此目的,便须决一死战,便须准备着一切牺牲,
坚持到底,不达目的,绝不停止。牺牲虽大,时间虽长,但是永久和平和永久光明的新世界,已经
鲜明地摆在我们的前面。我们从事战争的信念,便建立在这个争取永久和平和永久光明的新中
国和新世界的上面。
摘自毛泽东《论持久战》
1939年1月，毛泽东同志在为《论持久战》英译本所作序言中指出，“伟大的中国抗战,不但
是中国的事,东方的事,也是世界的事”。与军国主义侵略分子血战到底的中国人民,不仅在为
中华民族的前途命运而战,也在为整个人类的前途命运而战。
摘编自《人民日报》(2025年9月4日)
材料 2
习近平总书记深刻指出，“中国人民抗日战争,从一开始就具有拯救人类文明、保卫世界和
平的重大意义”。
摘自《求是》(2025年第17期）
材料 3
纪念中国人民抗日战争暨世界反法西斯战争胜利80周年盛大阅兵,在展示综合国力、振奋
民心士气的同时,让全世界看到中国维护和平的坚定意志和强大能力。中华民族自古热爱和
平,和平性是中华文明的突出特性。但历史告诉我们,仅仅热爱和平是不够的,只有具备强大的
国防实力,才能维护和平。
历史教训说明:能战方能止战,准备打才可能不必打,越不能打越可能换打。从战争与和平
的辩证法出发“以武止戈”思想的时代价值需要进一步彰显。
摘编自《人民日报》(2025年9月28日）
1）如何理解“中国人民抗日战争，从一开始就具有拯救人类文明、保卫世界和平的重大
意义”？（或：如何理解伟大的中国抗战“不但是中国的事，东方的事，也是世界的事”“不
但求一国的和平，而且求世界的和平”？)
（2）结合党带领人民实现民族独立、人民解放的历史和当前的发展环境，说明为什么要建设世界
一流军队。
CS
扫描全能王
3亿人都在用的扫描APP
@@@PAGE 10
2026考研政治终极预测④套卷
37.结合材料回答问题：
材料 1
要结合党史宣传教育，讲好老一辈无产阶级革命家的故事，教育引导广大千部群众特别是
青少年传承红色基因、续红色血脉,永远听党话、跟党走。
摘编习近平2025 年11 月7日在广东考察时的讲话
材料 2
不久前，山东济南历城革命烈士陵园内,73·个曾被标注为“无名”的墓碑,终于刻上了烈士
的姓名。无名烈士得以有名,背后是山东第一医科大学“提灯者”英烈回乡团队志愿者的不懈
努力。从打开棺到整理遗骸,从提取 DNA 到比对数据,从开办讲座到制作短视频………这群平
均年龄28岁的志愿者,用自已的专业和热情,让英雄有名,让岁月有声。
据统计,我国登记在册的 196万余名革命烈士中,仅有55.9万名有明确安葬地。这些烈士
都曾是一个个鲜活的生命,他们也有儿女情长,也有悲欢离合。他们以坚定的信仰信念、炽烈的
家国情怀，书写了一幅幅激越沉雄的历史画卷。为烈士确认身份、找到亲人，让他们从“无名”
到“有名”从“有名”到“留名”,既是对英烈的崇高致敬,也是对其亲属最好的慰藉。
对于青年人而言,他们寻找英烈、致敬英烈的过程,实际上也是一次精神层面的自我洗礼。
摘编自《人民日报》（2025年5月6日）
材料 3
“人工智能是年轻的事业,也是年轻人的事业。”4月29日，习近平总书记在上海考察时勉
励年轻一代，“要怀爱国之心、立报国之志、增强国之能,把个人奋斗同国家前途命运紧紧联系
在一起,跑好历史的接力棒,在推进中国式现代化的宽广舞台上绽放绚丽的青春光彩”。人工
智能成为发展的关键变量,新一轮科技革命和产业变革给出了历史性机遇。向来得风气之先、
善于把握时代机遇的青年人,大有可为，当大有作为。
青年是常为新的,最具创新热情,最具创新动力。纵观文明长河，“自古英雄出少年”,是人
类社会的经验总结也是深切期许。
没有谁比青年更愿意、更善于创新创造。平均年龄不到30 岁的青年突击队，自主研发的
“天枢”大模型，已成为化工领域“创新风向标”；平均年龄28岁的中国航信“技术极客”,研发的
“千”大模型,让航班预测准确率提升40%,智能客服响应速度提高3倍,每年为行业节省超
亿元成本。从基础研究到应用转化,创新力十足的青年，正在挑大梁、担重任。这份奋发有为、
敢做先锋的精气神，正化为源源不断的朝气锐气,展现在时代进步发展的方方面面。
摘编自《在大有可为的时代大有作为》（《人民日报》2025年4月30日）
（1）如何理解“对于青年人而言，他们寻找英烈、致敬英烈的过程，实际上也是一次精神层面的
自我洗礼”？
（2）新时代青年如何“把个人奋斗同国家前途命运紧紧联系在一起，跑好历史的接力棒，在推进
中国式现代化的宽广舞台上绽放绚丽的青春光彩”？（或：最具创新动力的青年，如何在大
有可为的时代大有作为？）
CS
扫描全能王
10
3忆人都在用的扫描APP
@@@PAGE 11
2026
考研政治终极预测4套卷（一）
38.结合材料回答问题：
材料 1
针对记者问及全球治理倡议对解决全球性问题和挑战的现实意义，王毅说，今年是世界反
法西斯战争胜利和联合国成立80周年。在这个承前启后的特殊历史年份，习近平主席郑重提
出全球治理侣议,为加强和完善全球治理进一步贡献中国智慧、提出中国方案。
王毅说,全球治理倡议正逢其时。当前,百年变局加速演进,地区动荡频发、经济发展受阻、
逆全球化抬头、规则法治缺位,治理赤字不断加剧。在此背景下,构建什么样的全球治理体系、
如何改苹完善全球治理体系，日益成为国际社会高度关注的重大命题。今年可谓全球治理的
“大年”。习近平主席此时提出全球治理倡议，十分及时，十分关键,顺应了各国人民的普遍愿
望,符合当今世界的紧迫需求，一经提出就得到与会各国领导人和国际组织的欢迎和支持,也必
将得到国际社会的广泛认同。
王毅说,全球治理倡议指引方向。习近平主席在讲话中明确了倡议的核心理念,即奉行主
权平等、遵守国际法治、践行多边主义、倡导以人为本、注重行动导向。这五大理念阐明了改革
完善全球治理需要遵循的原则、方法和路径。
中发挥核心作用，推动各国依托联合国等多边机制，参与全球治理体系改革与建设，使之与时俱
进,更有效应对时代挑战。
摘编自《人民日报》（2025年9月2日）
材料 2
近期,习近平主席提出全球治理倡议,强调奉行主权平等、遵守国际法治、践行多边主义、倡
导以人为本、注重行动导向,为破解全球治理赤字提供了中国方案。全球治理倡议和全球发展
倡议、全球安全倡议、全球文明倡议是新时代中国为世界提供的系统性国际公共产品。当前，
130多个国家和国际组织参与全球发展倡议的落实机制，全球安全倡议已得到130 多个国家和
国际地区组织支持,全球文明倡议多次被写入联合国决议及各种双多边文件，全球治理倡议一
经提出就得到各国积极响应,近期更是在第八十届联大一般性辩论期间得到多方赞誉和支持。
四大全球倡议为应对世界变局、破解紧迫难题贡献了中国智慧和方案，为构建人类命运共同体
提供战略引领。
摘编自《人民日报》（2025年10月2日）
（2）“四大全球倡议为应对世界变局、破解紧迫难题贡献了中国智慧和方案”，这体现了中国怎样
的外交理念和世界情怀?
CS
扫描全能王
3亿人都在用的扫描APP
@@@PAGE 12
2026考研政治终极预测④套卷
2026考研政治终极预测4套卷（二）
一、单项选择题：第1～16小题,每小题1分,共16分。下列每小题给出的四个选项中,
只有一个选项是最符合题目要求的。
1.“中华民族伟大复兴势不可挡！”习近平总书记在天安门城楼上的庄严宣示,是历史昭示的真理，
是团结奋进的强音。今天,在全面推进中国式现代化的新征程上,我们比历史上任何时期都更接
近、更有信心和能力实现中华民族伟大复兴的目标,同时必须准备付出更为艰巨、更为艰苦的努
力。推进中华民族伟大复兴历史进程,要求我们增强历史主动、发扬实干精神,这是因为
A.每一个人都是历史的创造者
B.人能够按照自己的需要去认识规律和改造规律
C.历史规律只有通过人的有目的、有意识的活动才能实现
D.人们在自已选定的条件下创造历史
2.20世纪初,物理学家卡尔·史瓦西解出了爱因斯坦广义相对论的一个精确解,这个数学结果预
言:如果一个天体的质量被压缩到某个临界半径内,它周围的时空将变得极度弯曲,形成一个连
光也无法逃逸的区域。这个区域就是黑洞。然而，黑洞的存在曾一度饱受质疑,就连爱因斯坦也
认为它只是数学上的假想产物,并非真实存在。直到1971年,天文观测显示,天鹅座X一1 双星系
统中伴随蓝超巨星的不可见天体极有可能是一个黑洞。之后越来越多的观测证据显示，黑洞广
泛存在于星系中心和大质量恒星残骸中。2019年,M87星系中心超大质量黑洞的照片发布,我们
得以“看见”黑洞。黑洞从一个预言中的概念到最终被人们观测到,说明人的认识
A.可以超前于直接的实践
B.是自己头脑里固有的
C.是对客观世界的直观反映
D.先于人的实践经验
3.社会生产是连续不断地进行的，这种连续不断重复的生产就是再生产。社会再生产的核心问
题是
A.两大部类在总量上的比例问题
B.工资与剩余价值的分配问题
C.社会总产品的实现问题
D.劳动过程和价值增殖过程的统一问题
4.第二次世界大战后,由于多种社会因素的影响,资本主义发生了一系列变化。正确认识这些变化
的原因和实质,对于在新的历史条件下深刻把握资本主义的本质和规律,具有十分重要的意义。
导致第二次世界大战后资本主义发生变化的根本推动力量是
A.改良主义政党对资本主义制度的改革
B.工人阶级争取自身权利和利益的斗争
C.社会主义制度的优越性对资本主义的影响
D.科学技术革命和生产力的发展
5.认清中国国情,是解决中国革命问题的基本前提。1939年毛泽东在《中国革命和中国共产党》中
指出,中国是在许多帝国主义国家的统治或半统治之下,实际上处于长期的不统一状态,再加上
土地广大,其结果是
A.帝国主义侵略势力日益成为直接统治中国的决定性力量
B.封建经济在社会经济生活中占着显然的优势
CS
扫描全能王
12
3亿人都在用的扫描APP
@@@PAGE 13
2026
考研政治终极预测4套卷（二）
C.经济、政治和文化的发展表现出极端的不平衡
D.资产阶级成为资本-帝国主义压迫、奴役中国人民的社会基础
6.我国对资本主义工商业的社会主义改造经历了三个步骤。其中,在实行个别企业的公私合营中，
企业利润分配上采取的办法是
A.定股定息
B.四马分肥
C.和平赎买
D.公私兼顾
7.实现现代化是近代以来中国人民孜孜以求的宏愿。中国共产党团结带领中国人民追求民族复兴
的历史，也是一部不断探索现代化道路的历史。现代化的最终目标是实现
A.中华民族伟大复兴
B.物质财富极大丰富
C.社会关系高度和谐
D.人自由而全面的发展
8.教育是国之大计、党之大计,是功在当代、利在千秋的德政工程。教育的根本任务是
A.人民满意
B.价值观塑造
C.立德树人
D.为国育才
9.2025年8月,习近平率中央代表团出席西藏自治区成立 60周年庆祝活动,听取西藏自治区党委
和政府工作汇报并发表重要讲话。习近平强调，治藏稳藏兴藏,首先是要
A.保持西藏的政治安定、社会稳定、民族团结、宗教和顺
B.因地制宜发展高原特色优势产业，特别是特色农牧业和清洁能源产业
C.加强生态文明建设,守护好“世界屋脊”和“亚洲水塔”
D.认真落实全面从严治党政治责任,努力营造风清气正的政治生态
10.近代中国资产阶级思想与封建主义思想的第一次正面交锋是
A.“师夷长技以制夷”主张的提出
B.洋务派与顽固派的论战
C.维新派与守旧派的论战
D.新文化运动倡导者对以孔子为代表的“往圣先贤”的猛烈秤击
11.1924年1月,中国国民党第一次全国代表大会在广州召开,大会通过的宣言对三民主义作出了新的
解释。新三民主义成为第一次国共合作的政治基础,究其原因,是由于新三民主义的政纲
A.把民生主义概括为“平均地权”
B.把斗争的矛头直接指向北洋军阀
C.体现了联俄、联共、扶助农工三大革命政策
D.同中国共产党在民主革命阶段的纲领基本一致
12.全民族抗战伊始,中共中央就提出必须在统一战线中坚持独立自主原则。为此,共产党必须保
持在思想上、政治上和组织上的独立性,放手发动群众,壮大人民力量；必须坚持对人民军队的
绝对领导,努力发展人民武装和抗日根据地；必须对国民党采取又团结又斗争、以斗争求团结的
方针。这样做的目的,就是
A.巩固和发展抗日民族统一战线
B.发展进步势力、争取中间势力、孤立顽固势力
C.发展和扩大抗日根据地，推动大后方的抗日运动
D.力争中国共产党对抗日战争的领导权,使自己已成为团结全民族抗战的中坚力量
CS
扫描全能王
3亿人都在用的扫描APP
@@@PAGE 14
2026考研政治终极预测④套卷
13.《论人民民主专政》是毛泽东在中国新民主主义革命取得决定性胜利、全国性政权即将建立的时
刻，为纪念中国共产党成立28周年而撰写的文章。文章论述了即将成立的中华人民共和国的国
家性质，各阶级在国家中的地位及其相互关系,国家对内、对外政策等。《论人民民主专政》这篇
文章
①奠定了新中国国家政权的理论基础和一定发展阶段上的政策基础
2 
为即将成立的新中国作了政治理论准备
③与中共七届二中全会的决议一起构成了《中国人民政治协商会议共同纲领》的基础
④是中国共产党人开始探索适合中国国情的社会主义建设道路的标志
B. ①2④
C. 03④
A.0@3
D.@3④
14.法治思维是指以法治价值和法治精神为导向,运用法律原则、法律规则、法律方法思考和处理问
法治思维是一种
B.规范思维
C.逻辑思维
A.正当性思维
D.底线思维
15.2025年9月，《中国共产党思想政治工作条例》发布。《条例》是我们党历史上第一部关于思想
政治工作的统领性、综合性基础主干法规,是做好新时代思想政治工作的基本遵循。《条例》强
调，新时代思想政治工作的根本任务是
A.巩固马克思主义在意识形态领域的指导地位、巩固全党全国人民团结奋斗的共同思想基础
B.推动用党的创新理论武装头脑、统一思想、凝聚共识、指导实践
C.加强理想信念教育,牢固树立人心是最大的政治的理念
D.调动一切积极因素,完善工作体系,夯实基层基础,创新方式方法，注重实际成效
16.2025年11月22 日,二十国集团（G20)领导人第二十次峰会在南非约翰内斯堡开幕,这是G20领
导人峰会首次在非洲大陆举行。峰会顶住美国压力于开幕当日通过《二十国集团领导人约翰内
斯堡峰会宜言》，这是G20峰会首次于开幕当日通过联合宣言。宣言的顺利通过表明各国正以
实际行动加强协作、支持多边主义。G20约翰内斯堡峰会的主题是
A.“建设可持续的明天”
B.“一个地球、一个家园、一个未来”
C.“构建公正的世界和可持续的星球”
D.“团结、平等、可持续”
二、多项选择题：第17~33小题,每小题2 分,共34 分。下列每小题给出的四个选项中,
至少有两个选项是符合题目要求的。多选、少选或错选均不得分。
展浙江,在大力引进各种要素的同时打到省外去、国外去,利用外部资源、外部市场实现更大的
发展”。“地瓜经济”给我们的启示有
A.事物发展的动力在外部
B.任何事物都处在普遍联系之中
C.事物之间的联系是多样的
D.事物的发展可以脱离内部条件
18.信息技术迅猛发展,催生了一个信息爆炸、思想奔涌的时代。海量信息以前所未有的速度与密
度涌人社会认知领域,深度浸润青年一代。如何在纷繁复杂的信息海洋中保持清醒？人们需要
批判性思维。辩证唯物主义揭示了“实践、认识、再实践、再认识”的螺旋式上升规律，而批判性
思维正是实现这一认识飞跃的关键枢纽。它要求以实践为标准,不断检验、
CS
扫描全能王
14
3亿人都在用的扫描APP
@@@PAGE 15
2026
考研政治终极预测4套卷（二）
止思想侮化。具备批判性思维的青年，就如同拥有穿透迷雾的“理性之眼”，能够洞察事物本质
与发展规律,在复杂社会现象前保持头脑冷静，作出明智判断与理性决策。在认识和实践活动
中,批判性思维体现在
A.对感性材料加以去粗取精、去伪存真
B.在认识活动中避免任何非理性因素的作用
C.在对现存事物的肯定的理解中同时包含对现存事物的否定的理解
D.在实践中不断推翻以往的真理并建立新的真理
19.国家断资本主义是国家政权和私人断资本融合在一起的垄断资本主义。第二次世界大战
后,在所有发达资本主义国家,国家断资本主义无论在广度上还是深度上都有了更迅速、更普
遍的发展。国家通过多种形式参与私人断资本的再生产过程是国家断资本主义的主要形
式之一。国家通过多种形式参与私人断资本的再生产过程,其方式主要包括
A.国家运用财政政策、货币政策等经济手段,对社会总供给和总需求进行调节
B.国家向私人垄断企业大量订货，为私人垄断企业提供有保证的国家市场
C.国家通过各种形式的津贴和补助，直接、间接地资助私人垄断企业
D.国家通过社会福利开支扩大消费需求，为私人垄断企业创造市场条件
20.第二次世界大战后,资本主义生产资料所有制发生了新的变化,法人资本所有制崛起并成为居
主导地位的资本所有制形式。法人资本所有制
A.主要存在于当代资本主义经济生活中居支配地位的巨型公司中
B.主要特点是资本占有主体多元化,公司资本的所有权与控制权不再统一
C.在性质上是一种基于资本雇佣劳动的垄断资本集体所有制
D.体现了资本剥削雇佣劳动的关系
21.1921年3月，俄共（布）召开十大,毅然决定从战时共产主义政策过渡到新经济政策。这一决定
表明,列宁的社会主义建设思想发生了重大转变,对俄国这样一个小农经济占优势的国家如何
走向社会主义又有了新的认识。新经济政策的主要内容有
A.取消粮食税制以调动农民的积极性
B.恢复商品货币关系，允许私人自由贸易
C.允许私人小工业企业发展
D.采取一些国家资本主义的形式来发展生产
22.社会主义改造基本完成后,我国进人社会主义建设时期。如何建设和巩固社会主义,是党面临的一
个崭新课题。以毛泽东同志为主要代表的中国共产党人对社会主义建设道路的初步探索
A.巩固和发展了我国的社会主义制度
B.丰富了科学社会主义的理论和实践
C.彻底摆脱了苏联模式的影响
D.为开创中国特色社会主义提供了宝贵经验、理论准备和物质基础
23.“十五五”时期我国发展环境面临深刻复杂变化。大国关系牵动国际形势，国际形势演变深刻影
响国内发展,我国发展处于战略机遇和风险挑战并存、不确定难预料因素增多的时期。但是,我
国经济基础稳、优势多、韧性强、潜能大，长期向好的支撑条件和基本趋势没有变。我国发展具
有的优势包括
A.中国特色社会主义制度优势
B.超大规模市场优势
C.完整产业体系优势
D.丰富人才资源优势
CS
扫描全能王
3亿人都在用的扫描APP
@@@PAGE 16
2026 考研政治终极预测④套卷
24.“维护国家法治统一”是习近平法治思想的原创性概念、标识性概念，是习近平法治思想的重要
理论创新成果。市场经济是法治经济,要用法治来规范政府和市场的边界。完善维护国家法治
统一制度机制,维护国家法治统一,有利于
A.消除区域市场分割和地方保护
B.保障全国统一大市场建设
C.加快构建高水平社会主义市场经济体制
D.夯实高质量发展制度根基
25.《教育强国建设规划纲要（2024一2035年）》提出,要坚定不移走中国特色社会主义教育发展道
路，坚持社会主义办学方向，,全面把握教育的
A.政治属性
B.人民属性
C.战略属性
D.创新属性
26.习近平指出：“没有农业农村现代化,就没有整个国家现代化。”党的二十届四中全会通过的《中
共中央关于制定国民经济和社会发展第十五个五年规划的建议》,对加快农业农村现代化作出
专章部署，明确了“十五五”时期农业农村发展的战略任务和政策举措。以下内容正确的有
A.农业农村现代化关系中国式现代化全局和成色
B.农业农村现代化关系强国建设根基
C.农业农村仍然是社会主义现代化建设的突出短板
D.稳住农业基本盘、守好“三农”基础,始终是我们应对各种风险挑战的“压舱石”
27.1898年的“百日维新”如同县花一现,只经历了103天就天折了。除京师大学堂（北京大学的前
身)被保留下来以外,其余新政措施大都被废除。戊戌维新运动失败的原因主要是
A.维新派惧怕人民群众,把改革的全部希望寄托在一个没有实权的皇帝身上
B.维新派触及了封建主义的经济基础
i一一封建土地所有制,导致守旧派强烈反扑
C.维新派没有突破“中体西用”思想的局限,不敢触动君主专制制度
D.维新派虽然大声疾呼救亡图存,却又幻想西方列强能帮助自已变法维新
28.大革命是在国共合作的条件下进行的,没有国共合作,不会在短时间内掀起这样一场革命。在
这场革命中,中国共产党起着独特的、不可代替的作用。没有中国共产党,不会有这场大革命。
中国共产党在大革命中的独特的、不可代替的作用表现在
A.中国共产党是大革命的政治口号一一反对帝国主义、反对军阀一一的提出者
B.中国共产党是人民群众的主要发动者和组织者
C.中国共产党是国共合作的倡导者和统一战线的领导者
D.中国共产党帮助和推动了国民革命军的建立
29.1945年8月25 日,中共中央发表《对目前时局的宣言》,明确提出和平、民主、团结的口号。中共
中央之所以提出这个口号,是因为
A.希望通过和平途径对中国进行政治社会的改革
B.中国人民在经历了长期战争后有和平建国的强烈要求
C.需要时间来争取外援以进行经济建设
D.人民力量的强大,加上其他条件,有可能造成和平发展的新阶段
30.2024年9月 29 日,习近平在国家勋章和国家荣誉称号颁授仪式上的讲话中强调,要胸怀强国之
志,以国家富强为念，以人民幸福为盼，忠心爱国、矢志报国，把个人小我融入国家大我,在为国
尽责、为民服务中实现个人价值、展现人生风采。在整个理想体系中,社会理想是最根本、最重
要的,而个人理想则从属于社会理想。这是因为
CS
扫描全能王
16
3亿人都在用的扫描APP
@@@PAGE 17
2026#
考研政治终极预测4套卷（二）
A.个人理想的确立要以社会理想为导向
B.个人理想的实现依赖于社会理想的指引
C.从根本上说个人理想是由社会理想规定的
D.社会理想是个人理想的叠加
31.平等是社会主义法律的基本属性,是社会主义法治的基本要求。坚持法律面前人人平等,有利于
A.增强人民群众的主人翁意识和责任感
B.预防特权思想和各种潜规则的侵蚀
C.贯彻执行“以事实为根据，以法律为准绳”的司法原则
D.维护法律权威、健全社会主义法治，确保实现全面依法治国的总目标
32.2025年10月24日,全国人大常委会通过决定,将10月25日设立为台湾光复纪念日。之所以设
立这个纪念日,是为
A.维护世界反法西斯战争胜利成果和战后国际秩序
B.展现坚持一个中国原则和捍卫国家主权、统一、领土完整的坚定意志
C.强化两岸同胞共同民族历史记忆,弘扬爱国主义精神
D.激励两岸同胞在新时代新征程中为国家统一、民族复兴作出新的贡献
33.2025年3月12日,联合国秘书长古特雷斯在联合国总部提出“联合国80周年倡议”,宣布正式
启动对包括140个实体的联合国全系统改革计划。改革的主要方面是
A.效率和改进
B.扩大安理会常任理事国
C.任务执行情况审查
D.结构和计划调整
三、材料分析题：第34~38小题,每小题10分,共50分。要求结合所学知识分析材料回
答问题。
34.结合材料回答问题：
材料 1
今年以来,浙江杭州因为诞生了深度求索、游戏科学、宇树科技等“六小龙”走红网络，由此
引发其他城市“怎样才能培养出‘六小龙’”等追问。
这样的追问很有现实意义。新质生产力本质是先进生产力，不争先就难领先，以其他城市
的成绩为标尺找差距、补短板,激发“不输于人”的闯劲、“比学赶超”的拼劲，有利于激活创新创
造的一池春水,积蓄高质量发展的后劲。
学习借鉴并非简单复制。各地资源票赋不同、基础条件各异，也不必纠结为何没在热门领
域孵化竞争力强的企业。重要的是，学习借鉴优化政务服务、促进产业发展的先进经验，把握自
身特色和优势,争取在更多细分领域锻造自己的长板。
作为我国经济最活跃、开放程度最高、创新能力最强的区域之一，长三角发挥经济增长极和
动力源作用，一个主要抓手就是一体化里协同联动，以错位发展发挥各地区比较优势，以合理分
工提高资源配置效率。
一体化不是同质化,须立足自身资源票赋,找准定位。比如,近年来江苏苏州以生物医药产
业为战略重点，打造涵盖创新药、高端医疗器械、生物技术的生物医药集群，目前已集聚近4200
家相关企业。又如，南京围绕传统优势钢铁产业做文章，打造高性能特种钢板生产基地，不断向
价值链高处攀登，当地钢铁业100多个产品达到国际先进水平。无论处在传统产业还是置身新
兴产业，只要找准自己的舞台、做大自己的优势，就有希望发展成为明星企业、打造明星产品。
摘编自《人民日报》（205年_
CS
扫描全能王
3亿人都在用的扫描APP
@@@PAGE 18
2026考研政治终极预测④套卷
材料 2
一个周末中午,到一家网红餐厅吃饭。还没走进饭馆,就看到门口全是等候就餐的人。一
看排在200号以外，心想这次铁定吃不上了。没想到店员告知，也可以点个隔壁餐厅的菜，在隔
壁店入座后再点本店的菜,这样不用排队。果然隔壁店员也欢迎这种“吃法”。“在一家餐厅吃
两家饭”，由彼此“争抢客源”到互相“分享客源”，变直接竞争关系为合作共赢关系，成就“三赢”局
面,引人思考。
市场欢迎竞争，但竞争不能被窄化为“你取代我、我取代你”。当人们聚焦“能一起得到
重庆大足区与四川安岳县地理相连、气候相近,过去一段时间,两地稻虾、中药材等产业陷
入同质化无序竞争。两地携手成立大安粮药合作园后,变对手为队友,变“抱团打架”为“抱团
使劲”，产业规模扩大了、产值提高了、品牌擦亮了。从斗而俱损到合而两利，证明搭好平台、建
好机制,能够促进共赢之路越走越宽。
当前一些地方、行业和企业,之所以出现“内卷”现象,原因之一是固于思维局限,没有跳出
自家的“一亩三分地”。在狭窄的视野里，“发展的蛋糕就那么大”、市场的需求有限,别人多吃
一块，自然会担心自己少吃一块甚至吃不上,由此走上自我封闭、拒绝合作的歧路,导致封上别
人的门、堵住自己的路。
实际上，中国市场足够大,容得下亿万经营主体共生共赢、共同壮大；世界经济的海洋足够
宽广，可任中外品牌千帆竞秀、百争流,关键在于思维和视野。
摘编自《人民日报》（2025年8月15日）
（1）运用矛盾分析方法，说明“学习借鉴并非简单复制”。
35.结合材料回答问题：
材料 1
关于做强国内大循环、畅通国内国际双循环。外部环境越是严峻复杂,越要加快构建新发
展格局,牢牢把握发展主动权。当前和今后一个时期,要坚持做强国内大循环,加快形成强大国
内经济循环体系,以国内循环的稳定性对冲国际循环的不确定性。
CS
扫描全能王
18
3忆人都在用的扫描APP
@@@PAGE 19
2026老
考研政治终极预测4套卷（二）
《建议》稿突出做强国内大循环,对建设强大国内市场、加快构建高水平社会主义市场经济
体制作出部署，强调坚持扩大内需这个战略基点，坚持惠民生和促消费、投资于物和投资于人紧
密结合，大力提振消费，扩大有效投资，坚决破除阻碍全国统一大市场建设卡点堵点，强调充分
激发各类经营主体活力,加快完善要素市场化配置体制机制,提升宏观经济治理效能。同时,提
出拓展国际循环,稳步扩大制度型开放，维护多边贸易体制，高质量共建“一带一路”。
摘自习近平《关于《中共中央关于制定国民经济和社会发展第十五个五年规划的建议)的说明》
材料 2
纵深推进全国统一大市场建设,基本要求是“五统一、一开放”。“五统一”,就是统一市场
基础制度,特别是实现产权保护、公平竞争、质量标准等制度的统一；统一市场基础设施,打通物
流、资金流、信息流，健全现代商贸流通体系；统一政府行为尺度,地方在推动经济发展特别是招
行政处罚裁量基准，一把尺子量到底；统一要素资源市场,促进自由流动、高效配置,减少资源错
配和闲置浪费。“一开放”,就是持续扩大开放,实行对内对外开放联通,不搞封闭运行。
落实这些基本要求，当前最急迫的是聚焦重点难点，下决心清除顽痒瘤疾。
摘自习近平《在二十届中央财经委员会第六次会议上的讲话》
材料 3
我国经济发展获得巨大成功的一个关键因素，就是我们既发挥了市场经济的长处，又发挥
了社会主义制度的优越性。坚持有效市场和有为政府相结合，正是做好经济工作的一个重要
方法。
市场是最稀缺的资源，超大规模市场是我国的优势所在。如何将这一优势持续放大？把
“无形之手”和“有形之手”结合起来是重要途径。近年来,依靠市场提供多样化供给和服务,通
过政府引导及“真金白银”支持，大规模设备更新和消费品以旧换新政策拉动内需、惠企利民，
成为有效市场和有为政府协同发力的生动注脚。
政府行为越规范，市场作用就越有效。从出台《全国统一大市场建设指引（试行)》，到选代
发布5版市场准入负面清单;从集中清理妨碍全国统一市场和公平竞争的规定和做法,到开展
新出台政策与宏观政策取向一致性评估纵深推进全国统一大市场建设,为我国发展增强了
韧性、注入了动力、释放了潜能。
摘编自《人民日报》（2025年10月26日）
（1）如何理解外部环境越是严峻复杂，越要加快构建新发展格局，坚持扩大内需这个战略基点？
（2）结合纵深推进全国统一大市场建设，分析“坚持有效市场和有为政府相结合，正是做好经济
工作的一个重要方法”。（或：加快构建高水平社会主义市场经济体制，为什么要用好“无
形之手”和“有形之手”？)
CS
扫描全能王
3忆人都在用的扫描APP
@@@PAGE 20
2026 考研政治终极预测④套卷
36.结合材料回答问题：
材料 1
我们今天取得的伟大成就，都是建立在毛泽东等老一辈苹命家打下的江山、揽下的家底之
上的。
摘自.习近平2025年11月7日在广东考察时的讲话
材料 2
争，土地革命战争,抗日战争和全国解放战争这四个阶段,其间经受了一九二七年和一九三四年
两次严重失败的痛苦考验。经过长期武装斗争和各个方面、各种形式斗争的密切配合,终于在
一九四九年取得了革命的胜利。
建国三十二年来，我们取得的主要成就是
四、建立和发展了社会主义经济,基本上完成了对生产资料私有制的社会主义改造,基本上
实现了生产资料公有制和按劳分配。
五、在工业建设中取得重大成就,逐步建立了独立的比较完整的工业体系和国民经济体系。
我国第一个五年计划的经济建设,依靠我们自己的努力,加上苏联和其他友好国家的支援，
同样取得了重大的成就。一批为国家工业化所必需而过去又非常薄弱的基础工业建立了起来。
从一九五三年到一九五六年，全国工业总产值平均每年递增百分之十九点六，农业总产值平均
每年递增百分之四点八。经济发展比较快，经济效果比较好,重要经济部门之间的比例比较协
调。市场繁荣,物价稳定。人民生活显著改善。
摘自《关于建国以来党的若干历史问题的决议》
材料 3
坚持和加强党的全面领导是推进中国式现代化的根本保证。《建议》稿着眼提高党领导经
济社会发展能力和水平,强调坚持和加强党中央集中统一领导,完善党中央重大决策部署落实
价机制；统筹推进各领城基层党组织建设；而不舍落实中央八项规定精神；完善党和国家监督
体系；坚决打好反腐败斗争攻坚战、持久战、总体战。
（1）如何理解“我们今天取得的伟大成就，都是建立在毛泽东等老一辈革命家打下的江山、揽下
的家底之上的”？
（2）结合从“一五”计划到“十四五”规划的制定实施，说明中国共产党的领导是实现中国式现
代化的根本保证。
CS
扫描全能王
20
3亿人都在用的扫描APP
@@@PAGE 21
2026
考研政治终极预测4套卷（二）
37.结合材料回答问题：
材料 1
历史承载过去，也启迪未来。新时代新征程，全国各族人民要在中国共产党坚强领导下，坚
时代中国特色社会主义思想,坚定不移走中国特色社会主义道路,传承和弘扬伟大抗战精神,踏
厉奋发、勇毅前行，为以中国式现代化全面推进强国建设、民族复兴伟业而团结奋斗！
摘自习近平《在纪念中国人民抗日战争暨世界反法西斯战争胜利80周年大会上的讲话》
材料 2
今天，神州大地欣欣向荣。当盛大阅兵仪式气势如虹，当雄壮的国歌旋律响起，当抗战老兵
感慨“看到国家这么强大，当年的苦没白吃”.…………人们真切感受到,传承和弘扬伟大抗战精神，
不仅是中国日新月异的重要密码,更是在新征程上创造新的历史伟业的力量源泉。
摘编自《人民日报》（2025年9月5日）
材料 3
要深入践行社会主义核心价值观，大力弘扬劳模精神、劳动精神、工匠精神。工人阶级和广
大劳动群众在长期奋斗中铸就的劳模精神、劳动精神、工匠精神,是社会主义核心价值观的生动
体现。要大力弘扬劳动最光荣、劳动最崇高、劳动最伟大、劳动最美丽的社会风尚，营造尊重劳
动、尊重知识、尊重人才、尊重创造的良好氛围，激励全体人民通过辛勤劳动、诚实劳动、创造性
劳动实现对美好生活的向往。
摘自习近平《在庆祝中华全国总工会成立100周年暨全国劳动模范
和先进工作者表彰大会上的讲话》
（1）为什么说“传承和弘扬伟大抗战精神，不仅是中国日新月异的重要密码，更是在新征程上创
造新的历史伟业的力量源泉”？
（2）为什么要“大力弘扬劳模精神、劳动精神、工匠精神”？
CS
扫描全能王
3亿人都在用的扫描APP
@@@PAGE 22
2026考研政治终极预测④套卷
38.结合材料回答问题：
材料 1
联合国秘书长古特雷斯。
习近平指出，第二次世界大战结束前后，国际社会作出的最重要决定就是成立联合国。今
年是世界反法西斯战争胜利和联合国成立80周年。历史启示我们，多边主义、团结合作是解决
全球性难题的正确答案。我们要重温联合国创立初心,重申对联合国宪章宗旨和原则的承诺,
推动联合国在新形势下重振权威和活力，成为各国协调行动、共同应对挑战的主要平台。中国
永远是联合国可以信赖的伙伴。中方愿深化同联合国合作，支持联合国在国际事务中发挥核心
作用,共同为维护世界和平、促进发展繁荣挺膺担当。
习近平强调,在世界百年变局中,中国提供了稳定性和确定性。我们将继续以中国新发展
为世界提供新机遇,通过构建人类命运共同体、践行三大全球倡议、共建“一带一路”，同各国一
道创造更加美好的未来。
摘编自《人民日报》（2025年8月31日）
材料 2
观察近期中国与世界交往的高光时刻，一种坚持始终清晰：面对变乱交织的国际局势，中国
始终是维护和平与发展的“稳定锚”。
成功举办上海合作组织成立以来规模最大的一届峰会，恰逢其时提出全球治理侣议；隆重
举行中国人民抗日战争暨世界反法西斯战争胜利80周年纪念活动,携手各方铭记历史、共护和
平；在金砖国家合作机制、联合国等多边平台不断推出引领合作共赢的新方案,在联合国气候变
化峰会宣布中国新一轮国家自主贡献；举办全球妇女峰会，提出支持全球妇女事业发展的新主
张新举措中国不仅自身坚定走和平发展道路，更持续为世界和平发展注入确定性和正
能量。
习近平主席早在2014年就郑重指出“中国走和平发展道路,不是权宜之计,更不是外交辞
令,而是从历史、现实、未来的客观判断中得出的结论,是思想自信和实践自觉的有机统一。”
透视历史、现实与未来，不仅能读懂中国选择和平发展的深层逻辑，也能找到百年变局下国
际社会应对共同挑战的正确方向。
摘编自《人民日报》（2025年10月16日）
（1）如何理解“多边主义、团结合作是解决全球性难题的正确答案”，“我们要重温联合国创立
初心”？
（2）为什么说“中国始终是维护和平与发展的‘稳定锚’”？
CS
扫描全能王
22
3亿人都在用的扫描APP
@@@PAGE 23
2026
考研政治终极预测4套卷（三）
2026考研政治终极预测4套卷（三）
一、单项选择题：第 1~16小题,每小题 1 分,共 16 分。下列每小题给出的四个选项中,
只有一个选项是最符合题目要求的。
1.马克思、恩格斯以前的中外哲学都使用过实践的概念。一些思想家对实践也有过不少论述,但他
们都没有真正理解人类实践的本质，没有看到实践在社会生活和认识活动中的决定意义。马克
思在他的著作中系统论述了实践的观点，揭示了科学实践观的基本内容。这个被称为“包含新世
界观天才萌芽的第一个文件”的著作是
A.《德意志意识形态》
B.《反杜林论》
C.《关于费尔巴哈的提纲》
D.《路德维希·费尔巴哈和德国古典哲学的终结》
2.习近平指出：“要顺应人民群众对美好生活的期待，坚持人民主体地位，把人口高质量发展同人民
高品质生活紧密结合起来,把‘投资于物'同‘投资于人'紧密结合起来”。“十五五”规划建议也
强调“推动人的全面发展”。马克思主义认为,在现实性上，人的本质是
A.一切社会关系的总和
B.单个人天生就具有的东西
C.所有人共同属性的概括
D.自然属性和社会属性的综合
3.马克思主义政治经济学的理论十分丰富,其中“理解政治经济学的枢纽”的理论是
A.资本有机构成理论
B.商品二因素理论
C.劳动二重性理论
D.剩余价值理论
4.第二次世界大战以后,资本主义国家经历了第三次科学技术革命,电子计算机、数控机床等自动
化装置在生产中得到比较普遍的应用,机器大工业发展到自动化阶段。工业机器人的开发和利
用,代替了工人大量的体力劳动和部分脑力劳动。它的普遍采用大幅提高了劳动生产率,使直接
从事生产操作的工人大大减少。这意味着率先使用工业机器人的个别企业
A.获得更多的社会平均利润
B.对可变资本投人的增加
C.所生产商品价值的提高
D.资本技术构成的提高
5.新民主主义文化就是无产阶级领导的人民大众的反帝反封建的文化,即民族的科学的大众的文
化。其中“民族的”,就其内容说,是指
A.具有鲜明的民族风格、民族形式和民族特色
B.具有中国作风和中国气派
C.反对帝国主义压迫,主张中华民族的尊严和独立
D.反对封建思想和迷信思想
6.统一战线是新民主主义革命的三大法宝之一。中国革命建立最广泛的统一战线不仅是必要的，
而且是可能的,这种可能是由
A.中国半殖民地半封建社会的阶级状况所决定的
CS
扫描全能王
3亿人都在用的扫描APP
@@@PAGE 24
2026考研政治终极预测④套卷
B.半殖民地半封建的中国社会的交织在一起的诸多矛盾所决定的
C.中国革命的长期性、残酷性及其发展的不平衡性所决定的
D.战争与革命的时代主题所决定的
7.新质生产力是创新起主导作用,摆脱传统经济增长方式、生产力发展路径，具有高科技、高效能、
高质量特征，符合新发展理念的先进生产力质态。新质生产力的显著特点是创新，这种创新包括
①生产资料所有制和产品分配层面的创新
技术和业态模式层面的创新
③管理和制度层面的创新
价值观和意识形态层面的创新
B. 03
A. ①@
C. @@④
D.@3
8.《中华人民共和国国家公园法》是我国首部关于国家公园的专门立法。其颁布实施,标志着以国
实现人与自然和谐共生的现代化具有重大而深远的意义。国家公园建设管理的首要任务是
A.生态系统的原真性、完整性保护
B.解决保护空间碎片化和孤岛化问题
C.组织开展形式多样的自然教育活动
D.健全国家公园生态保护补偿机制
9.构建新发展格局是事关全局的系统性、深层次变革,是立足当前、着眼长远的战略谋划,是适应我
国发展新阶段要求、塑造国际合作和竞争新优势的必然选择。构建新发展格局的重要前提和保
障是
A.充分挖掘内需潜力
B.夯实我国经济发展的根基
C.促进区域协调发展
D.牢牢守住安全发展这条底线
10.在中国大地上率先举起马克思主义旗帜的是李大钊。李大钊是从爱国的立场出发,从民主主义
者转变为共产主义者的。从1918 年7月起,他先后发表《法俄革命之比较观》《庶民的胜利》
《Bolshevism 的胜利》等文章,热情讴歌十月革命的胜利,指出十月革命是“二十世纪中世界革命
的先声”,确信“将来的环球,必是赤旗的世界”。五四运动后,他更加致力于马克思主义的宣传。
1919年9月、11月,李大钊发表《我的马克思主义观》一文,在当时思想界产生了重大影响,标
志着
A.马克思主义开始与中国工人运动相结合
B.马克思主义在中国进人比较系统的传播阶段
C.马克思主义成为中国共产党的指导思想
D.中国先进分子把目光从资产阶级民主主义转向社会主义
11.1927年9月9日,毛泽东等领导的湘赣边界秋收起义爆发。起义军公开打出了“工农革命军”的
旗帜,在攻打中心城市长沙受挫后，毛泽东果断改变计划，决定向敌人控制比较薄弱的农村转
移。9月29日，毛泽东领导起义军在江西永新县三湾村进行了著名的三湾改编,确立了
A.土地革命的方针
B.支部建在连上的原则
C.民主集中制原则
D.思想建党、政治建军原则
12.1956年9月15日至27日,中国共产党第八次全国代表大会在北京举行。八大正确分析了国内
形势和主要矛盾的变化,明确提出新形势下党和人民的主要任务。八大坚持党中央提出的既反
保守又反冒进,即在综合平衡中稳步前进的经济建设方针。大会肯定“三个主体,三个补充”思
想,即以国家经营和集体经营、计划生产、国家市场三者为主体，以个体经营、自由生产、自由市
场三者为补充。这
CS
扫描全能王
3亿人都在用的扫描APP
@@@PAGE 25
2026
考研政治终极预测4套卷（三）
A.在理论上完全突破了苏联计划经济模式
B.为克服苏联模式弊端提供了重要启示
C.初步形成了社会主义市场经济体制
D.对过渡时期总路线的提出具有重要意义
13.1978年5月10日,中央党校内部刊物《理论动态》刊登《实践是检验真理的唯一标准》一文。第
二天，《光明日报》以特约评论员名义公开发表这篇文章，新华社向全国转发。文章发表后产生
强烈反响，引发了关于真理标准问题的大讨论。这场深刻而广泛的马克思主义思想解放运动
A.成为正本清源、拨乱反正和改革开放的思想先导
B.重新确立了实事求是的思想路线
C.是解放思想、开辟新时期新道路的宣言书
D.标志着党在指导思想上的拨乱反正胜利完成
14.全面推进依法治国是一个系统工程,是国家治理领域一场广泛而深刻的革命,涉及立法、执法、
司法、守法等各个方面,在实际工作中必须有一个总揽全局、牵引各方的总抓手。全面依法治国
的总抓手是
A.坚持科学立法、严格执法、公正司法、全民守法
B.坚持有法可依、有法必依、执法必严、违法必究
C.建设中国特色社会主义法治体系
D.坚持依法治国和以德治国相结合
15.2025年国庆节当天,国家航天局发布了天问二号探测器在轨飞行期间获取的探测器与地球合影
图像。画面中,鲜艳的五星红旗、白色的返回舱和远处蓝色的地球同框,被网友激动地形容为
“宇宙级合影”。天问二号探测器于2025年5月29日在西昌卫星发射中心由长征三号乙运载火
箭成功发射升空,天问二号探测器的成功发射,开启了
A.小行星探测与采样返回之旅
B.火星采样返回任务之旅
C.月球背面采样返回之旅
D.太阳探测“三步走”计划
16.2025年4月8日至9日,中央周边工作会议在北京举行。会议指出,我国幅员辽阔、边界线长，
周边是实现发展繁荣的重要基础、维护国家安全的重点、运筹外交全局的首要、推动构建人类命
运共同体的关键。会议首次提出
A.亚洲安全观
B.亚洲安全模式
C.亚洲命运共同体
D.亲诚惠容周边外交理念
二、多项选择题：第 17~33小题,每小题 2 分,共34 分。下列每小题给出的四个选项中,
至少有两个选项是符合题目要求的。多选、少选或错选均不得分。
17.2025年11月25日,神舟二十二号飞船成功对接于空间站天和核心舱前向端口，中国载人航天
工程首次应急发射任务取得圆满成功。载人航天，人命关天,我国载人飞船研发团队对安全有
着近乎苛刻的要求。为了避免“万一”,研发团队提前预想了很多可能出现的问题并设计了解决
方案。据专家介绍，“飞船上大约70万条计算机程序中,30%用来应对正常飞行,70%用于应对
可能的故障。没有把握,我们不会让航天员上去。”研发团队预设解决方案来避免“万一”是因为
A.科学研究的任务就是从根本上消除偶然性
B.凡事从坏处准备,努力争取最好的结果
C.可能向现实的转化完全取决于主观条件
D.逻辑证明是探索真理、论证真理的重要方式
CS
扫描全能王
3亿人都在用的扫描APP
@@@PAGE 26
2026 考研政治终极预测④套卷
18.如何发掘、研究化石,是古生物学研究的重要课题。一块块化石诉说着地球的演变,承载着远古
的奥秘。过去,挖化石如同“拆盲盒”。如今,在新技术的助力下,古生物学研究正加速破解更多
生命密码。你能想象吗？一块大小不到4平方厘米的琥珀，能揭示一个热带海岸森林的滨海环
境。研究人员利用 CT扫描技术,重建白垩纪中期一块缅甸克钦琥珀中各类化石的三维图像。
他们发现,这枚琥珀保存了异常丰富的化石类群,包括1个菊石、4个螺类、4个等足虫、23个螨
虫、1个蜘蛛、1个马陆和至少12个昆虫，,以及一些砂粒、植物碎屑。这为揭示周围4平方公里乃
至40平方公里的森林生态提供了重要证据。借助新技术,从一块琥珀,可以“看见”一片热带森
林,这说明人的认识能力
A.以人的感觉器官生理阈限为界限
B.是无限性和有限性的统一
C.可以通过实践得到锻炼和提高
D.随着时代的发展而发展
19.资本是在运动中增殖的,必须不断地、周而复始地循环,才能不断地带来剩余价值。这种周而复始、
不断反复着的资本循环,就叫作资本的周转。影响资本周转快慢的因素有许多,关键的因素有
A.资本周转的时间
B.所用资本和所费资本之间的差额
C.生产资本的固定资本和流动资本的构成
D.资本家预付资本的大小
20.进入21世纪以来,资本主义呈现出一些新变化、新特征。国际金融垄断资本主义影响日益显现，
国际金融资本的垄断成为当代资本主义最突出、最鲜明、最主要的特征,这表现在
A.金融垄断寡头化
B.金融垄断国际化
C.金融断政治化
D.经济虚拟化、产业空心化
21.马克思、恩格斯关于未来社会的预测,是在科学地批判和剖析资本主义社会的过程中作出的。
马克思、恩格斯对资本主义批判的高明之处在于
A.不是只看到资本主义社会的弊端,而是进一步揭示出端的根源和资本主义发展中自我否定
的力量
B.发现资本主义的矛盾运动中孕育着的新社会因素,并以此对未来社会特点作出预见
C.既从资本主义社会中寻找灵感,更从社会主义社会的建设与发展中寻找启示
D.先指出未来社会的一般特征，再对各种细节作具体描绘
22.在一个几亿人口的大国中比较顺利地实现了如此复杂、困难和深刻的社会主义改造,不仅没有
造成生产力的破坏,反而促进了工农业和整个国民经济的发展；不仅没有引起巨大的社会动荡，
反而极大地加强了人民的团结,并且是在人民普遍拥护的情况下完成的。这些情况说明，我国
社会主义改造的基本完成的确是一个伟大的历史性胜利。我国社会主义改造的成功经验在于
A,坚持“一举过渡”
B.坚持社会主义工业化建设与社会主义改造同时并举
C.采取积极引导,逐步过渡的方式
D.用和平方法进行改造
促进法》，自2025年5月20日起施行。制定出台《民营经济促进法》,是贯彻落实习近平总书记
重要指示精神和党中央决策部署的重要举措；是落实宪法规定,坚持和完善社会主义基本经济
制度的内在要求;是构建高水平社会主义市场经济体制、促进民营经济高质量发展的客观需要。
《民营经济促进法》明确规定，民营经济是
CS
扫描全能王
26
3忆人都在用的扫描APP
@@@PAGE 27
2026
考研政治终极预测4套卷（三）
A.社会主义市场经济的重要组成部分
B.推进中国式现代化的生力军
C.高质量发展的重要基础
D.推动我国全面建成社会主义现代化强国、实现中华民族伟大复兴的重要力量
24.世界知识产权组织近日发布的《2025年全球创新指数报告》显示，中国排名首次身全球前十
稳居36个中等偏上收入经济体之首,2013年以来累计上升25位,是创新力上升最快的经济体
之一。中国创新的“加速度”,离不开坚实的政策支持和丰沃的培育土壤。我国为企业创新提供
的有利条件有
A.支持企业参与国家重大科研任务
B.持续优化税收优惠政策
C.向企业开放政府应用场景
D.构建政府主导的产学研用协同创新体系
25.党的二十届四中全会通过的《中共中央关于制定国民经济和社会发展第十五个五年规划的建
议》，深刻把握文化发展规律，提出“激发全民族文化创新创造活力，繁荣发展社会主义文化”的
战略任务，体现了新时代中国共产党人高度的文化自觉，为社会主义文化强国建设指明了前进
方向。激发创新创造活力是
A.建设文化强国的关键
B.推动文化繁荣的必然要求
C.满足人民精神文化需求的必然要求
D.在国际文化竞争中赢得主动的必然要求
26.党的十八大以来,我们党把宗教工作摆在治国理政的重要位置,鲜明提出坚持我国宗教中国化
方向等一系列新理念新举措,完善宗教工作体制机制，提高宗教工作法治化水平，推动新时代宗
教工作取得积极成效。我国关于宗教的方针政策有
A.积极引导宗教与社会主义社会相适应
B.推动我国宗教同中华优秀传统文化相融合
C.依法治理宗教事务
D.激发宗教界主动作为、自我变革
27.1956年,毛泽东在《纪念孙中山先生》一文中指出,纪念伟大的革命先行者孙中山先生，“纪念他
在辛亥革命时期,领导人民推翻帝制、建立共和国的丰功伟绩。”辛亥革命
A.是资产阶级领导的以反对封建君主专制制度、建立资产阶级共和国为目的的革命
B.实现了中国人民和中华民族自鸦片战争以来的第一次全面觉醒
C.是中国人民为救亡图存、振兴中华而奋起革命的一座里程碑
D.是一次比较完全意义上的资产阶级民主革命
28.1937年8月，中国共产党在陕北洛川召开政治局扩大会议（洛川会议）。会议强调要争取抗战胜
利的关键在于使已经发动的抗战成为全面的全民族抗战。会议通过《中国共产党抗日救国十大
纲领》，提出必须实行全国军事总动员、全国人民总动员；必须改革政治机构，给人民以充分的抗
日民主权利,并适当改善工农大众生活。洛川会议制定的党的全面抗战路线
A.把实行全民族抗战与争取人民民主、改善人民生活结合起来
B.把反对外敌入侵与推进社会进步统一起来
C.正确处理了民族矛盾与阶级矛盾的关系
D.确立了建立广泛的抗日民族统一战线的新策略
CS
扫描全能王
3亿人都在用的扫描APP
@@@PAGE 28
2026考研政治终极预测④套卷
29.1945年4月23日至6月11日，中国共产党第七次全国代表大会在延安举行。毛泽东在会上作
了题为《论联合政府》的书面报告和《愚公移山》的闭幕词。中共七大制定了“放手发动群众，壮
大人民力量,在我党的领导下,打败日本侵略者,解放全国人民,建立一个新民主主义的中国”的
政治路线,总结党的建设的历史经验,把党在长期奋斗中形成的优良作风概括为
A.艰苦奋斗的作风
B.理论和实践相结合的作风
C.和人民群众紧密地联系在一起的作风
D.自我批评的作风
30.“怒发冲冠,凭栏处、潇潇雨歇。”抗金名将岳飞留给我们的,除了气吞山河的壮烈,莫须冤死的悲
戚,还有一段精忠报国的热血家训。习近平曾多次讲过岳母刺字的故事,强调家风是社会风气
的重要组成部分,父母应引导孩子成为对国家和人民有用的人。之所以要注重家教、家风，是
因为
A.家庭是人生的第一个课堂,父母是孩子的第一任老师
B.良好的家风,对家庭成员的个人修养产生着重要的作用
C.良好的家风,对整个社会道德风尚的形成产生着重要的影响
D.家教是新时代公民道德建设的重点任务
31.我国宪法法律规定了公民享有的一系列权利,主要包括政治权利、宗教信仰自由、人身权利、财
产权利、社会经济权利及文化教育权利等。社会经济权利主要包括
A.劳动权和休息权
B.私有财产权
C.社会保障权
D.物质帮助权
32.2025年9月 9日,国务院批复同意新建黄岩岛国家级自然保护区。批复指出,有关部门和地方
要严格执行《中华人民共和国自然保护区条例》和自然保护地建设管理等规定,严格落实生态环
境保护责任,加强组织领导和协调配合，健全管理机构,强化对涉及自然保护区各类违法违规行
为的监管执法力度,确保各项管理措施得到落实,不断提高国家级自然保护区建设和管理水平。
建立黄岩岛国家级自然保护区
A.是中国主权范围内的事
B.符合中国国内法和国际法
C.旨在保护黄岩岛的生态环境,维护黄岩岛自然生态系统多样性、稳定性、持续性
D.充分体现中国作为负责任大国，积极保护生态环境，,推动实现可持续发展的使命担当
33.当地时间2025年11月 1 日,习近平在韩国庆州出席亚太经合组织第三十二次领导人非正式会
议第二阶段会议,并发表题为《共同开创可持续的美好明天》的重要讲话。习近平指出，亚太各
经济体应该加强互利合作,把握新机遇,应对新挑战,共同开创可持续的美好明天。为此,习近平
提出的建议是
A.强化数智赋能,塑造亚太创新发展新优势
B.坚持绿色低碳,打造亚太可持续发展新范式
C.落实普惠共享，展现亚太包容发展新气象
D.推进医疗合作,应对亚太人口结构新变化
CS
扫描全能王
28
3亿人都在用的扫描APP
@@@PAGE 29
2026 #
考研政治终极预测4套卷（三）
三、材料分析题：第34~38小题,每小题10分,共50分。要求结合所学知识分析材料回
答问题。
34.结合材料回答问题：
近期,随着天气回暖,位于甘肃、青海交界处的祁连山草原迎来一场盛大的“返乡潮”。这
些年,每到10月,这一带的牧民就将牛羊赶到周边农区,租借收完作物的秸秆地用于接羔育肥，
第二年3月再返回高山草原。
看上去颇费周折，其实这是一笔多赢的买卖。牧民为冬季的牛羊找到了稳定的饲料供应
地；农户挣了笔租地款,还节省了秸秆处理费。草原上的植被也获得休养生息的机会，生态效益
显著。
草矛盾,秸秆处置,放到一时一地,可能都是不太容易解决的问题。但通过“借牧”这一
经营模式的创新，实现种养结合，两方面的问题都迎刃而解。
这启示我们,更好解决农业农村发展面临的各种矛盾和问题,要放宽视野，大胆创新,促进
要素资源在更大范围内顺畅流动和高效配置,不断提高农业创新力、竞争力、全要素生产率。
摘编自《人民日报》（2025年4月30日）
（1）通过种养结合的“借收”模式可以将草畜矛盾和秸秆处置两个难题一起解决，分析其中所蕴
含的唯物辩证法原理。
（2）“借牧”模式对我们用创新思维处理人与自然的关系有何启示？
35.结合材料回答问题：
材料 1
关于全体人民共同富裕迈出坚实步伐。中国式现代化是全体人民共同富裕的现代化…………
《建议》稿在指导思想中突出强调全体人民共同富裕迈出坚实步伐,这是指导“十五五”时期经
济社会发展的一个总体性要求。
摘自习近平《关于《中共中央关于制定国民经济和社会发展第十五个五年规划的建议》的说明》
材料 2
“前些年,我去了清远、湛江,这次来梅州，广东大部分地区特别是发展需要加快速度的地
区就都走到了。我一直要求推动全省的协调发展,很关心这些还需要走得再快一点的地方。
总书记亲切地对乡亲们说。
次日,在听取广东省委和省政府工作汇报时,习近平总书记谈到了这次到梅州：“要完善区
域协调发展、城乡融合发展体制机制，逐步补齐城乡区域发展差距仍然较大这个短板。你们实
施的“百县千镇万村高质量发展工程’，让乡镇面貌有了新的变化,要持续抓下去，"
CS
扫描全能王
3亿人都在用的扫描APP
@@@PAGE 30
2026 考研政治终极预测④套卷
说到这里，总书记提醒道：“但一定要注意,不能摘成闭门造车式的小城镇,要因地制宜、按
需建设。”
摘编自《人民日报》(2025年11月11日）
材料 3
党的二十届四中全会提出，大力繁荣文化事业，加快发展文化产业，提升中华文明传播力影
响力。
今日之中国，很古朴也很时尚。中华优秀传统文化引领“新国潮”，消费市场掀起“中国
风”,人文与经济交融共生、相得益彰。
“文化很发达的地方,经济照样走在前面。可以研究一下这里面的人文经济学。”2023年全
国两会期间，习近平总书记在参加江苏代表团审议时提出了“人文经济学”的重大命题。
2024年,全国博物馆接待观众14.91亿人次，举办展览4.3万个，文创产品销售收入
34.28亿元，广大游客“为一个馆，奔赴一座城”；全国文化产业实现营业收入19.14万亿元，营
收规模再创历史新高，文化产业成为经济增长重要引擎；国内居民出游56.2亿人次，总花费5.8
万亿元,文旅融合出新出彩,进一步释放消费潜力。
悠长壮阔的中华文明，不仅为我们留下了灿若星辰的历史文化遗产和自信包容的基因，更
是连接过去与今天的桥梁,为经济社会发展增添了丰厚的文化底色。
摘编自《人民日报》（2025年10月29日）
（1）结合“十五五”时期全体人民共同富裕迈出坚实步伐的总体性要求，说明为什么要推动区域
协调发展。
（2）人文经济学对我们追求物质与精神协调发展、以文化赋能经济社会发展有何启示？
36.结合材料回答问题：
材料 1
我们党在新民主主义革命时期的历史共有28年,这28年以遵义会议为界,正好可以划分
为前 14 年和后 14 年。前 14 年,我们党犯了一次右倾、三次“左”倾的错误,中国革命遭受了两
次重大挫折，一次是大革命的失败，一次是中央革命根据地第五次反“围剿”的失败,红军被迫
进行战略转移；后14年,从遵义会议开始,我们党重新奋起，团结带领人民克服了一个又一个艰
险、战胜了一个又一个挑战,先是取得了长征的胜利，度过了最艰难的时期,开创了中国革命新
局面，尔后又陆续取得了抗日战争的胜利、解放战争的胜利,推翻帝国主义、封建主义、官僚资本
主义三座大山，最终建立中华人民共和国，实现了民族独立、人民解放，开
CS
扫描全能王
30
3亿人都在用的扫描APP
@@@PAGE 31
2026
考研政治终极预测4套卷（三）
纪元。在这样的前后对比中，我们可以清晰地看到，遵义会议是一个重要的标识和转折。遵义
会议后，党和红军转危为安、化险为夷，中国革命斗争的局面从被动转向主动，从此中国革命事
业就不断从胜利走向新的更大的胜利。
摘编自《人民日报》（2025年1月7日）
材料 2
长征在我们党、国家、军队发展史上具有十分伟大的意义，对中华民族历史进程具有十分深
远的影响。
一长征是一次理想信念的伟大远征。崇高的理想，坚定的信念，永远是中国共产党人的
政治灵魂。
一长征是一次检验真理的伟大远征。真理只有在实践中才能得到检验，真理只有在实践
中才能得到确立。
长征的胜利，使我们党进一步认识到，只有把马克思列宁主义基本原理同中国革命具体实
际结合起来,独立自主解决中国革命的重大问题，才能把革命事业引向胜利。这是在血的教训
和斗争考验中得出的真理。
一长征是一次唤醒民众的伟大远征。红军打胜仗,人民是靠山。
长征是一次开创新局的伟大远征。长征的胜利，是方向和道路的胜利。
摘自习近平《在纪念红军长征胜利80周年大会上的讲话》
材料3
中国人民抗日战争胜利是中国共产党发挥中流砥柱作用的伟大胜利。中国共产党的中流
砥柱作用是中国人民抗日战争胜利的关键。
习近平总书记指出：“中国共产党高举抗日民族统一战线的旗帜，坚决维护、巩固、发展统
一战线，坚持独立自主、团结抗战，维护了团结抗战大局。
摘编自《人民日报》(2025年9月8日）
（1）结合遵义会议前后中国革命事业发生天翻地覆历史巨变的原因，分析“两个确立”对新时代
党和国家事业的决定性意义。
（2）如何理解“长征的胜利，是方向和道路的胜利”？
（3）中国共产党如何在统一战线中“坚持独立自主、团结抗战”，发挥中流砥柱作用？
CS
扫描全能王
3亿人都在用的扫描APP
@@@PAGE 32
2026 考研政治终极预测④套卷
37.结合材料回答问题：
你们响应党的号召到西部边疆地区教书育人，在促进当地教育事业发展、促进民族团结进
步、促进兴边富民和稳边固边中发挥了积极作用，自身也得到历练和成长。
这些年,越来越多年轻人选择到西部、到乡村、到基层志愿服务,无私奉献,展现了新时代中
国青年昂扬向上的精神风貌和强国有我的责任担当。希望广大青年坚定理想信念，厚植家国情
怀,练就过硬本领,发扬奋斗精神,到祖国和人民最需要的地方发光发热，为中国式现代化建设
贡献青春力量。
摘自习近平《给新疆阿图什市哈拉峻乡谢依特小学成边支教西部计划
志愿者服务队全体队员的回信》（2025年5月2日）
（1）结合年轻人响应党的号召到西部边地区教书育人，对社会发挥了积极作用，自身也得到历
练和成长，说明应当怎样认识人生价值？
（2）新时代青年应当如何选择职业和工作岗位，为中国式现代化建设贡献青春力量？
38.结合材料回答问题：
材料 1
今年是《巴黎协定》达成 10 周年。10 年来,全球气候治理虽然历经风雨,但绿色低碳发展
终成时代潮流。今年也是联合国成立80周年。当前,世界百年变局加速演进，人类社会走到新
的十字路口。尽管个别大国热衰于单边主义、保护主义,对国际规则和国际秩序造成严重冲击，
但历史总会在曲折中前进。只要我们坚定信心，加强团结合作，就一定能冲破逆流，推动全球气
候治理和世界一切进步事业行稳致远。
人与自然和谐共生是中国式现代化的鲜明特点。中国是世界绿色发展的坚定行动派、重要
贡献者。
摘自习近平《共迎时代挑战携手推进全球气候治理一一在气候和公正转型领导人峰会上的致辞》
材料2
今年是绿水青山就是金山银山的“两山”理念提出20年。20年来，“两山”理念引领中
国以敢为人先的绿色创新实践，创造了举世瞩目的生态奇迹和发展奇迹；这一理念跨越山海，助
力广大发展中国家共同书写全球生态文明建设新篇章。国际社会普遍认为，“两山”理念为兼
顾生态保护与经济发展提供了创新理念和实践路径,既造福了中国，也造福了世
CS
扫描全能王
32
3忆人都在用的扫描APP
@@@PAGE 33
2026
考研政治终极预测4套卷（三）
在非洲，中国发起的“以竹代塑”不仅有效减少塑料污染，也让竹子成为当地民众眼中的
“绿色金子”在太平洋岛国，来自中国的菌草技术培训项目帮助许多当地民众摆脱贫困，防止
水土流失….“两山”理念不仅深刻改变中国，也广泛影响世界。这一理念为广大发展中国家
选择。
摘编自《人民日报》（2025年8月16日）
材料 3
8月30日下午，国家主席习近平在天津迎宾馆会见来华出席2025年上海合作组织峰会的
联合国秘书长古特雷斯。
习近平强调,在世界百年变局中，中国提供了稳定性和确定性。我们将继续以中国新发展
为世界提供新机遇，通过构建人类命运共同体、践行三大全球倡议、共建“一带一路”,同各国一
道创造更加美好的未来。
摘编自《人民日报》（2025年8月31日）
材料 4
当前,单边主义破坏国际秩序，保护主义损害全球经济，导致国际社会对世界和平发展前景
的忧虑增加。动荡的世界迫切需要稳定性力量和建设性力量。
不久前,有外国学者将中国称为“赋能型大国”。“赋能型大国”生动诠释了中国始终秉持
构建人类命运共同体理念,坚持提供国际公共产品,以实际行动维护世界和平、促进共同发展的
大国担当。
在中国阔步走在以中国式现代化推进民族复兴伟业的进程中,处处展现出“赋能”的特点。
旗帜。澳大利亚昆士兰科技大学客座教授鲍韶山指出，在世界多极化的时代，中国式现代化给
出了唯一的确定答案;要做一个赋能者
-通过去中心化的、均衡的全球经济发展来赋能民族
复兴和积极和平。
摘编自《人民日报》（2025年2月17日）
（1）为什么说“中国是世界绿色发展的坚定行动派、重要贡献者”？
（2）结合构建人类命运共同体理念和行动，说明中国作为“赋能型大国”如何在世界百年变局中
“提供了稳定性和确定性”。
CS
扫描全能王
3亿人都在用的扫描APP
@@@PAGE 34
2026 考研政治终极预测④套卷
2026考研政治终极预测4套卷（四）
一、单项选择题：第 1~16小题,每小题 1分,共 16 分。下列每小题给出的四个选项中,
只有一个选项是最符合题目要求的。
1.2025年,是“十四五”规划收官之年,也是“十五五”规划谋篇布局之年。习近平曾经对“十五五"
规划编制工作作出重要指示,要求“把顶层设计和问计于民统一起来,加强调研论证,广泛凝聚共
识”。“问计于民”在“十五五”规划编制工作中具有重要作用,其哲学依据在于
A.人民群众的意愿是检验认识真理性的标准
B.社会发展的客观过程由每一个参与历史活动的个人的主观意志所决定
C.人民群众的实践是正确认识的来源
D.满足人民群众的需求是历史发展的根本动力
2.“10万个小时成就一个好医生”,这句医学领域被广泛认同的话,在人工智能强大的学习能力面前
已经不再绝对。在影像科室,基于深度学习算法，人工智能阅片技术通过大量医学图像数据训
练,已具备识别、分析、诊断病灶的能力,大大提升了诊断效率。比如,上海瑞金医院“胸部肺结节
CT辅助诊断应用”已广泛覆盖超过80%的病例,将原本7分钟的诊断时间缩短至2分钟;冠状动
脉 CT 血管成像辅助诊断的应用将诊断时间从 25 分钟缩短至 3 分钟。人工智能在医疗等领域取
得的突破性成就说明
A.人工智能作为一种新的实践主体,能够独立推动认识发展
B.人类意识中的所有内容都可以被化约为数字信号
C.人工智能已经超越人类智能的层级,可以代替人们做出决策
D.人工智能不仅可以模拟,而且能够扩展人脑的某些活动
3.商品经济的发展经历了简单商品经济与发达商品经济两个阶段，资本主义商品经济是商品经济
的高级或发达形态。简单商品生产发展到资本主义商品生产的新阶段的标志是
A.劳动力成为商品
B.社会分工的出现
C.生产资料和劳动产品属于不同的所有者
D.机器大工业代替工场手工业
期,社会化大生产在世界范围内更大规模、更广范围、更深层次展开,世界格局深度调整，资本主
义呈现出一些新变化、新特征。当代资本主义最突出、最鲜明、最主要的特征是
A.社会阶级层级结构呈现复杂性、多样化
B.科技创新加速资本主义生产方式变化
C.国际金融资本的垄断
D.发达资本主义国家在世界范围内推行权主义和强权政治
CS
扫描全能王
34
3亿人都在用的扫描APP
@@@PAGE 35
2026
考研政治终极预测4套卷（四）
5.建国初期，随着全国土地改革的基本完成，国内的主要矛盾是
A.人民大众同帝国主义、封建主义和国民党反动派残余势力之间的矛盾
B.工人阶级和资产阶级的矛盾
C.生产力和生产关系、经济基础和上层建筑之间的矛盾
D.人民日益增长的物质文化需要同落后的社会生产之间的矛盾
6.我国发展最大的不平衡是城乡发展不平衡，最大的不充分是农村发展不充分。必须坚持把解决
好“三农”问题作为全党工作重中之重,扎实推进乡村全面振兴。推进乡村全面振兴的基础是
A.农业农村现代化
B.发展乡村特色产业
C.持续深化农村科技和改革创新
D.建立健全城乡融合发展体制
7.中华民族共同体的形成和发展是人心所向、大势所趋、历史必然。中华民族缔造统一的多民族国
家的内生动力是
A.各民族血脉相融
B.各民族信念相同
C.各民族文化相通
D.各民族经济相依
8.党的十八大以来,党中央坚持把就业工作摆在治国理政的突出位置，强化就业优先政策，健全就
业促进机制，有效应对各种压力挑战，为民生改善和经济发展提供了重要支撑。新时代新征程就
业工作的新定位、新使命是
A.着力解决结构性就业矛盾
B.拓展数字经济就业新空间，增加绿色就业新机会
C.推动经济社会发展与就业促进协调联动
D.促进高质量充分就业
9.实现碳达峰碳中和,是中国站在对人类文明负责的高度,基于实现可持续发展的内在要求作出的
重大决策部署。实现碳达峰碳中和的关键是
A.大力推进循环经济
B.实施节能降碳增效行动
C.能源绿色低碳转型
D.巩固提升碳汇能力
10.洋务运动是在19世纪60年代初第二次鸦片战争结束后,在清政府镇压太平天国起义与捻军起
义的过程中兴起的。维新运动发生于 19 世纪90 年代。维新运动与洋务运动的主要不同点在于
A.洋务运动只学习西方技术,维新运动主张学习西方政治制度
B.洋务运动依靠封建统治阶级中的部分成员，维新运动依靠下层群众
C.洋务运动维护封建统治,维新运动否定封建主义
D.洋务运动实现了预期目标,维新运动县花一现
11.1905年8月20日,孙中山和黄兴、宋教仁等人在日本东京成立中国同盟会。同盟会以《民报》为
机关报,并确定了革命纲领。同盟会的成立,标志着
A.关于革命与改良的辩论以革命派的胜利而告结束
B.孙中山组建的第一个革命团体的诞生
C.中国人民在精神上由被动变为主动,中国革命的面貌焕然一新
D.中国资产阶级民主革命进人了一个新的阶段
CS
扫描全能王
3亿人都在用的扫描APP
@@@PAGE 36
2026考研政治终极预测④套卷
12.1935年12月17日至25日，中国共产党在陕北瓦窑堡召开中共中央政治局扩大会议。会议通过
了《中共中央关于目前政治形势与党的任务的决议》。会后,毛泽东根据会议精神,在党的活动
分子会议上作了《论反对日本帝国主义的策略》的报告。毛泽东明确指出,党的新策略即广泛的
统一战线的出发点是
①中国长期缺乏有力的国际援助的基本事实
国际联盟和英美等国政府采取对日姑息、纵容的政策的基本事实
日本帝国主义决定要变全中国为它的殖民地的基本事实
中国革命的现时力量还有严重的弱点的基本事实
A. ①?
B. 3④
C.②3
D.①@
13.1945年10月25日,中国政府宣告“恢复对台湾行使主权”,并在台北举行“中国战区台湾省受降
仪式”。此前,国际上已经有了一系列具有国际法律效力的文件,从法律上确认台湾是中国领土
的一部分。这些具有国际法律效力的文件有
①《开罗宣言》
②《波茨坦公告》
③《日本投降书》
④《雅尔塔协定》
A.023
B. 02④
C. 3④
D.234
14.习近平曾指出,要懂得“100-1=0”的道理。一个错案的负面影响,足以摧毁九十九个公平裁判
积累起来的良好形象。执法司法中万分之一的失误,对当事人就是百分之百的伤害。这说明了
公正司法的重要性。公正司法是
A.法治社会的基础工程
B.法治的龙头环节
C.维护社会公平正义的最后一道防线
D.维护社会公平正义的决定因素
15.2025年11月5日，福建舰入列授旗仪式在海南三亚某军港举行,习近平出席福建舰入列授旗仪
式并登舰视察。福建舰是我国第一艘
A.核动力航空母舰
B.直升机航空母舰
C.大型两栖作战舰船
D.电磁弹射型航空母舰
16.2025年6月16日至18日,习近平应邀赴哈萨克斯坦出席第二届中国一中亚峰会。这是2025年
我国对中亚地区最重大外交行动,务实高效,影响深远。第二届中国一中亚峰会最突出的亮
点是
A.习近平主席宣布“中国一中亚精神”
B.六国元首共同签署“永久睦邻友好合作条约”
C.六国元首共同宣布2025至2026年为“中国中亚合作高质量发展年”
D.六国元首共同签署《第二届中国一中亚峰会阿斯塔纳宣言》
CS
扫描全能王
36
3忆人都在用的扫描APP
@@@PAGE 37
2026
考研政治终极预测4套卷（四）
二、多项选择题：第17～~33小题,每小题2分,共34分。下列每小题给出的四个选项中，
至少有两个选项是符合题目要求的。多选、少选或错选均不得分。
17.习近平强调，“有所为是发展,有所不为也是发展”。在上海闵行区,有一片“城市荒野”。与小区
花坛、公园绿地、街巷林荫道的整齐划一不同,这里1.7万平方米空间自然错落,300多种植物、
80多种鸟类、超过500种昆虫自然生长。如果说,过去开发土地、改造环境是一种积极的“有
为”，那么如今注重城市留白、重建“荒野”则是充分尊重和顺应自然规律，依靠自然的力量恢复
生态系统平衡,这是一种主动的“不为”。城市发展逻辑中“有为”与“不为”的辩证理念带给我
们的哲学启示有
A.保护生态平衡是社会得以正常发展的必要条件
B.人类只能适应自然环境变化而不能改变自然环境
C.人类已经成为自然界的自觉的和真正的主人
D.保护自然生态与满足人的发展需要不是根本对立的
18.曾经有人问,为什么要花大代价发展航天事业？一个绝佳的回答是，航天看似在引领我们远离
地球,实际上却将地球变得更加美好,不仅仅因为前沿技术的发展能够反哺生活,还因为我们对
地球、对生命、对自身的理解在不断深化。广衰的宇宙不会让勇敢的探索者失望,答案或许就在
下一次发射、下一串信号中。以上材料说明
A.探索活动就是不断发现和解决矛盾的过程
B.探索的每一次突破都是对无限发展着的物质世界的接近
C.对于探索活动的评价结果没有正确与错误之分
D.探索未知世界的科学实验是人类最基本的实践活动
19.使用价值不同的商品之所以能按一定比例相交换，是因为它们都具有价值。商品的价值在质上
是相同的,因而可以相互比较。商品的价值是劳动创造的,其实质是凝结在商品中的无差别的
一般人类劳动。由此可见
A.劳动是一切社会财富的唯一源泉
B.使用价值寓于价值之中并通过价值表现出来
C.商品交换实际上是商品生产者之间相互交换劳动的关系
D.商品的价值在本质上体现了生产者之间一定的社会关系
20.垒断资本在国内建立了垄断统治后，必然要把其统治势力扩展到国外，建立国际垄断统治。垄
断资本向世界范围扩展的主要经济动因是
A.将国内过剩的资本输出,以便在国外谋求高额利润
B.输出资本主义的意识形态，以颠覆或控制发展中国家的政权
C.争夺商品销售市场，确保原材料和能源的可靠来源
D.将部分非要害的技术转移到国外,以取得在别国的垄断优势
21.100多年前的1921年3月，俄共（布）召开十大,毅然决定从战时共产主义政策过渡到实行以发
展商品经济为主要特征的新经济政策。俄共（布)十大决定实行新经济政策,是因为
A.国家从战争转人和平经济建设时期,战时共产主义政策无法调动生产者尤其是和
CS
扫描全能王
3亿人都在用的扫描APP
@@@PAGE 38
2026 考研政治终极预测④套卷
B.国民经济已濒临崩溃，国内发生严重的经济和政治危机
C.如不改变政策,执政党将会失去广大群众,丢掉阶级基础
D.需要为实行农业集体化摸索经验
22.党的十一届三中全会以后,以邓小平同志为主要代表的中国共产党人重新确立并丰富发展了实
事求是的思想路线,提出了一系列有利于增强党的团结和调动一切积极因素的方针政策。党的
思想路线的重新确立,解决了一系列重大理论和实践问题。具体来说就是,坚持解放思想、实事
求是
A.有力推动和保证了拨乱反正的进行
B.破除了侮化的社会主义模式观念,坚持走自已的路
C.坚持以“三个有利于”作为检验一切工作是非得失的根本标准
D.一切从社会主义初级阶段的实际出发
23.党的十一届三中全会以来,我们党实行改革开放,为民营经济快速发展创造了前所未有的历史
机遇。现在,我国民营经济已经形成相当的规模、占有很重的分量。当然,我们也要清醒看到
当前民营经济发展确实面临一些困难和挑战。这些困难和挑战
A.是制度性的而不是人为的
B.是局部的而不是整体的
C.是暂时的而不是长期的
D.是能够克服的而不是无解的
24.粤港澳大湾区是中国开放程度最高,经济活力最强的区域之一。推进粤港澳大湾区建设,就是
要打造
A.中国新发展格局的战略支点
B.高质量发展的示范地
C.中国式现代化的引领地
D.引领我国新时代对外开放的重要门户
25.现代化产业体系是中国式现代化的物质技术基础。构建现代化产业体系,要
A.以先进制造业为骨干
B.坚持智能化、绿色化、融合化方向
C.优化提升传统产业,培育壮大新兴产业和未来产业
D.促进服务业优质高效发展，构建现代化基础设施体系
26.绿水青山就是金山银山理念是立足自身国情和发展实践形成的中国自主生态文明建设理论,符
合人类社会发展规律和生态文明建设规律，在实践中展现出强大的真理力量和独特的思想魅
力。绿水青山就是金山银山理念
A.创新和突破了现代环境经济理论
B.推进和拓展了中国式现代化道路
C.传承和发展了中华优秀传统生态文化
D.推动和创造了人类文明新形态
作用,这主要是指中国先进分子在接受马克思主义之后
A.没有抛弃而是继承了五四运动的民主和科学的精神并赋予它们新的含义
B.克服了以往启蒙者的弱点,有力推动了反封建的启蒙运动
C.以唯物史观为武器从反对封建思想入手,进而提出必须反对产生封建思想的社会制度
D.依靠进步报刊的传播,把改造国民性置于优先地位
CS
扫描全能王
38
3亿人都在用的扫描APP
@@@PAGE 39
2026
考研政治终极预测4套卷（四）
28.从传统的战争理论看来,游击战争是个战术问题。但是，在中国人民抗日战争中，游击战被提到
战略地位，具有全局性意义。以下说法正确的有
A.在战略防御阶段，游击战争担负了抗击日军战略进攻的主要任务
B.游击战争主要是在外线单独作战，而不是在内线配合正规军的战役作战
C.在民族战争条件下，游击战争能够大规模地进行
D.在长期的不断削弱敌人、壮大自己的斗争中，游击军和游击战必将向正规军和运动战发展
29.1957年2月，毛泽东作了《关于正确处理人民内部矛盾的问题》的报告，阐明社会主义社会的重
大理论问题,其主要内容有
A.提出社会主义社会的基本矛盾仍然是生产力和生产关系、经济基础和上层建筑之间的矛盾
B.提出社会主义社会存在着敌我矛盾和人民内部矛盾这两类不同性质的社会矛盾
C.提出社会主义社会的主要矛盾是人民日益增长的物质文化需要同落后的社会生产之间的矛盾
D.提出把正确处理人民内部矛盾作为国家政治生活的主题
30.道德功能的发挥和实现所产生的社会影响及实际效果，就是道德的作用。道德
A.是维系社会稳定、促进国家发展的重要因素
B.是激励人们改造客观世界和主观世界的一种精神力量
C.在本质上是知行合一的
D.对社会的发展和人的素质的提高总是起着积极的推动作用
31.马克思说：“没有无义务的权利,也没有无权利的义务。”法律权利与法律义务的关系，就像一枚
硬币的两面,不可分割,相互依存。以下说法正确的有
A.法律权利的实现必须以相应法律义务的履行为条件
B.法律义务的设定和履行必须以法律权利的行使为根据
C.一个行为不可以同时是权利行为和义务行为
D.每个人既是享受法律权利的主体,又是承担法律义务的主体
32.第十五届全国运动会（简称“十五运会”）于2025年11月21日落下惟幕。“十五运会”不仅是一
场体育盛会,更是粤港澳同心筑梦的生动体现。港澳各界认为，“十五运会”的闭幕不是句号，而
是粤港澳大湾区融合发展向前推进的薪新起点。“十五运会”是
A.中央支持香港澳门融人国家发展大局、深化粤港澳大湾区融合发展的生动实践
B.粤港澳三地携手同心、演绎融合发展的经典之作
C.“一国两制”实践进人新阶段、港澳履行贡献国家使命的重要体现
D.一座既连通三地基础设施、更促进民心相通的桥梁
33.在巴西贝伦举行的《联合国气候变化框架公约》第三十次缔约方大会（COP30)经过“加时”后于
2025年11月22 日闭幕。大会达成名为《全球动员团结协作应对气候变化挑战》的政治文件，
为《巴黎协定》持续落地提供了具体路径。194个缔约方一致承诺加速行动，展现了各方合作推
进绿色低碳转型的决心。中国坚持多边主义，推动大会取得了多项成果，包括
A.坚持共同但有区别的责任原则，维护《巴黎协定》的制度安排,特别是国家自主贡献制度
B.气候多边进程中首次纳人了反对单边措施的相关机制
C.建立了公正转型的工作机制
D.与其他发展中国家共同努力,推动发达国家增加对发展中国家适应资金的支持
CS
扫描全能王
3亿人都在用的扫描APP
@@@PAGE 40
2026考研政治终极预测④套卷
三、材料分析题：第34~38小题,每小题10分,共50分。要求结合所学知识分析材料回
答问题。
34.结合材料回答问题：
材料 1
我们要学习陈云同志的科学思想方法和工作方法。坚持实事求是，是陈云同志的鲜明特
点。他指出：“要把我们的党和国家领导好,最要紧的,是要使领导干部的思想方法搞对头。”他
提炼出“不唯上、不唯书、只唯实，交换、比较、反复”这一充满唯物辩证法的“十五字诀”。他善
“要拿出一定时间‘跛方步’,考虑战略性的问题。”他把调查研究作为决策的重要前提,强调：
“领导机关制定政策,要用百分之九十以上的时间作调查研究工作。”
摘自习近平《在纪念陈云同志诞辰120周年座谈会上的讲话》
材料 2
正值炎热署期，吉林长白山的山地旅游成功“破圈”，与冰雪季拥有同样的热度。
再细细观察，今天很多滑雪场转变思路,摆脱了季节“魔咒”。同一片山坡,冬日可以滑雪，
夏日则能观景；同一架缆车，雪季运送滑雪者，暖季变身观光线。当发展的视野不再局限于单一
冰雪资源，而是顺应消费需求，创新供给，那么资源“闲置期”就转化为了发展“机遇期”。
从“一季养四季”到“四季皆旺季”，正是以认知升维实现资源再利用、打开发展新思路的一
个生动体现。换一个看待事物的方式,就可能会发现资源排列组合的新形式、生产要素之间的
新配置,从而产生新的发展思路、找到新的发展路径。
习近平总书记在浙江工作时科学阐释“地瓜经济”理论，深刻指出“必须跳出浙江发展浙
江，在大力引进各种要素的同时打到省外去、国外去，利用外部资源、外部市场实现更大的发
展”。以认知升维打开发展思路,正是一个跳出自身、着眼全局、从更大视野谋划发展思路的过
程。比如，风光电让西北戈壁滩成了优质发电场所，数字经济发展让西南山区变身数据中心，战
略思维,大局意识让我们可以重新认识自己的长板与短板,进而实现由短变长的蝶变。
局限我们发展的,不只是客观条件,更是主观思维。突破思维局限,从更高的维度、更长的
周期来看自身、看当下，从而更迅速地捕捉变化、更敏锐地发现趋势，我们定能在时代浪潮中找
到破局之道、发展良方,为中国经济高质量发展打开新空间。
摘编自《人民日报》（2025年8月18日）
（1）分析“不唯上、不唯书、只唯实”这一论断所蕴含的哲学原理。
限，从更高的维度、更长的周期来看自身、看当下”，这体现了怎样的思维能力?
CS
扫描全能王
40
3忆人都在用的扫描APP
@@@PAGE 41
2026 
考研政治终极预测4套卷（四）
35.结合材料回答问题：
材料 1
推动高质量发展，最重要是加快高水平科技自立自强，积极发展新质生产力，在推动科技创
新、加快培育新动能、促进经济结构优化升级上取得实质性、突破性进展。
摘自习近平《关于《中共中央关于制定国民经济和社会发展第十五个五年规划的建议》的说明》
材料 2
当今世界变乱交织。未来5年,我国发展面临的各种不确定难预料风险因素将明显增多，
统筹发展和安全任务更加艰巨。全会围绕推进国家安全体系和能力现代化，提出健全国家安全
体系，加强重点领域国家安全能力建设，提高公共安全治理水平，完善社会治理体系；围绕高质
量推进国防和军队现代化,提出加快先进战斗力建设,推进军事治理现代化,巩固提高一体化国
家战略体系和能力。认真学习、切实贯彻党的二十届四中全会精神，以历史主动精神克难关、战
风险、迎挑战,定能有效防范化解各类风险,增强经济和社会韧性。
摘编自《人民日报》（2025年10月30日）
（1）如何理解“推动高质量发展，最重要是加快高水平科技自立自强，积极发展新质生产力”？
（2）为什么要“坚持统筹发展和安全”？
36.结合材料回答问题：
材料 1
全面抗战初期，毛泽东同志指出：“一个政党要引导革命到胜利，必须依靠自己政治路线的
正确和组织上的巩固。”为此,他提出了“建设一个全国范围的、广大群众性的、思想上政治上组
织上完全巩固的布尔什维克化的中国共产党”的目标,并称之为“伟大的工程”。为了实现这一
目标，中国共产党坚持把马克思主义与中国具体实际相结合，在思想建设、组织建设、作风建设
等方面取得了丰硕成果。
摘编自《人民日报》（2025年8月25日）
材料 2
“用延安作风打败西安作风”一语，出自延安时期毛泽东同志与党内同志的一场经典谈话。
1940年秋,延安马列学院特地安排邓力群等四位同志前往杨家岭迎接毛泽东同志来作报告。
毛泽东同志得知来意之后摇摇手说“我们是共产党人就万万不能沾染官傣习气我们
要养成一种新的风气,延安作风。我们要用延安作风打败西安作风。”在毛泽东同志的谈话中，
“延安作风”是指清正廉洁、密切联系群众、理论联系实际等共产党作风，“西安作风”是指奢侈
浮华、贪图享乐、脱离群众等国民党作风。
摘编自《光明日报》（202
CS
扫描全能王
3亿人都在用的扫描APP
@@@PAGE 42
2026考研政治终极预测④套卷
习近平强调，当年毛泽东同志等老一革命家在延安，住窑洞、吃粗粮、穿布衣，用“延安作
风”打败了“西安作风”。全党同志要把老一辈苹命家和共产党人留下的光荣传统和优良作风
传承好发扬好，勇于推进党的自我革命，坚定不移推进全面从严治党，始终保持党的先进性和纯
洁性，确保党始终成为中国特色社会主义事业的坚强领导核心。
摘编自《人民日报》（2022年10月28日）
材料3
习近平总书记指出：“我们党团结带领人民取得了革命、建设、改革的伟大成就，很重要的
一条就是我们党在长期实践中培育并坚持了一整套光荣传统和优良作风。”党在长期实践中形
成并坚持发扬一整套优良作风,有力推动党的事业不断向前发展,这是党在长期实践中取得的
历史性成就,更是党百余年奋斗征程所积累的宝贵经验。
习近平总书记强调：“必须常抓不懈、久久为功，直至真正化风成俗，以优良党风引领社风
民风。要继续纠治享乐主义、奢靡之风,把握作风建设地区性、行业性、阶段性特点,抓住普遍发
生、反复出现的问题深化整治,推进作风建设常态化长效化。”
摘编自《人民日报》（2025年1月8日）
（1）联系党的建设“伟大的工程”，说明“延安作风”为什么能够打败“西安作风”。
（2）结合“党在长期实践中形成并坚持发扬一整套优良作风”，说明党的作风建设为什么“必须
常抓不邂、久久为功”。
37.结合材料回答问题：
材料 1
从大理苍洱大道的湖光山色，到重庆洪崖洞的璀璨夜景，从敦煌“飞天”的丝路风情，到古
城西安的盛唐气象,在许多热门景区,旅拍已成为旅行体验的“必选项”。这种新型旅游消费形
态，不仅成为连接游客与城市文化的纽带，而且成为展现地方特色民俗的重要窗口。
伴随着“旅拍热”持续升温，一些乱象也悄然滋生。一些游客为追求“出片效果”,不顾车流
在马路中央驻足、穿校，增添了安全隐患；还有商家把利益凌驾于规则之上，强行拉客、占道拍
摄、价格欺诈；社交平台上，部分商家为博眼球，随意混搭不同朝代服饰，导致审美畸形等现
象.诸多乱象让旅拍服务从“增色项”变成了“添堵项”，也不可避免地对地方文旅品牌产生
消极影响。
对美的追求不能突破安全红线，商业热情不能扰乱公共秩序，旅拍业的蓬勃发展，必须建立
在对游客权益的维护、对行业规范的遵守之上。唯有服务透明度与客户体验需求双重驱动，推
动旅拍服务走向标准化、规范化，在竞争市场中建立差异化优势，方能推动旅拍业态实现从量到
质的迭代升级。
摘编自《光明日报
CS
扫描全能王
42
3亿人都在用的扫描APP
@@@PAGE 43
2026 
考研政治终极预测4套卷（四）
材料 2
为深入学习贯彻习近平总书记关于注重家庭家教家风建设的重要论述，大力弘扬爱国爱
家、相亲相爱、向上向善、共建共享的社会主义家庭文明新风尚，中央宣传部、全国妇联向全社会
发布2025年“最美家庭”。
史瑞娟、黄丽丽、白根保、秦庭群、刘发英、徐乃超、南杰次仁、吴淑明、黄义、姚克礼等10户
家庭光荣入选2025年“最美家庭”。这些家庭厚植家国情怀、弘扬传统美德、传承优良家风，有
的无私奉献带动村民发展冰雪经济，有的矢志农业科研守护大国粮仓，有的弘扬优秀传统文化
传播文明新风，有的播撒爱心托举学子成长成才,有的扎根祖国边睡守护一方…他们重言传、
重身教,教知识、育品德，让美德在家庭中生根、在亲情中升华，引导家庭成员特别是下一代热爱
党、热爱祖国、热爱人民、热爱中华民族，在为家庭谋幸福、为他人送温暖、为社会作贡献的过程
中提高了精神境界,成就了人生梦想。
广大群众纷纷表示，家是最小国，国是千万家，家庭的命运同国家和民族的前途命运紧密相
连，要以“最美家庭”为榜样，自觉发扬光大中华民族传统美德，建设好家庭、涵养好家教、传承
好家风,把人生理想、家庭幸福融入强国建设、民族复兴的伟业之中，做新时代的追梦人。
摘编自新华网（2025年5月15日）
（1）为什么说“商业热情不能扰乱公共秋秩序”，旅拍业的勃发展必须建立在“对行业规范的逆
守之上”？
（2）评选·“最美家庭”，大力弘扬爱国爱家、相亲相爱、向上向善、共建共享的社会主义家庭文
明新风尚，对全社会弘扬和践行社会主义核心价值观有何重要意义？
38.结合材料回答问题：
材料 1
第八十届联合国大会一般性辩论正在纽约联合国总部举行。本届联大以“携手共进：促和
平、发展、人权八十载,继往开来，再谱新篇”为主题，在联合国成立80周年的历史节点，再次凸
显各国人民对和平发展的般切期盼、对公平正义的强烈呼声和对民主自由的坚定追求。
“和平、发展、公平、正义、民主、自由,是全人类的共同价值,也是联合国的崇高目标。”2015
年9月28日，习近平主席出席第七十届联合国大会一般性辩论并发表重要讲话，首次提出全人
类共同价值并阐释其基本内涵。此后，习近平主席多次强调要弘扬全人类共同价值，并围绕全
人类共同价值提出一系列新理念、新主张，为推动构建人类命运共同体、创造人类更加美好的未
来提供了强大思想引领。10年来,这一源自中国的重要理念，以其跨越国界、超越分歧的强大
感召力，凝聚了世界各国人民普遍认同的价值理念的最大公约数。
立天下之正位，行天下之大道。中国始终以人类前途为怀、以人民福为念，愿同各方一
道，坚定弘扬全人类共同价值，共同朝着构建人类命运共同体的崇高目标勇毅前行。
摘编自《人民日报》（2025
CS
扫描全能王
3亿人都在用的扫描APP
@@@PAGE 44
2026考研政治终极预测④套卷
材料 2
在各国命运休成与共的“地球村”时代，不同文明之间平等交流、互学互鉴,才能为人类破
解时代难题、实现共同发展提供强大的精神指引。近年来,世界中文大会、世界中国学大会、世
界汉学家大会等对话平台的吸引力、影响力不断扩大，日益成为中外语言互通之桥、理解互信之
桥、文明互鉴之桥。展望未来,中国将一如既往践行平等、互鉴、对话、包容的文明观,为不同文
明交流互鉴搭建平台、注入动能。
溯历史的源头才能理解现实的世界,循文化的根基才能辨识当今的中国,有文明的互鉴才
能实现共同的进步。期待更多国际学者与汉学结伴、和中国同行，践行全球文明倡议，推动各国
相互理解、相互尊重、相互信任,携手促进人类文明进步。
摘编自《人民日报》（2025年11月14日）
材料 3
5 月 12 日,中美日内瓦经贸会谈联合声明发布,双方承诺在采取相关举措后,将建立机制,
继续就经贸关系进行协商。5 月 14 日,美方取消了共计91%的加征关税,中方相应取消了 91%
的反制关税；美方暂停实施24%的“对等关税”，中方也相应暂停实施24%的反制关税。
“坦诚、深入、具有建设性”“取得实质性进展”,中美日内瓦经贸会谈达成重要共识,国际社
会高度关注。世界贸易组织总干事伊维拉发表声明称,在当前全球紧张的局势下,这一进展不
仅对中美两国非常重要,而且对世界其他国家,包括最脆弱的经济体,也至关重要。
习近平总书记指出，“要坚定不移办好自己的事,坚定不移扩大高水平对外开放”。
国际社会认为，中国堪称当今世界推动贸易和投资自由化便利化的最大旗手,是动荡世界
中的稳定力量。外国政要表示：“在单边主义引发世界局势动荡、多边贸易体系受到冲击的形
势下，中国发挥了领导作用，为世界提供了宝贵的稳定性。”
摘编自《人民日报》（2025年5月16日）
（1）为什么既要坚定弘扬全人类共同价值，又要尊重文明多样性？
（2）为什么说“中国堪称当今世界推动贸易和投资自由化便利化的最大旗手”？
CS
扫描全能王
44
3亿人都在用的扫描APP
